2025-06-04 21:17:09,218 : INFO : root : Loading config.
2025-06-04 21:17:09,451 : INFO : ConfigProcessor : Config spec file cache created: /tmp/config_spec.mpf_cache
2025-06-04 21:17:09,451 : INFO : YamlMultifileConfigLoader : Machine config file #1: config.yaml
2025-06-04 21:17:09,452 : INFO : ConfigProcessor : Loading config from file /home/pinpi/pinpi/lib/python3.11/site-packages/mpf/mpfconfig.yaml.
2025-06-04 21:17:09,496 : INFO : ConfigProcessor : Loading config: /home/pinpi/pinpi/lib/python3.11/site-packages/mpf/mpfconfig.yaml
2025-06-04 21:17:09,496 : INFO : ConfigProcessor : Loading config from file /home/pinpi/toedragons-pinball/config/config.yaml.
2025-06-04 21:17:09,509 : INFO : ConfigProcessor : Loading config: /home/pinpi/toedragons-pinball/config/config.yaml
2025-06-04 21:17:09,510 : INFO : ConfigProcessor : Config file cache created: /tmp/9121053a167b3a0609222a4623987891.mpf_cache
2025-06-04 21:17:09,654 : INFO : ConfigProcessor : Loading config from file /home/pinpi/pinpi/lib/python3.11/site-packages/mpf/modes/attract/config/attract.yaml.
2025-06-04 21:17:09,655 : INFO : ConfigProcessor : Loading config: /home/pinpi/pinpi/lib/python3.11/site-packages/mpf/modes/attract/config/attract.yaml
2025-06-04 21:17:09,656 : INFO : ConfigProcessor : Config file cache created: /tmp/66ef204c87633dc02ca3efd475778ed9.mpf_cache
2025-06-04 21:17:09,656 : INFO : ConfigProcessor : Loading config from file /home/pinpi/pinpi/lib/python3.11/site-packages/mpf/modes/game/config/game.yaml.
2025-06-04 21:17:09,658 : INFO : ConfigProcessor : Loading config: /home/pinpi/pinpi/lib/python3.11/site-packages/mpf/modes/game/config/game.yaml
2025-06-04 21:17:09,658 : INFO : ConfigProcessor : Config file cache created: /tmp/74f2825223a7abe8c76a0d15a1753cf2.mpf_cache
2025-06-04 21:17:09,658 : INFO : Machine : Mission Pinball Framework Core Engine v0.80.0.dev7
2025-06-04 21:17:09,658 : INFO : Machine : Command line arguments: {'no_load_cache': False, 'create_config_cache': True, 'bcp': False, 'configfile': ['config.yaml'], 'force_assets_load': False, 'platform_integration_test': False, 'jsonlogging': False, 'logfile': 'logs/2025-06-04-21-17-09-mpf-pinpi.log', 'pause': False, 'production': False, 'text_ui': True, 'loglevel': 15, 'consoleloglevel': 20, 'force_platform': None, 'syslog_address': None, 'full_logfile_path': '/home/pinpi/toedragons-pinball/logs/2025-06-04-21-17-09-mpf-pinpi.log'}
2025-06-04 21:17:09,658 : INFO : Machine : MPF path: /home/pinpi/pinpi/lib/python3.11/site-packages/mpf
2025-06-04 21:17:09,658 : INFO : Machine : Machine path: /home/pinpi/toedragons-pinball
2025-06-04 21:17:09,658 : INFO : Machine : Platform: linux
2025-06-04 21:17:09,658 : INFO : Machine : Python executable location: /home/pinpi/pinpi/bin/python
2025-06-04 21:17:09,659 : INFO : Machine : Python version: 3.11.2 (64-bit)
2025-06-04 21:17:09,659 : INFO : Machine : Initializing MPF...
2025-06-04 21:17:09,868 : INFO : FAST [NET] : Trying to connect to /dev/ttyAMA2 at 921600bps
2025-06-04 21:17:09,868 : INFO : FAST [NET] : Connected to /dev/ttyAMA2 at 921600bps
2025-06-04 21:17:09,870 : INFO : FAST [NET] : Connected to FP-CPU-2000 with firmware v02.26
2025-06-04 21:17:09,871 : INFO : FAST [NET] : Registered I/O Board 0: Model: FP-I/O-0024, Firmware: 01.10, Switches: 24, Drivers: 8
2025-06-04 21:17:09,872 : INFO : FAST [NET] : Registered I/O Board 1: Model: FP-I/O-0804, Firmware: 01.10, Switches: 8, Drivers: 4
2025-06-04 21:17:09,873 : INFO : FAST [NET] : Registered I/O Board 2: Model: FP-I/O-3208, Firmware: 01.10, Switches: 32, Drivers: 8
2025-06-04 21:17:09,874 : INFO : FAST [NET] : Registered I/O Board 3: Model: FP-I/O-0804, Firmware: 01.10, Switches: 8, Drivers: 4
2025-06-04 21:17:09,874 : INFO : EventManager : Event: ======'machine_var_credits_string'====== Args={'value': 'FREE PLAY', 'prev_value': None, 'change': True}
2025-06-04 21:17:09,901 : INFO : EventManager : Event: ======'machine_var_master_volume'====== Args={'value': 0.5, 'prev_value': None, 'change': True}
2025-06-04 21:17:09,901 : INFO : EventManager : Event: ======'machine_var_mpf_version'====== Args={'value': 'Mission Pinball Framework v0.80.0.dev7', 'prev_value': None, 'change': True}
2025-06-04 21:17:09,901 : INFO : EventManager : Event: ======'machine_var_mpf_extended_version'====== Args={'value': 'Mission Pinball Framework v0.80.0.dev7, Config version:6, Show version: 6, BCP version:1.1', 'prev_value': None, 'change': True}
2025-06-04 21:17:09,901 : INFO : EventManager : Event: ======'machine_var_python_version'====== Args={'value': '3.11.2', 'prev_value': None, 'change': True}
2025-06-04 21:17:09,902 : INFO : EventManager : Event: ======'machine_var_platform'====== Args={'value': 'Linux-6.6.51+rpt-rpi-2712-aarch64-with-glibc2.36', 'prev_value': None, 'change': True}
2025-06-04 21:17:09,902 : INFO : EventManager : Event: ======'machine_var_platform_system'====== Args={'value': 'Linux', 'prev_value': None, 'change': True}
2025-06-04 21:17:09,902 : INFO : EventManager : Event: ======'machine_var_platform_release'====== Args={'value': '6.6.51+rpt-rpi-2712', 'prev_value': None, 'change': True}
2025-06-04 21:17:09,902 : INFO : EventManager : Event: ======'machine_var_platform_version'====== Args={'value': '#1 SMP PREEMPT Debian 1:6.6.51-1+rpt3 (2024-10-08)', 'prev_value': None, 'change': True}
2025-06-04 21:17:09,902 : INFO : EventManager : Event: ======'machine_var_platform_machine'====== Args={'value': 'aarch64', 'prev_value': None, 'change': True}
2025-06-04 21:17:09,902 : INFO : EventManager : Event: ======'machine_var_log_file_path'====== Args={'value': '/home/pinpi/toedragons-pinball/logs/2025-06-04-21-17-09-mpf-pinpi.log', 'prev_value': None, 'change': True}
2025-06-04 21:17:09,902 : INFO : EventManager : Event: ======'init_phase_1'====== Args={}
2025-06-04 21:17:10,035 : INFO : SwitchController : <<<<<<< 's_left_flipper_eos' active >>>>>>>
2025-06-04 21:17:10,035 : INFO : EventManager : Event: ======'init_phase_2'====== Args={}
2025-06-04 21:17:10,035 : INFO : SwitchController : Found active switch: (40, [FAST Platform Interface]) <switch.s_left_flipper_eos>
2025-06-04 21:17:10,048 : INFO : EventManager : Event: ======'init_phase_3'====== Args={}
2025-06-04 21:17:10,050 : INFO : EventManager : Event: ======'init_phase_4'====== Args={}
2025-06-04 21:17:10,051 : INFO : EventManager : Event: ======'machine_var_audits_switches_s_right_slingshot'====== Args={'value': 0, 'prev_value': None, 'change': True}
2025-06-04 21:17:10,051 : INFO : EventManager : Event: ======'machine_var_audits_switches_s_right_flipper_eos'====== Args={'value': 0, 'prev_value': None, 'change': True}
2025-06-04 21:17:10,051 : INFO : EventManager : Event: ======'machine_var_audits_switches_s_start_button'====== Args={'value': 0, 'prev_value': None, 'change': True}
2025-06-04 21:17:10,051 : INFO : EventManager : Event: ======'machine_var_audits_switches_s_left_slingshot'====== Args={'value': 0, 'prev_value': None, 'change': True}
2025-06-04 21:17:10,051 : INFO : EventManager : Event: ======'machine_var_audits_switches_s_left_flipper'====== Args={'value': 0, 'prev_value': None, 'change': True}
2025-06-04 21:17:10,051 : INFO : EventManager : Event: ======'machine_var_audits_switches_s_right_flipper'====== Args={'value': 0, 'prev_value': None, 'change': True}
2025-06-04 21:17:10,051 : INFO : EventManager : Event: ======'machine_var_audits_switches_s_left_flipper_eos'====== Args={'value': 0, 'prev_value': None, 'change': True}
2025-06-04 21:17:10,052 : INFO : EventManager : Event: ======'machine_var_audits_events_game_started'====== Args={'value': 0, 'prev_value': None, 'change': True}
2025-06-04 21:17:10,052 : INFO : EventManager : Event: ======'machine_var_audits_events_game_ended'====== Args={'value': 0, 'prev_value': None, 'change': True}
2025-06-04 21:17:10,052 : INFO : EventManager : Event: ======'machine_var_audits_player_score'====== Args={'value': {'top': [], 'average': 0, 'total': 0}, 'prev_value': None, 'change': True}
2025-06-04 21:17:10,052 : INFO : EventManager : Event: ======'init_phase_5'====== Args={}
2025-06-04 21:17:10,052 : INFO : EventManager : Event: ======'init_done'====== Args={}
2025-06-04 21:17:10,052 : INFO : EventManager : Event: ======'machine_reset_phase_1'====== Args={}
2025-06-04 21:17:10,052 : INFO : EventManager : Event: ======'machine_reset_phase_2'====== Args={}
2025-06-04 21:17:10,052 : INFO : EventManager : Event: ======'machine_reset_phase_3'====== Args={}
2025-06-04 21:17:10,053 : INFO : EventManager : Event: ======'reset_complete'====== Args={}
2025-06-04 21:17:10,053 : INFO : EventManager : Event: ======'mode_attract_will_start'====== Args={}
2025-06-04 21:17:10,054 : INFO : EventManager : Event: ======'mode_attract_starting'====== Args={}
2025-06-04 21:17:10,054 : INFO : Mode.attract : Started. Priority: 10
2025-06-04 21:17:10,054 : INFO : EventManager : Event: ======'modes_active_modes_changed'====== Args={}
2025-06-04 21:17:10,054 : INFO : EventManager : Event: ======'mode_attract_started'====== Args={}
2025-06-04 21:17:10,054 : INFO : EventManager : Event: ======'collecting_balls_complete'====== Args={}
2025-06-04 21:17:10,054 : INFO : Machine : Starting the main run loop with active modes: [<Mode.attract>]
2025-06-04 21:17:16,886 : INFO : SwitchController : <<<<<<< 's_left_flipper' active >>>>>>>
2025-06-04 21:17:16,908 : INFO : SwitchController : <<<<<<< 's_left_flipper_eos' inactive >>>>>>>
2025-06-04 21:17:16,942 : INFO : SwitchController : <<<<<<< 's_left_flipper' inactive >>>>>>>
2025-06-04 21:17:16,985 : INFO : SwitchController : <<<<<<< 's_left_flipper_eos' active >>>>>>>
2025-06-04 21:17:18,736 : INFO : SwitchController : <<<<<<< 's_right_flipper' active >>>>>>>
2025-06-04 21:17:18,799 : INFO : SwitchController : <<<<<<< 's_right_flipper' inactive >>>>>>>
2025-06-04 21:17:19,091 : INFO : SwitchController : <<<<<<< 's_left_flipper' active >>>>>>>
2025-06-04 21:17:19,114 : INFO : SwitchController : <<<<<<< 's_left_flipper_eos' inactive >>>>>>>
2025-06-04 21:17:19,153 : INFO : SwitchController : <<<<<<< 's_left_flipper' inactive >>>>>>>
2025-06-04 21:17:19,196 : INFO : SwitchController : <<<<<<< 's_left_flipper_eos' active >>>>>>>
2025-06-04 21:17:19,286 : INFO : SwitchController : <<<<<<< 's_right_flipper' active >>>>>>>
2025-06-04 21:17:19,336 : INFO : SwitchController : <<<<<<< 's_right_flipper' inactive >>>>>>>
2025-06-04 21:17:21,528 : INFO : SwitchController : <<<<<<< 's_start_button' active >>>>>>>
2025-06-04 21:17:21,528 : INFO : EventManager : Event: ======'playfield_active'====== Args={'source': 'ac_ball_trough'}
2025-06-04 21:17:21,528 : INFO : EventManager : Event: ======'unexpected_ball_on_playfield'====== Args={}
2025-06-04 21:17:21,528 : INFO : EventManager : Event: ======'playfield_active'====== Args={'source': 'ac_auto_plunger'}
2025-06-04 21:17:21,528 : INFO : EventManager : Event: ======'unexpected_ball_on_playfield'====== Args={}
2025-06-04 21:17:21,651 : INFO : SwitchController : <<<<<<< 's_start_button' inactive >>>>>>>
2025-06-04 21:17:30,541 : INFO : SwitchController : <<<<<<< 's_start_button' active >>>>>>>
2025-06-04 21:17:30,541 : INFO : EventManager : Event: ======'playfield_active'====== Args={'source': 'ac_ball_trough'}
2025-06-04 21:17:30,542 : INFO : EventManager : Event: ======'unexpected_ball_on_playfield'====== Args={}
2025-06-04 21:17:30,542 : INFO : EventManager : Event: ======'playfield_active'====== Args={'source': 'ac_auto_plunger'}
2025-06-04 21:17:30,542 : INFO : EventManager : Event: ======'unexpected_ball_on_playfield'====== Args={}
2025-06-04 21:17:30,634 : INFO : SwitchController : <<<<<<< 's_start_button' inactive >>>>>>>
2025-06-04 21:17:31,786 : INFO : SwitchController : <<<<<<< 's_start_button' active >>>>>>>
2025-06-04 21:17:31,787 : INFO : EventManager : Event: ======'playfield_active'====== Args={'source': 'ac_ball_trough'}
2025-06-04 21:17:31,787 : INFO : EventManager : Event: ======'unexpected_ball_on_playfield'====== Args={}
2025-06-04 21:17:31,787 : INFO : EventManager : Event: ======'playfield_active'====== Args={'source': 'ac_auto_plunger'}
2025-06-04 21:17:31,787 : INFO : EventManager : Event: ======'unexpected_ball_on_playfield'====== Args={}
2025-06-04 21:17:31,865 : INFO : SwitchController : <<<<<<< 's_start_button' inactive >>>>>>>
2025-06-04 21:17:33,412 : INFO : SwitchController : <<<<<<< 's_right_flipper' active >>>>>>>
2025-06-04 21:17:33,494 : INFO : SwitchController : <<<<<<< 's_right_flipper' inactive >>>>>>>
2025-06-04 21:17:35,630 : INFO : SwitchController : <<<<<<< 's_left_flipper' active >>>>>>>
2025-06-04 21:17:35,653 : INFO : SwitchController : <<<<<<< 's_left_flipper_eos' inactive >>>>>>>
2025-06-04 21:17:35,753 : INFO : SwitchController : <<<<<<< 's_left_flipper' inactive >>>>>>>
2025-06-04 21:17:35,796 : INFO : SwitchController : <<<<<<< 's_left_flipper_eos' active >>>>>>>
2025-06-04 21:17:36,310 : INFO : SwitchController : <<<<<<< 's_left_flipper' active >>>>>>>
2025-06-04 21:17:36,334 : INFO : SwitchController : <<<<<<< 's_left_flipper_eos' inactive >>>>>>>
2025-06-04 21:17:36,369 : INFO : SwitchController : <<<<<<< 's_right_flipper_eos' active >>>>>>>
2025-06-04 21:17:36,436 : INFO : SwitchController : <<<<<<< 's_left_flipper' inactive >>>>>>>
2025-06-04 21:17:36,481 : INFO : SwitchController : <<<<<<< 's_left_flipper_eos' active >>>>>>>
2025-06-04 21:17:36,523 : INFO : SwitchController : <<<<<<< 's_right_flipper_eos' inactive >>>>>>>
2025-06-04 21:17:39,935 : INFO : SwitchController : <<<<<<< 's_right_flipper_eos' active >>>>>>>
2025-06-04 21:17:39,954 : INFO : SwitchController : <<<<<<< 's_right_flipper_eos' inactive >>>>>>>
2025-06-04 21:20:43,281 : INFO : SwitchController : <<<<<<< 's_start_button' active >>>>>>>
2025-06-04 21:20:43,281 : INFO : EventManager : Event: ======'playfield_active'====== Args={'source': 'ac_ball_trough'}
2025-06-04 21:20:43,281 : INFO : EventManager : Event: ======'unexpected_ball_on_playfield'====== Args={}
2025-06-04 21:20:43,281 : INFO : EventManager : Event: ======'playfield_active'====== Args={'source': 'ac_auto_plunger'}
2025-06-04 21:20:43,281 : INFO : EventManager : Event: ======'unexpected_ball_on_playfield'====== Args={}
2025-06-04 21:20:43,397 : INFO : SwitchController : <<<<<<< 's_start_button' inactive >>>>>>>
2025-06-04 21:20:45,124 : INFO : SwitchController : <<<<<<< 's_start_button' active >>>>>>>
2025-06-04 21:20:45,124 : INFO : EventManager : Event: ======'playfield_active'====== Args={'source': 'ac_ball_trough'}
2025-06-04 21:20:45,124 : INFO : EventManager : Event: ======'unexpected_ball_on_playfield'====== Args={}
2025-06-04 21:20:45,124 : INFO : EventManager : Event: ======'playfield_active'====== Args={'source': 'ac_auto_plunger'}
2025-06-04 21:20:45,124 : INFO : EventManager : Event: ======'unexpected_ball_on_playfield'====== Args={}
2025-06-04 21:20:45,217 : INFO : SwitchController : <<<<<<< 's_start_button' inactive >>>>>>>
2025-06-04 21:20:59,239 : INFO : SwitchController : <<<<<<< 's_start_button' active >>>>>>>
2025-06-04 21:20:59,239 : INFO : EventManager : Event: ======'playfield_active'====== Args={'source': 'ac_ball_trough'}
2025-06-04 21:20:59,239 : INFO : EventManager : Event: ======'unexpected_ball_on_playfield'====== Args={}
2025-06-04 21:20:59,239 : INFO : EventManager : Event: ======'playfield_active'====== Args={'source': 'ac_auto_plunger'}
2025-06-04 21:20:59,239 : INFO : EventManager : Event: ======'unexpected_ball_on_playfield'====== Args={}
2025-06-04 21:20:59,371 : INFO : SwitchController : <<<<<<< 's_start_button' inactive >>>>>>>
2025-06-04 21:21:03,990 : INFO : SwitchController : <<<<<<< 's_start_button' active >>>>>>>
2025-06-04 21:21:03,990 : INFO : EventManager : Event: ======'playfield_active'====== Args={'source': 'ac_ball_trough'}
2025-06-04 21:21:03,990 : INFO : EventManager : Event: ======'unexpected_ball_on_playfield'====== Args={}
2025-06-04 21:21:03,990 : INFO : EventManager : Event: ======'playfield_active'====== Args={'source': 'ac_auto_plunger'}
2025-06-04 21:21:03,990 : INFO : EventManager : Event: ======'unexpected_ball_on_playfield'====== Args={}
2025-06-04 21:21:04,166 : INFO : SwitchController : <<<<<<< 's_start_button' inactive >>>>>>>
2025-06-04 21:21:07,951 : INFO : SwitchController : <<<<<<< 's_start_button' active >>>>>>>
2025-06-04 21:21:07,951 : INFO : EventManager : Event: ======'playfield_active'====== Args={'source': 'ac_ball_trough'}
2025-06-04 21:21:07,951 : INFO : EventManager : Event: ======'unexpected_ball_on_playfield'====== Args={}
2025-06-04 21:21:07,951 : INFO : EventManager : Event: ======'playfield_active'====== Args={'source': 'ac_auto_plunger'}
2025-06-04 21:21:07,951 : INFO : EventManager : Event: ======'unexpected_ball_on_playfield'====== Args={}
2025-06-04 21:21:08,117 : INFO : SwitchController : <<<<<<< 's_start_button' inactive >>>>>>>
2025-06-04 21:21:09,897 : INFO : SwitchController : <<<<<<< 's_start_button' active >>>>>>>
2025-06-04 21:21:09,897 : INFO : EventManager : Event: ======'playfield_active'====== Args={'source': 'ac_ball_trough'}
2025-06-04 21:21:09,897 : INFO : EventManager : Event: ======'unexpected_ball_on_playfield'====== Args={}
2025-06-04 21:21:09,898 : INFO : EventManager : Event: ======'playfield_active'====== Args={'source': 'ac_auto_plunger'}
2025-06-04 21:21:09,898 : INFO : EventManager : Event: ======'unexpected_ball_on_playfield'====== Args={}
2025-06-04 21:21:10,092 : INFO : SwitchController : <<<<<<< 's_start_button' inactive >>>>>>>
2025-06-04 21:21:11,423 : INFO : SwitchController : <<<<<<< 's_start_button' active >>>>>>>
2025-06-04 21:21:11,423 : INFO : EventManager : Event: ======'playfield_active'====== Args={'source': 'ac_ball_trough'}
2025-06-04 21:21:11,423 : INFO : EventManager : Event: ======'unexpected_ball_on_playfield'====== Args={}
2025-06-04 21:21:11,423 : INFO : EventManager : Event: ======'playfield_active'====== Args={'source': 'ac_auto_plunger'}
2025-06-04 21:21:11,423 : INFO : EventManager : Event: ======'unexpected_ball_on_playfield'====== Args={}
2025-06-04 21:21:11,561 : INFO : SwitchController : <<<<<<< 's_start_button' inactive >>>>>>>
2025-06-04 21:21:41,734 : INFO : SwitchController : <<<<<<< 's_start_button' active >>>>>>>
2025-06-04 21:21:41,734 : INFO : EventManager : Event: ======'playfield_active'====== Args={'source': 'ac_ball_trough'}
2025-06-04 21:21:41,734 : INFO : EventManager : Event: ======'unexpected_ball_on_playfield'====== Args={}
2025-06-04 21:21:41,734 : INFO : EventManager : Event: ======'playfield_active'====== Args={'source': 'ac_auto_plunger'}
2025-06-04 21:21:41,734 : INFO : EventManager : Event: ======'unexpected_ball_on_playfield'====== Args={}
2025-06-04 21:21:41,852 : INFO : SwitchController : <<<<<<< 's_start_button' inactive >>>>>>>
2025-06-04 21:21:45,726 : INFO : SwitchController : <<<<<<< 's_start_button' active >>>>>>>
2025-06-04 21:21:45,726 : INFO : EventManager : Event: ======'playfield_active'====== Args={'source': 'ac_ball_trough'}
2025-06-04 21:21:45,726 : INFO : EventManager : Event: ======'unexpected_ball_on_playfield'====== Args={}
2025-06-04 21:21:45,726 : INFO : EventManager : Event: ======'playfield_active'====== Args={'source': 'ac_auto_plunger'}
2025-06-04 21:21:45,726 : INFO : EventManager : Event: ======'unexpected_ball_on_playfield'====== Args={}
2025-06-04 21:21:45,850 : INFO : SwitchController : <<<<<<< 's_start_button' inactive >>>>>>>
2025-06-04 21:21:47,645 : INFO : SwitchController : <<<<<<< 's_right_flipper' active >>>>>>>
2025-06-04 21:21:47,793 : INFO : SwitchController : <<<<<<< 's_right_flipper' inactive >>>>>>>
2025-06-04 21:21:47,874 : INFO : SwitchController : <<<<<<< 's_left_flipper' active >>>>>>>
2025-06-04 21:21:47,900 : INFO : SwitchController : <<<<<<< 's_left_flipper_eos' inactive >>>>>>>
2025-06-04 21:21:48,006 : INFO : SwitchController : <<<<<<< 's_left_flipper' inactive >>>>>>>
2025-06-04 21:21:48,049 : INFO : SwitchController : <<<<<<< 's_left_flipper_eos' active >>>>>>>
2025-06-04 21:21:52,927 : INFO : SwitchController : <<<<<<< 's_start_button' active >>>>>>>
2025-06-04 21:21:52,927 : INFO : EventManager : Event: ======'playfield_active'====== Args={'source': 'ac_ball_trough'}
2025-06-04 21:21:52,927 : INFO : EventManager : Event: ======'unexpected_ball_on_playfield'====== Args={}
2025-06-04 21:21:52,927 : INFO : EventManager : Event: ======'playfield_active'====== Args={'source': 'ac_auto_plunger'}
2025-06-04 21:21:52,927 : INFO : EventManager : Event: ======'unexpected_ball_on_playfield'====== Args={}
2025-06-04 21:21:53,047 : INFO : SwitchController : <<<<<<< 's_start_button' inactive >>>>>>>
2025-06-04 21:21:55,044 : INFO : SwitchController : <<<<<<< 's_start_button' active >>>>>>>
2025-06-04 21:21:55,044 : INFO : EventManager : Event: ======'playfield_active'====== Args={'source': 'ac_ball_trough'}
2025-06-04 21:21:55,044 : INFO : EventManager : Event: ======'unexpected_ball_on_playfield'====== Args={}
2025-06-04 21:21:55,044 : INFO : EventManager : Event: ======'playfield_active'====== Args={'source': 'ac_auto_plunger'}
2025-06-04 21:21:55,044 : INFO : EventManager : Event: ======'unexpected_ball_on_playfield'====== Args={}
2025-06-04 21:21:55,154 : INFO : SwitchController : <<<<<<< 's_start_button' inactive >>>>>>>
2025-06-04 21:21:55,387 : INFO : SwitchController : <<<<<<< 's_right_flipper_eos' active >>>>>>>
2025-06-04 21:21:58,357 : INFO : SwitchController : <<<<<<< 's_right_flipper' active >>>>>>>
2025-06-04 21:21:58,384 : INFO : SwitchController : <<<<<<< 's_right_flipper_eos' inactive >>>>>>>
2025-06-04 21:21:58,390 : INFO : SwitchController : <<<<<<< 's_right_flipper_eos' active >>>>>>>
2025-06-04 21:21:58,398 : INFO : SwitchController : <<<<<<< 's_right_flipper_eos' inactive >>>>>>>
2025-06-04 21:21:58,482 : INFO : SwitchController : <<<<<<< 's_right_flipper' inactive >>>>>>>
2025-06-04 21:22:00,954 : INFO : SwitchController : <<<<<<< 's_left_flipper' active >>>>>>>
2025-06-04 21:22:00,992 : INFO : SwitchController : <<<<<<< 's_left_flipper_eos' inactive >>>>>>>
2025-06-04 21:22:01,108 : INFO : SwitchController : <<<<<<< 's_left_flipper' inactive >>>>>>>
2025-06-04 21:22:01,151 : INFO : SwitchController : <<<<<<< 's_left_flipper_eos' active >>>>>>>
2025-06-04 21:22:02,283 : INFO : SwitchController : <<<<<<< 's_left_flipper' active >>>>>>>
2025-06-04 21:22:02,306 : INFO : SwitchController : <<<<<<< 's_left_flipper_eos' inactive >>>>>>>
2025-06-04 21:22:02,331 : INFO : SwitchController : <<<<<<< 's_right_flipper_eos' active >>>>>>>
2025-06-04 21:22:02,413 : INFO : SwitchController : <<<<<<< 's_left_flipper' inactive >>>>>>>
2025-06-04 21:22:02,456 : INFO : SwitchController : <<<<<<< 's_left_flipper_eos' active >>>>>>>
2025-06-04 21:22:03,733 : INFO : SwitchController : <<<<<<< 's_right_flipper' active >>>>>>>
2025-06-04 21:22:03,763 : INFO : SwitchController : <<<<<<< 's_right_flipper_eos' inactive >>>>>>>
2025-06-04 21:22:03,868 : INFO : SwitchController : <<<<<<< 's_right_flipper' inactive >>>>>>>
2025-06-04 21:22:05,274 : INFO : SwitchController : <<<<<<< 's_right_flipper' active >>>>>>>
2025-06-04 21:22:05,444 : INFO : SwitchController : <<<<<<< 's_right_flipper' inactive >>>>>>>
2025-06-04 21:23:04,198 : INFO : SwitchController : <<<<<<< 's_start_button' active >>>>>>>
2025-06-04 21:23:04,199 : INFO : EventManager : Event: ======'playfield_active'====== Args={'source': 'ac_ball_trough'}
2025-06-04 21:23:04,199 : INFO : EventManager : Event: ======'unexpected_ball_on_playfield'====== Args={}
2025-06-04 21:23:04,199 : INFO : EventManager : Event: ======'playfield_active'====== Args={'source': 'ac_auto_plunger'}
2025-06-04 21:23:04,199 : INFO : EventManager : Event: ======'unexpected_ball_on_playfield'====== Args={}
2025-06-04 21:23:04,322 : INFO : SwitchController : <<<<<<< 's_start_button' inactive >>>>>>>
2025-06-04 21:23:05,191 : INFO : SwitchController : <<<<<<< 's_start_button' active >>>>>>>
2025-06-04 21:23:05,191 : INFO : EventManager : Event: ======'playfield_active'====== Args={'source': 'ac_ball_trough'}
2025-06-04 21:23:05,191 : INFO : EventManager : Event: ======'unexpected_ball_on_playfield'====== Args={}
2025-06-04 21:23:05,192 : INFO : EventManager : Event: ======'playfield_active'====== Args={'source': 'ac_auto_plunger'}
2025-06-04 21:23:05,192 : INFO : EventManager : Event: ======'unexpected_ball_on_playfield'====== Args={}
2025-06-04 21:23:05,299 : INFO : SwitchController : <<<<<<< 's_start_button' inactive >>>>>>>
2025-06-04 21:23:12,135 : INFO : SwitchController : <<<<<<< 's_left_slingshot' active >>>>>>>
2025-06-04 21:23:12,135 : INFO : EventManager : Event: ======'playfield_active'====== Args={'source': 'ac_left_slingshot'}
2025-06-04 21:23:12,135 : INFO : EventManager : Event: ======'unexpected_ball_on_playfield'====== Args={}
2025-06-04 21:23:12,148 : INFO : SwitchController : <<<<<<< 's_left_slingshot' inactive >>>>>>>
2025-06-04 21:23:15,949 : INFO : SwitchController : <<<<<<< 's_right_flipper' active >>>>>>>
2025-06-04 21:23:16,068 : INFO : SwitchController : <<<<<<< 's_right_flipper' inactive >>>>>>>
2025-06-04 21:23:17,207 : INFO : SwitchController : <<<<<<< 's_right_flipper' active >>>>>>>
2025-06-04 21:23:17,314 : INFO : SwitchController : <<<<<<< 's_right_flipper' inactive >>>>>>>
2025-06-04 21:23:18,886 : INFO : SwitchController : <<<<<<< 's_left_flipper' active >>>>>>>
2025-06-04 21:23:18,909 : INFO : SwitchController : <<<<<<< 's_left_flipper_eos' inactive >>>>>>>
2025-06-04 21:23:19,007 : INFO : SwitchController : <<<<<<< 's_left_flipper' inactive >>>>>>>
2025-06-04 21:23:19,050 : INFO : SwitchController : <<<<<<< 's_left_flipper_eos' active >>>>>>>
2025-06-04 21:23:19,398 : INFO : SwitchController : <<<<<<< 's_left_flipper' active >>>>>>>
2025-06-04 21:23:19,421 : INFO : SwitchController : <<<<<<< 's_left_flipper_eos' inactive >>>>>>>
2025-06-04 21:23:19,512 : INFO : SwitchController : <<<<<<< 's_left_flipper' inactive >>>>>>>
2025-06-04 21:23:19,556 : INFO : SwitchController : <<<<<<< 's_left_flipper_eos' active >>>>>>>
2025-06-04 21:23:20,247 : INFO : SwitchController : <<<<<<< 's_left_flipper' active >>>>>>>
2025-06-04 21:23:20,275 : INFO : SwitchController : <<<<<<< 's_left_flipper_eos' inactive >>>>>>>
2025-06-04 21:23:20,362 : INFO : SwitchController : <<<<<<< 's_left_flipper' inactive >>>>>>>
2025-06-04 21:23:20,402 : INFO : SwitchController : <<<<<<< 's_left_flipper_eos' active >>>>>>>
2025-06-04 21:23:24,864 : INFO : SwitchController : <<<<<<< 's_right_flipper' active >>>>>>>
2025-06-04 21:23:24,985 : INFO : SwitchController : <<<<<<< 's_right_flipper' inactive >>>>>>>
2025-06-04 21:23:26,425 : INFO : SwitchController : <<<<<<< 's_left_flipper' active >>>>>>>
2025-06-04 21:23:26,448 : INFO : SwitchController : <<<<<<< 's_left_flipper_eos' inactive >>>>>>>
2025-06-04 21:23:26,535 : INFO : SwitchController : <<<<<<< 's_left_flipper' inactive >>>>>>>
2025-06-04 21:23:26,580 : INFO : SwitchController : <<<<<<< 's_left_flipper_eos' active >>>>>>>
2025-06-04 21:23:28,242 : INFO : SwitchController : <<<<<<< 's_left_flipper' active >>>>>>>
2025-06-04 21:23:28,265 : INFO : SwitchController : <<<<<<< 's_left_flipper_eos' inactive >>>>>>>
2025-06-04 21:23:28,333 : INFO : SwitchController : <<<<<<< 's_left_flipper' inactive >>>>>>>
2025-06-04 21:23:28,378 : INFO : SwitchController : <<<<<<< 's_left_flipper_eos' active >>>>>>>
2025-06-04 21:23:29,711 : INFO : SwitchController : <<<<<<< 's_left_flipper' active >>>>>>>
2025-06-04 21:23:29,743 : INFO : SwitchController : <<<<<<< 's_left_flipper_eos' inactive >>>>>>>
2025-06-04 21:23:29,792 : INFO : SwitchController : <<<<<<< 's_left_flipper' inactive >>>>>>>
2025-06-04 21:23:29,834 : INFO : SwitchController : <<<<<<< 's_left_flipper_eos' active >>>>>>>
2025-06-04 21:23:31,993 : INFO : SwitchController : <<<<<<< 's_left_flipper' active >>>>>>>
2025-06-04 21:23:32,027 : INFO : SwitchController : <<<<<<< 's_left_flipper_eos' inactive >>>>>>>
2025-06-04 21:23:32,074 : INFO : SwitchController : <<<<<<< 's_left_flipper' inactive >>>>>>>
2025-06-04 21:23:32,113 : INFO : SwitchController : <<<<<<< 's_left_flipper_eos' active >>>>>>>
2025-06-04 21:23:33,585 : INFO : SwitchController : <<<<<<< 's_left_flipper' active >>>>>>>
2025-06-04 21:23:33,620 : INFO : SwitchController : <<<<<<< 's_left_flipper_eos' inactive >>>>>>>
2025-06-04 21:23:33,717 : INFO : SwitchController : <<<<<<< 's_left_flipper' inactive >>>>>>>
2025-06-04 21:23:33,763 : INFO : SwitchController : <<<<<<< 's_left_flipper_eos' active >>>>>>>
2025-06-04 21:23:39,409 : INFO : SwitchController : <<<<<<< 's_start_button' active >>>>>>>
2025-06-04 21:23:39,409 : INFO : EventManager : Event: ======'playfield_active'====== Args={'source': 'ac_ball_trough'}
2025-06-04 21:23:39,409 : INFO : EventManager : Event: ======'unexpected_ball_on_playfield'====== Args={}
2025-06-04 21:23:39,409 : INFO : EventManager : Event: ======'playfield_active'====== Args={'source': 'ac_auto_plunger'}
2025-06-04 21:23:39,409 : INFO : EventManager : Event: ======'unexpected_ball_on_playfield'====== Args={}
2025-06-04 21:23:39,445 : INFO : SwitchController : <<<<<<< 's_right_flipper_eos' active >>>>>>>
2025-06-04 21:23:39,450 : INFO : SwitchController : <<<<<<< 's_right_flipper_eos' inactive >>>>>>>
2025-06-04 21:23:39,536 : INFO : SwitchController : <<<<<<< 's_start_button' inactive >>>>>>>
2025-06-04 21:23:40,437 : INFO : SwitchController : <<<<<<< 's_start_button' active >>>>>>>
2025-06-04 21:23:40,437 : INFO : EventManager : Event: ======'playfield_active'====== Args={'source': 'ac_ball_trough'}
2025-06-04 21:23:40,437 : INFO : EventManager : Event: ======'unexpected_ball_on_playfield'====== Args={}
2025-06-04 21:23:40,437 : INFO : EventManager : Event: ======'playfield_active'====== Args={'source': 'ac_auto_plunger'}
2025-06-04 21:23:40,437 : INFO : EventManager : Event: ======'unexpected_ball_on_playfield'====== Args={}
2025-06-04 21:23:40,561 : INFO : SwitchController : <<<<<<< 's_start_button' inactive >>>>>>>
2025-06-04 21:23:43,340 : INFO : SwitchController : <<<<<<< 's_right_flipper' active >>>>>>>
2025-06-04 21:23:43,474 : INFO : SwitchController : <<<<<<< 's_right_flipper' inactive >>>>>>>
2025-06-04 21:23:44,800 : INFO : SwitchController : <<<<<<< 's_left_flipper' active >>>>>>>
2025-06-04 21:23:44,824 : INFO : SwitchController : <<<<<<< 's_left_flipper_eos' inactive >>>>>>>
2025-06-04 21:23:44,969 : INFO : SwitchController : <<<<<<< 's_left_flipper' inactive >>>>>>>
2025-06-04 21:23:45,013 : INFO : SwitchController : <<<<<<< 's_left_flipper_eos' active >>>>>>>
2025-06-04 21:23:48,374 : INFO : SwitchController : <<<<<<< 's_left_flipper' active >>>>>>>
2025-06-04 21:23:48,411 : INFO : SwitchController : <<<<<<< 's_left_flipper_eos' inactive >>>>>>>
2025-06-04 21:23:48,481 : INFO : SwitchController : <<<<<<< 's_left_flipper' inactive >>>>>>>
2025-06-04 21:23:48,526 : INFO : SwitchController : <<<<<<< 's_left_flipper_eos' active >>>>>>>
2025-06-04 21:23:50,196 : INFO : SwitchController : <<<<<<< 's_right_flipper' active >>>>>>>
2025-06-04 21:23:50,328 : INFO : SwitchController : <<<<<<< 's_right_flipper' inactive >>>>>>>
2025-06-04 21:23:52,215 : INFO : SwitchController : <<<<<<< 's_start_button' active >>>>>>>
2025-06-04 21:23:52,215 : INFO : EventManager : Event: ======'playfield_active'====== Args={'source': 'ac_ball_trough'}
2025-06-04 21:23:52,215 : INFO : EventManager : Event: ======'unexpected_ball_on_playfield'====== Args={}
2025-06-04 21:23:52,215 : INFO : EventManager : Event: ======'playfield_active'====== Args={'source': 'ac_auto_plunger'}
2025-06-04 21:23:52,215 : INFO : EventManager : Event: ======'unexpected_ball_on_playfield'====== Args={}
2025-06-04 21:23:52,303 : INFO : SwitchController : <<<<<<< 's_start_button' inactive >>>>>>>
2025-06-04 21:24:05,907 : INFO : SwitchController : <<<<<<< 's_start_button' active >>>>>>>
2025-06-04 21:24:05,907 : INFO : EventManager : Event: ======'playfield_active'====== Args={'source': 'ac_ball_trough'}
2025-06-04 21:24:05,907 : INFO : EventManager : Event: ======'unexpected_ball_on_playfield'====== Args={}
2025-06-04 21:24:05,907 : INFO : EventManager : Event: ======'playfield_active'====== Args={'source': 'ac_auto_plunger'}
2025-06-04 21:24:05,908 : INFO : EventManager : Event: ======'unexpected_ball_on_playfield'====== Args={}
2025-06-04 21:24:06,043 : INFO : SwitchController : <<<<<<< 's_start_button' inactive >>>>>>>
2025-06-04 21:24:06,916 : INFO : SwitchController : <<<<<<< 's_start_button' active >>>>>>>
2025-06-04 21:24:06,916 : INFO : EventManager : Event: ======'playfield_active'====== Args={'source': 'ac_ball_trough'}
2025-06-04 21:24:06,916 : INFO : EventManager : Event: ======'unexpected_ball_on_playfield'====== Args={}
2025-06-04 21:24:06,917 : INFO : EventManager : Event: ======'playfield_active'====== Args={'source': 'ac_auto_plunger'}
2025-06-04 21:24:06,917 : INFO : EventManager : Event: ======'unexpected_ball_on_playfield'====== Args={}
2025-06-04 21:24:07,025 : INFO : SwitchController : <<<<<<< 's_start_button' inactive >>>>>>>
2025-06-04 21:24:08,939 : INFO : SwitchController : <<<<<<< 's_start_button' active >>>>>>>
2025-06-04 21:24:08,939 : INFO : EventManager : Event: ======'playfield_active'====== Args={'source': 'ac_ball_trough'}
2025-06-04 21:24:08,940 : INFO : EventManager : Event: ======'unexpected_ball_on_playfield'====== Args={}
2025-06-04 21:24:08,940 : INFO : EventManager : Event: ======'playfield_active'====== Args={'source': 'ac_auto_plunger'}
2025-06-04 21:24:08,940 : INFO : EventManager : Event: ======'unexpected_ball_on_playfield'====== Args={}
2025-06-04 21:24:09,079 : INFO : SwitchController : <<<<<<< 's_start_button' inactive >>>>>>>
2025-06-04 21:24:11,321 : INFO : SwitchController : <<<<<<< 's_start_button' active >>>>>>>
2025-06-04 21:24:11,321 : INFO : EventManager : Event: ======'playfield_active'====== Args={'source': 'ac_ball_trough'}
2025-06-04 21:24:11,321 : INFO : EventManager : Event: ======'unexpected_ball_on_playfield'====== Args={}
2025-06-04 21:24:11,321 : INFO : EventManager : Event: ======'playfield_active'====== Args={'source': 'ac_auto_plunger'}
2025-06-04 21:24:11,321 : INFO : EventManager : Event: ======'unexpected_ball_on_playfield'====== Args={}
2025-06-04 21:24:11,441 : INFO : SwitchController : <<<<<<< 's_start_button' inactive >>>>>>>
2025-06-04 21:24:15,345 : INFO : SwitchController : <<<<<<< 's_right_flipper' active >>>>>>>
2025-06-04 21:24:15,453 : INFO : SwitchController : <<<<<<< 's_right_flipper' inactive >>>>>>>
2025-06-04 21:24:16,890 : INFO : SwitchController : <<<<<<< 's_left_flipper' active >>>>>>>
2025-06-04 21:24:16,935 : INFO : SwitchController : <<<<<<< 's_left_flipper_eos' inactive >>>>>>>
2025-06-04 21:24:16,980 : INFO : SwitchController : <<<<<<< 's_left_flipper' inactive >>>>>>>
2025-06-04 21:24:17,020 : INFO : SwitchController : <<<<<<< 's_left_flipper_eos' active >>>>>>>
2025-06-04 21:24:21,196 : INFO : SwitchController : <<<<<<< 's_left_flipper' active >>>>>>>
2025-06-04 21:24:21,219 : INFO : SwitchController : <<<<<<< 's_left_flipper_eos' inactive >>>>>>>
2025-06-04 21:24:21,304 : INFO : SwitchController : <<<<<<< 's_left_flipper' inactive >>>>>>>
2025-06-04 21:24:21,348 : INFO : SwitchController : <<<<<<< 's_left_flipper_eos' active >>>>>>>
2025-06-04 21:24:21,383 : INFO : SwitchController : <<<<<<< 's_right_flipper_eos' active >>>>>>>
2025-06-04 21:24:25,623 : INFO : SwitchController : <<<<<<< 's_left_flipper' active >>>>>>>
2025-06-04 21:24:25,650 : INFO : SwitchController : <<<<<<< 's_left_flipper_eos' inactive >>>>>>>
2025-06-04 21:24:25,656 : INFO : SwitchController : <<<<<<< 's_right_flipper_eos' inactive >>>>>>>
2025-06-04 21:24:25,676 : INFO : SwitchController : <<<<<<< 's_right_flipper_eos' active >>>>>>>
2025-06-04 21:24:25,765 : INFO : SwitchController : <<<<<<< 's_left_flipper' inactive >>>>>>>
2025-06-04 21:24:25,808 : INFO : SwitchController : <<<<<<< 's_left_flipper_eos' active >>>>>>>
2025-06-04 21:24:29,400 : INFO : SwitchController : <<<<<<< 's_left_flipper' active >>>>>>>
2025-06-04 21:24:29,429 : INFO : SwitchController : <<<<<<< 's_left_flipper_eos' inactive >>>>>>>
2025-06-04 21:24:29,430 : INFO : SwitchController : <<<<<<< 's_right_flipper_eos' inactive >>>>>>>
2025-06-04 21:24:29,451 : INFO : SwitchController : <<<<<<< 's_right_flipper_eos' active >>>>>>>
2025-06-04 21:24:29,484 : INFO : SwitchController : <<<<<<< 's_left_flipper' inactive >>>>>>>
2025-06-04 21:24:29,528 : INFO : SwitchController : <<<<<<< 's_left_flipper_eos' active >>>>>>>
2025-06-04 21:24:31,633 : INFO : SwitchController : <<<<<<< 's_right_flipper_eos' inactive >>>>>>>
2025-06-04 21:24:31,638 : INFO : SwitchController : <<<<<<< 's_right_flipper_eos' active >>>>>>>
2025-06-04 21:24:31,652 : INFO : SwitchController : <<<<<<< 's_right_flipper_eos' inactive >>>>>>>
2025-06-04 21:24:31,879 : INFO : SwitchController : <<<<<<< 's_right_flipper' active >>>>>>>
2025-06-04 21:24:31,893 : INFO : SwitchController : <<<<<<< 's_right_flipper_eos' active >>>>>>>
2025-06-04 21:24:31,902 : INFO : SwitchController : <<<<<<< 's_right_flipper_eos' inactive >>>>>>>
2025-06-04 21:24:32,025 : INFO : SwitchController : <<<<<<< 's_right_flipper' inactive >>>>>>>
2025-06-04 21:24:34,212 : INFO : SwitchController : <<<<<<< 's_left_flipper' active >>>>>>>
2025-06-04 21:24:34,236 : INFO : SwitchController : <<<<<<< 's_left_flipper_eos' inactive >>>>>>>
2025-06-04 21:24:34,303 : INFO : SwitchController : <<<<<<< 's_left_flipper' inactive >>>>>>>
2025-06-04 21:24:34,312 : INFO : SwitchController : <<<<<<< 's_right_flipper' active >>>>>>>
2025-06-04 21:24:34,348 : INFO : SwitchController : <<<<<<< 's_left_flipper_eos' active >>>>>>>
2025-06-04 21:24:34,447 : INFO : SwitchController : <<<<<<< 's_right_flipper' inactive >>>>>>>
2025-06-04 21:24:37,378 : INFO : SwitchController : <<<<<<< 's_left_flipper' active >>>>>>>
2025-06-04 21:24:37,403 : INFO : SwitchController : <<<<<<< 's_left_flipper_eos' inactive >>>>>>>
2025-06-04 21:24:37,472 : INFO : SwitchController : <<<<<<< 's_left_flipper' inactive >>>>>>>
2025-06-04 21:24:37,516 : INFO : SwitchController : <<<<<<< 's_left_flipper_eos' active >>>>>>>
2025-06-04 21:24:47,079 : INFO : SwitchController : <<<<<<< 's_right_flipper' active >>>>>>>
2025-06-04 21:24:47,197 : INFO : SwitchController : <<<<<<< 's_right_flipper' inactive >>>>>>>
2025-06-04 21:24:48,564 : INFO : SwitchController : <<<<<<< 's_right_flipper' active >>>>>>>
2025-06-04 21:24:48,691 : INFO : SwitchController : <<<<<<< 's_right_flipper' inactive >>>>>>>
2025-06-04 21:24:58,897 : INFO : SwitchController : <<<<<<< 's_left_flipper' active >>>>>>>
2025-06-04 21:24:58,920 : INFO : SwitchController : <<<<<<< 's_left_flipper_eos' inactive >>>>>>>
2025-06-04 21:24:59,031 : INFO : SwitchController : <<<<<<< 's_left_flipper' inactive >>>>>>>
2025-06-04 21:24:59,075 : INFO : SwitchController : <<<<<<< 's_left_flipper_eos' active >>>>>>>
2025-06-04 21:24:59,533 : INFO : SwitchController : <<<<<<< 's_left_flipper' active >>>>>>>
2025-06-04 21:24:59,557 : INFO : SwitchController : <<<<<<< 's_left_flipper_eos' inactive >>>>>>>
2025-06-04 21:24:59,669 : INFO : SwitchController : <<<<<<< 's_left_flipper' inactive >>>>>>>
2025-06-04 21:24:59,711 : INFO : SwitchController : <<<<<<< 's_left_flipper_eos' active >>>>>>>
2025-06-04 21:25:00,049 : INFO : SwitchController : <<<<<<< 's_right_flipper' active >>>>>>>
2025-06-04 21:25:00,200 : INFO : SwitchController : <<<<<<< 's_right_flipper' inactive >>>>>>>
2025-06-04 21:25:03,679 : INFO : SwitchController : <<<<<<< 's_right_flipper' active >>>>>>>
2025-06-04 21:25:03,810 : INFO : SwitchController : <<<<<<< 's_right_flipper' inactive >>>>>>>
2025-06-04 21:25:05,110 : INFO : SwitchController : <<<<<<< 's_right_flipper' active >>>>>>>
2025-06-04 21:25:05,313 : INFO : SwitchController : <<<<<<< 's_right_flipper' inactive >>>>>>>
2025-06-04 21:25:05,366 : INFO : SwitchController : <<<<<<< 's_right_flipper' active >>>>>>>
2025-06-04 21:25:05,498 : INFO : SwitchController : <<<<<<< 's_right_flipper' inactive >>>>>>>
2025-06-04 21:25:06,594 : INFO : SwitchController : <<<<<<< 's_right_flipper' active >>>>>>>
2025-06-04 21:25:06,754 : INFO : SwitchController : <<<<<<< 's_right_flipper' inactive >>>>>>>
2025-06-04 21:25:12,017 : INFO : SwitchController : <<<<<<< 's_left_flipper' active >>>>>>>
2025-06-04 21:25:12,041 : INFO : SwitchController : <<<<<<< 's_left_flipper_eos' inactive >>>>>>>
2025-06-04 21:25:12,103 : INFO : SwitchController : <<<<<<< 's_left_flipper' inactive >>>>>>>
2025-06-04 21:25:12,147 : INFO : SwitchController : <<<<<<< 's_left_flipper_eos' active >>>>>>>
