2025-05-10 17:37:34,384 : INFO : root : Loading config.
2025-05-10 17:37:34,386 : INFO : YamlMultifileConfigLoader : Machine config file #1: config.yaml
2025-05-10 17:37:34,386 : INFO : ConfigProcessor : Loading config from cache: /tmp/9121053a167b3a0609222a4623987891.mpf_cache
2025-05-10 17:37:34,420 : INFO : ConfigProcessor : Loading config from cache: /tmp/66ef204c87633dc02ca3efd475778ed9.mpf_cache
2025-05-10 17:37:34,420 : INFO : ConfigProcessor : Loading config from cache: /tmp/74f2825223a7abe8c76a0d15a1753cf2.mpf_cache
2025-05-10 17:37:34,421 : INFO : Machine : Mission Pinball Framework Core Engine v0.80.0.dev7
2025-05-10 17:37:34,421 : INFO : Machine : Command line arguments: {'no_load_cache': False, 'create_config_cache': True, 'bcp': False, 'configfile': ['config.yaml'], 'force_assets_load': False, 'platform_integration_test': False, 'jsonlogging': False, 'logfile': 'logs/2025-05-10-17-37-34-mpf-pinpi.log', 'pause': False, 'production': False, 'text_ui': True, 'loglevel': 15, 'consoleloglevel': 20, 'force_platform': None, 'syslog_address': None, 'full_logfile_path': '/home/pinpi/toedragons-pinball/logs/2025-05-10-17-37-34-mpf-pinpi.log'}
2025-05-10 17:37:34,421 : INFO : Machine : MPF path: /home/pinpi/pinpi/lib/python3.11/site-packages/mpf
2025-05-10 17:37:34,421 : INFO : Machine : Machine path: /home/pinpi/toedragons-pinball
2025-05-10 17:37:34,421 : INFO : Machine : Platform: linux
2025-05-10 17:37:34,421 : INFO : Machine : Python executable location: /home/pinpi/pinpi/bin/python
2025-05-10 17:37:34,421 : INFO : Machine : Python version: 3.11.2 (64-bit)
2025-05-10 17:37:34,422 : INFO : Machine : Initializing MPF...
2025-05-10 17:37:34,465 : INFO : FAST [NET] : Trying to connect to /dev/ttyAMA2 at 921600bps
2025-05-10 17:37:34,465 : INFO : FAST [NET] : Connected to /dev/ttyAMA2 at 921600bps
2025-05-10 17:37:34,467 : INFO : FAST [NET] : Connected to FP-CPU-2000 with firmware v02.26
2025-05-10 17:37:34,468 : INFO : FAST [NET] : Registered I/O Board 0: Model: FP-I/O-3208, Firmware: 01.10, Switches: 32, Drivers: 8
2025-05-10 17:37:34,468 : INFO : EventManager : Event: ======'machine_var_credits_string'====== Args={'value': 'FREE PLAY', 'prev_value': None, 'change': True}
2025-05-10 17:37:34,477 : INFO : EventManager : Event: ======'machine_var_master_volume'====== Args={'value': 0.5, 'prev_value': None, 'change': True}
2025-05-10 17:37:34,477 : INFO : EventManager : Event: ======'machine_var_mpf_version'====== Args={'value': 'Mission Pinball Framework v0.80.0.dev7', 'prev_value': None, 'change': True}
2025-05-10 17:37:34,477 : INFO : EventManager : Event: ======'machine_var_mpf_extended_version'====== Args={'value': 'Mission Pinball Framework v0.80.0.dev7, Config version:6, Show version: 6, BCP version:1.1', 'prev_value': None, 'change': True}
2025-05-10 17:37:34,477 : INFO : EventManager : Event: ======'machine_var_python_version'====== Args={'value': '3.11.2', 'prev_value': None, 'change': True}
2025-05-10 17:37:34,479 : INFO : EventManager : Event: ======'machine_var_platform'====== Args={'value': 'Linux-6.6.51+rpt-rpi-2712-aarch64-with-glibc2.36', 'prev_value': None, 'change': True}
2025-05-10 17:37:34,479 : INFO : EventManager : Event: ======'machine_var_platform_system'====== Args={'value': 'Linux', 'prev_value': None, 'change': True}
2025-05-10 17:37:34,479 : INFO : EventManager : Event: ======'machine_var_platform_release'====== Args={'value': '6.6.51+rpt-rpi-2712', 'prev_value': None, 'change': True}
2025-05-10 17:37:34,479 : INFO : EventManager : Event: ======'machine_var_platform_version'====== Args={'value': '#1 SMP PREEMPT Debian 1:6.6.51-1+rpt3 (2024-10-08)', 'prev_value': None, 'change': True}
2025-05-10 17:37:34,479 : INFO : EventManager : Event: ======'machine_var_platform_machine'====== Args={'value': 'aarch64', 'prev_value': None, 'change': True}
2025-05-10 17:37:34,479 : INFO : EventManager : Event: ======'machine_var_log_file_path'====== Args={'value': '/home/pinpi/toedragons-pinball/logs/2025-05-10-17-37-34-mpf-pinpi.log', 'prev_value': None, 'change': True}
2025-05-10 17:37:34,479 : INFO : EventManager : Event: ======'init_phase_1'====== Args={}
2025-05-10 17:37:34,559 : INFO : SwitchController : <<<<<<< 's_left_flipper_eos' active >>>>>>>
2025-05-10 17:37:34,559 : INFO : EventManager : Event: ======'init_phase_2'====== Args={}
2025-05-10 17:37:34,560 : INFO : SwitchController : Found active switch: (8, [FAST Platform Interface]) <switch.s_left_flipper_eos>
2025-05-10 17:37:34,563 : INFO : EventManager : Event: ======'init_phase_3'====== Args={}
2025-05-10 17:37:34,564 : INFO : EventManager : Event: ======'init_phase_4'====== Args={}
2025-05-10 17:37:34,565 : INFO : EventManager : Event: ======'machine_var_audits_switches_s_right_flipper'====== Args={'value': 0, 'prev_value': None, 'change': True}
2025-05-10 17:37:34,565 : INFO : EventManager : Event: ======'machine_var_audits_switches_s_left_flipper_eos'====== Args={'value': 0, 'prev_value': None, 'change': True}
2025-05-10 17:37:34,565 : INFO : EventManager : Event: ======'machine_var_audits_switches_s_start_button'====== Args={'value': 0, 'prev_value': None, 'change': True}
2025-05-10 17:37:34,565 : INFO : EventManager : Event: ======'machine_var_audits_switches_s_left_flipper'====== Args={'value': 0, 'prev_value': None, 'change': True}
2025-05-10 17:37:34,565 : INFO : EventManager : Event: ======'machine_var_audits_switches_s_left_slingshot'====== Args={'value': 0, 'prev_value': None, 'change': True}
2025-05-10 17:37:34,565 : INFO : EventManager : Event: ======'machine_var_audits_switches_s_right_slingshot'====== Args={'value': 0, 'prev_value': None, 'change': True}
2025-05-10 17:37:34,565 : INFO : EventManager : Event: ======'machine_var_audits_switches_s_right_flipper_eos'====== Args={'value': 0, 'prev_value': None, 'change': True}
2025-05-10 17:37:34,565 : INFO : EventManager : Event: ======'machine_var_audits_events_game_started'====== Args={'value': 0, 'prev_value': None, 'change': True}
2025-05-10 17:37:34,565 : INFO : EventManager : Event: ======'machine_var_audits_events_game_ended'====== Args={'value': 0, 'prev_value': None, 'change': True}
2025-05-10 17:37:34,565 : INFO : EventManager : Event: ======'machine_var_audits_player_score'====== Args={'value': {'top': [], 'average': 0, 'total': 0}, 'prev_value': None, 'change': True}
2025-05-10 17:37:34,566 : INFO : EventManager : Event: ======'init_phase_5'====== Args={}
2025-05-10 17:37:34,566 : INFO : EventManager : Event: ======'init_done'====== Args={}
2025-05-10 17:37:34,566 : INFO : EventManager : Event: ======'machine_reset_phase_1'====== Args={}
2025-05-10 17:37:34,566 : INFO : EventManager : Event: ======'machine_reset_phase_2'====== Args={}
2025-05-10 17:37:34,566 : INFO : EventManager : Event: ======'machine_reset_phase_3'====== Args={}
2025-05-10 17:37:34,567 : INFO : EventManager : Event: ======'reset_complete'====== Args={}
2025-05-10 17:37:34,567 : INFO : EventManager : Event: ======'mode_attract_will_start'====== Args={}
2025-05-10 17:37:34,567 : INFO : EventManager : Event: ======'mode_attract_starting'====== Args={}
2025-05-10 17:37:34,567 : INFO : Mode.attract : Started. Priority: 10
2025-05-10 17:37:34,567 : INFO : EventManager : Event: ======'modes_active_modes_changed'====== Args={}
2025-05-10 17:37:34,567 : INFO : EventManager : Event: ======'mode_attract_started'====== Args={}
2025-05-10 17:37:34,567 : INFO : EventManager : Event: ======'collecting_balls_complete'====== Args={}
2025-05-10 17:37:34,568 : INFO : Machine : Starting the main run loop with active modes: [<Mode.attract>]
2025-05-10 17:37:36,316 : INFO : SwitchController : <<<<<<< 's_start_button' active >>>>>>>
2025-05-10 17:37:36,316 : INFO : EventManager : Event: ======'playfield_active'====== Args={'source': 'ac_ball_trough'}
2025-05-10 17:37:36,316 : INFO : EventManager : Event: ======'unexpected_ball_on_playfield'====== Args={}
2025-05-10 17:37:36,426 : INFO : SwitchController : <<<<<<< 's_start_button' inactive >>>>>>>
2025-05-10 17:37:45,217 : INFO : SwitchController : <<<<<<< 's_right_slingshot' active >>>>>>>
2025-05-10 17:37:45,217 : INFO : EventManager : Event: ======'playfield_active'====== Args={'source': 'ac_right_slingshot'}
2025-05-10 17:37:45,217 : INFO : EventManager : Event: ======'unexpected_ball_on_playfield'====== Args={}
2025-05-10 17:37:45,230 : INFO : SwitchController : <<<<<<< 's_right_slingshot' inactive >>>>>>>
2025-05-10 17:37:48,579 : INFO : SwitchController : <<<<<<< 's_right_slingshot' active >>>>>>>
2025-05-10 17:37:48,580 : INFO : EventManager : Event: ======'playfield_active'====== Args={'source': 'ac_right_slingshot'}
2025-05-10 17:37:48,580 : INFO : EventManager : Event: ======'unexpected_ball_on_playfield'====== Args={}
2025-05-10 17:37:48,586 : INFO : SwitchController : <<<<<<< 's_right_slingshot' inactive >>>>>>>
2025-05-10 17:37:55,153 : INFO : SwitchController : <<<<<<< 's_right_slingshot' active >>>>>>>
2025-05-10 17:37:55,153 : INFO : EventManager : Event: ======'playfield_active'====== Args={'source': 'ac_right_slingshot'}
2025-05-10 17:37:55,153 : INFO : EventManager : Event: ======'unexpected_ball_on_playfield'====== Args={}
2025-05-10 17:37:55,157 : INFO : SwitchController : <<<<<<< 's_right_slingshot' inactive >>>>>>>
2025-05-10 17:37:58,289 : INFO : SwitchController : <<<<<<< 's_right_slingshot' active >>>>>>>
2025-05-10 17:37:58,290 : INFO : EventManager : Event: ======'playfield_active'====== Args={'source': 'ac_right_slingshot'}
2025-05-10 17:37:58,290 : INFO : EventManager : Event: ======'unexpected_ball_on_playfield'====== Args={}
2025-05-10 17:37:58,296 : INFO : SwitchController : <<<<<<< 's_right_slingshot' inactive >>>>>>>
2025-05-10 17:38:04,052 : INFO : SwitchController : <<<<<<< 's_left_flipper' active >>>>>>>
2025-05-10 17:38:04,073 : INFO : SwitchController : <<<<<<< 's_left_flipper_eos' inactive >>>>>>>
2025-05-10 17:38:04,128 : INFO : SwitchController : <<<<<<< 's_left_flipper' inactive >>>>>>>
2025-05-10 17:38:04,172 : INFO : SwitchController : <<<<<<< 's_left_flipper_eos' active >>>>>>>
2025-05-10 17:38:04,278 : INFO : SwitchController : <<<<<<< 's_left_flipper' active >>>>>>>
2025-05-10 17:38:04,299 : INFO : SwitchController : <<<<<<< 's_left_flipper_eos' inactive >>>>>>>
2025-05-10 17:38:04,342 : INFO : SwitchController : <<<<<<< 's_left_flipper' inactive >>>>>>>
2025-05-10 17:38:04,387 : INFO : SwitchController : <<<<<<< 's_left_flipper_eos' active >>>>>>>
2025-05-10 17:38:04,467 : INFO : SwitchController : <<<<<<< 's_left_flipper' active >>>>>>>
2025-05-10 17:38:04,488 : INFO : SwitchController : <<<<<<< 's_left_flipper_eos' inactive >>>>>>>
2025-05-10 17:38:04,529 : INFO : SwitchController : <<<<<<< 's_left_flipper' inactive >>>>>>>
2025-05-10 17:38:04,574 : INFO : SwitchController : <<<<<<< 's_left_flipper_eos' active >>>>>>>
2025-05-10 17:38:04,860 : INFO : SwitchController : <<<<<<< 's_left_flipper' active >>>>>>>
2025-05-10 17:38:04,874 : INFO : SwitchController : <<<<<<< 's_left_flipper' inactive >>>>>>>
2025-05-10 17:38:04,882 : INFO : SwitchController : <<<<<<< 's_left_flipper_eos' inactive >>>>>>>
2025-05-10 17:38:04,903 : INFO : SwitchController : <<<<<<< 's_left_flipper_eos' active >>>>>>>
2025-05-10 17:38:05,039 : INFO : SwitchController : <<<<<<< 's_left_flipper' active >>>>>>>
2025-05-10 17:38:05,061 : INFO : SwitchController : <<<<<<< 's_left_flipper_eos' inactive >>>>>>>
2025-05-10 17:38:05,080 : INFO : SwitchController : <<<<<<< 's_left_flipper' inactive >>>>>>>
2025-05-10 17:38:05,124 : INFO : SwitchController : <<<<<<< 's_left_flipper_eos' active >>>>>>>
2025-05-10 17:38:05,245 : INFO : SwitchController : <<<<<<< 's_left_flipper' active >>>>>>>
2025-05-10 17:38:05,266 : INFO : SwitchController : <<<<<<< 's_left_flipper_eos' inactive >>>>>>>
2025-05-10 17:38:05,310 : INFO : SwitchController : <<<<<<< 's_left_flipper' inactive >>>>>>>
2025-05-10 17:38:05,355 : INFO : SwitchController : <<<<<<< 's_left_flipper_eos' active >>>>>>>
2025-05-10 17:38:05,630 : INFO : SwitchController : <<<<<<< 's_left_flipper' active >>>>>>>
2025-05-10 17:38:05,654 : INFO : SwitchController : <<<<<<< 's_left_flipper_eos' inactive >>>>>>>
2025-05-10 17:38:05,677 : INFO : SwitchController : <<<<<<< 's_left_flipper' inactive >>>>>>>
2025-05-10 17:38:05,720 : INFO : SwitchController : <<<<<<< 's_left_flipper_eos' active >>>>>>>
2025-05-10 17:38:05,822 : INFO : SwitchController : <<<<<<< 's_left_flipper' active >>>>>>>
2025-05-10 17:38:05,844 : INFO : SwitchController : <<<<<<< 's_left_flipper_eos' inactive >>>>>>>
2025-05-10 17:38:05,881 : INFO : SwitchController : <<<<<<< 's_left_flipper' inactive >>>>>>>
2025-05-10 17:38:05,923 : INFO : SwitchController : <<<<<<< 's_left_flipper_eos' active >>>>>>>
2025-05-10 17:38:06,011 : INFO : SwitchController : <<<<<<< 's_left_flipper' active >>>>>>>
2025-05-10 17:38:06,033 : INFO : SwitchController : <<<<<<< 's_left_flipper_eos' inactive >>>>>>>
2025-05-10 17:38:06,129 : INFO : SwitchController : <<<<<<< 's_left_flipper' inactive >>>>>>>
2025-05-10 17:38:06,171 : INFO : SwitchController : <<<<<<< 's_left_flipper_eos' active >>>>>>>
2025-05-10 17:38:06,239 : INFO : SwitchController : <<<<<<< 's_left_flipper' active >>>>>>>
2025-05-10 17:38:06,262 : INFO : SwitchController : <<<<<<< 's_left_flipper_eos' inactive >>>>>>>
2025-05-10 17:38:06,313 : INFO : SwitchController : <<<<<<< 's_left_flipper' inactive >>>>>>>
2025-05-10 17:38:06,355 : INFO : SwitchController : <<<<<<< 's_left_flipper_eos' active >>>>>>>
2025-05-10 17:38:11,478 : INFO : Machine : Shutting down...
2025-05-10 17:38:11,478 : INFO : EventManager : Event: ======'shutdown'====== Args={}
2025-05-10 17:38:11,581 : INFO : root : MPF run loop ended.
