2025-04-20 18:34:52,887 : INFO : root : Loading config.
2025-04-20 18:34:52,889 : INFO : YamlMultifileConfigLoader : Machine config file #1: config.yaml
2025-04-20 18:34:52,889 : WARNING : ConfigProcessor : Config file in cache changed: /home/pinpi/toedragons-pinball/config/config.yaml
2025-04-20 18:34:52,889 : INFO : ConfigProcessor : Loading config from file /home/pinpi/pinpi/lib/python3.11/site-packages/mpf/mpfconfig.yaml.
2025-04-20 18:34:52,935 : INFO : ConfigProcessor : Loading config: /home/pinpi/pinpi/lib/python3.11/site-packages/mpf/mpfconfig.yaml
2025-04-20 18:34:52,936 : INFO : ConfigProcessor : Loading config from file /home/pinpi/toedragons-pinball/config/config.yaml.
2025-04-20 18:34:52,941 : INFO : ConfigProcessor : Loading config: /home/pinpi/toedragons-pinball/config/config.yaml
2025-04-20 18:34:52,942 : INFO : ConfigProcessor : Config file cache created: /tmp/9121053a167b3a0609222a4623987891.mpf_cache
2025-04-20 18:34:52,975 : INFO : ConfigProcessor : Loading config from cache: /tmp/66ef204c87633dc02ca3efd475778ed9.mpf_cache
2025-04-20 18:34:52,976 : INFO : ConfigProcessor : Loading config from cache: /tmp/74f2825223a7abe8c76a0d15a1753cf2.mpf_cache
2025-04-20 18:34:52,976 : INFO : Machine : Mission Pinball Framework Core Engine v0.80.0.dev7
2025-04-20 18:34:52,976 : INFO : Machine : Command line arguments: {'no_load_cache': False, 'create_config_cache': True, 'bcp': False, 'configfile': ['config.yaml'], 'force_assets_load': False, 'platform_integration_test': False, 'jsonlogging': False, 'logfile': 'logs/2025-04-20-18-34-52-mpf-pinpi.log', 'pause': False, 'production': False, 'text_ui': True, 'loglevel': 15, 'consoleloglevel': 20, 'force_platform': None, 'syslog_address': None, 'full_logfile_path': '/home/pinpi/toedragons-pinball/logs/2025-04-20-18-34-52-mpf-pinpi.log'}
2025-04-20 18:34:52,976 : INFO : Machine : MPF path: /home/pinpi/pinpi/lib/python3.11/site-packages/mpf
2025-04-20 18:34:52,976 : INFO : Machine : Machine path: /home/pinpi/toedragons-pinball
2025-04-20 18:34:52,976 : INFO : Machine : Platform: linux
2025-04-20 18:34:52,976 : INFO : Machine : Python executable location: /home/pinpi/pinpi/bin/python
2025-04-20 18:34:52,976 : INFO : Machine : Python version: 3.11.2 (64-bit)
2025-04-20 18:34:52,977 : INFO : Machine : Initializing MPF...
2025-04-20 18:34:53,022 : INFO : FAST [NET] : Trying to connect to /dev/ttyAMA2 at 921600bps
2025-04-20 18:34:53,023 : INFO : FAST [NET] : Connected to /dev/ttyAMA2 at 921600bps
2025-04-20 18:34:53,024 : INFO : FAST [NET] : Connected to FP-CPU-2000 with firmware v02.26
2025-04-20 18:34:53,026 : INFO : FAST [NET] : Registered I/O Board 0: Model: FP-I/O-3208, Firmware: 01.10, Switches: 32, Drivers: 8
2025-04-20 18:34:53,026 : INFO : EventManager : Event: ======'machine_var_credits_string'====== Args={'value': 'FREE PLAY', 'prev_value': None, 'change': True}
2025-04-20 18:34:53,033 : INFO : EventManager : Event: ======'machine_var_master_volume'====== Args={'value': 0.5, 'prev_value': None, 'change': True}
2025-04-20 18:34:53,033 : INFO : EventManager : Event: ======'machine_var_mpf_version'====== Args={'value': 'Mission Pinball Framework v0.80.0.dev7', 'prev_value': None, 'change': True}
2025-04-20 18:34:53,033 : INFO : EventManager : Event: ======'machine_var_mpf_extended_version'====== Args={'value': 'Mission Pinball Framework v0.80.0.dev7, Config version:6, Show version: 6, BCP version:1.1', 'prev_value': None, 'change': True}
2025-04-20 18:34:53,033 : INFO : EventManager : Event: ======'machine_var_python_version'====== Args={'value': '3.11.2', 'prev_value': None, 'change': True}
2025-04-20 18:34:53,034 : INFO : EventManager : Event: ======'machine_var_platform'====== Args={'value': 'Linux-6.6.51+rpt-rpi-2712-aarch64-with-glibc2.36', 'prev_value': None, 'change': True}
2025-04-20 18:34:53,034 : INFO : EventManager : Event: ======'machine_var_platform_system'====== Args={'value': 'Linux', 'prev_value': None, 'change': True}
2025-04-20 18:34:53,034 : INFO : EventManager : Event: ======'machine_var_platform_release'====== Args={'value': '6.6.51+rpt-rpi-2712', 'prev_value': None, 'change': True}
2025-04-20 18:34:53,034 : INFO : EventManager : Event: ======'machine_var_platform_version'====== Args={'value': '#1 SMP PREEMPT Debian 1:6.6.51-1+rpt3 (2024-10-08)', 'prev_value': None, 'change': True}
2025-04-20 18:34:53,034 : INFO : EventManager : Event: ======'machine_var_platform_machine'====== Args={'value': 'aarch64', 'prev_value': None, 'change': True}
2025-04-20 18:34:53,034 : INFO : EventManager : Event: ======'machine_var_log_file_path'====== Args={'value': '/home/pinpi/toedragons-pinball/logs/2025-04-20-18-34-52-mpf-pinpi.log', 'prev_value': None, 'change': True}
2025-04-20 18:34:53,034 : INFO : EventManager : Event: ======'init_phase_1'====== Args={}
2025-04-20 18:34:53,110 : INFO : EventManager : Event: ======'init_phase_2'====== Args={}
2025-04-20 18:34:53,113 : INFO : EventManager : Event: ======'init_phase_3'====== Args={}
2025-04-20 18:34:53,114 : INFO : EventManager : Event: ======'init_phase_4'====== Args={}
2025-04-20 18:34:53,115 : INFO : EventManager : Event: ======'machine_var_audits_switches_s_02'====== Args={'value': 0, 'prev_value': None, 'change': True}
2025-04-20 18:34:53,115 : INFO : EventManager : Event: ======'machine_var_audits_switches_s_04'====== Args={'value': 0, 'prev_value': None, 'change': True}
2025-04-20 18:34:53,115 : INFO : EventManager : Event: ======'machine_var_audits_switches_s_01'====== Args={'value': 0, 'prev_value': None, 'change': True}
2025-04-20 18:34:53,115 : INFO : EventManager : Event: ======'machine_var_audits_switches_s_left_flipper'====== Args={'value': 0, 'prev_value': None, 'change': True}
2025-04-20 18:34:53,115 : INFO : EventManager : Event: ======'machine_var_audits_switches_s_03'====== Args={'value': 0, 'prev_value': None, 'change': True}
2025-04-20 18:34:53,115 : INFO : EventManager : Event: ======'machine_var_audits_switches_s_right_flipper'====== Args={'value': 0, 'prev_value': None, 'change': True}
2025-04-20 18:34:53,115 : INFO : EventManager : Event: ======'machine_var_audits_events_game_started'====== Args={'value': 0, 'prev_value': None, 'change': True}
2025-04-20 18:34:53,115 : INFO : EventManager : Event: ======'machine_var_audits_events_game_ended'====== Args={'value': 0, 'prev_value': None, 'change': True}
2025-04-20 18:34:53,115 : INFO : EventManager : Event: ======'machine_var_audits_player_score'====== Args={'value': {'top': [], 'average': 0, 'total': 0}, 'prev_value': None, 'change': True}
2025-04-20 18:34:53,116 : INFO : EventManager : Event: ======'init_phase_5'====== Args={}
2025-04-20 18:34:53,116 : INFO : EventManager : Event: ======'init_done'====== Args={}
2025-04-20 18:34:53,116 : INFO : EventManager : Event: ======'machine_reset_phase_1'====== Args={}
2025-04-20 18:34:53,116 : INFO : EventManager : Event: ======'machine_reset_phase_2'====== Args={}
2025-04-20 18:34:53,116 : INFO : EventManager : Event: ======'machine_reset_phase_3'====== Args={}
2025-04-20 18:34:53,116 : INFO : EventManager : Event: ======'reset_complete'====== Args={}
2025-04-20 18:34:53,116 : INFO : EventManager : Event: ======'mode_attract_will_start'====== Args={}
2025-04-20 18:34:53,116 : INFO : EventManager : Event: ======'mode_attract_starting'====== Args={}
2025-04-20 18:34:53,116 : INFO : Mode.attract : Started. Priority: 10
2025-04-20 18:34:53,117 : INFO : EventManager : Event: ======'modes_active_modes_changed'====== Args={}
2025-04-20 18:34:53,117 : INFO : EventManager : Event: ======'mode_attract_started'====== Args={}
2025-04-20 18:34:53,117 : INFO : EventManager : Event: ======'collecting_balls_complete'====== Args={}
2025-04-20 18:34:53,117 : INFO : Machine : Starting the main run loop with active modes: [<Mode.attract>]
2025-04-20 18:34:53,964 : INFO : SwitchController : <<<<<<< 's_right_flipper' active >>>>>>>
2025-04-20 18:34:54,340 : INFO : SwitchController : <<<<<<< 's_right_flipper' inactive >>>>>>>
2025-04-20 18:34:54,748 : INFO : SwitchController : <<<<<<< 's_right_flipper' active >>>>>>>
2025-04-20 18:34:55,170 : INFO : SwitchController : <<<<<<< 's_right_flipper' inactive >>>>>>>
2025-04-20 18:34:55,416 : INFO : SwitchController : <<<<<<< 's_right_flipper' active >>>>>>>
2025-04-20 18:34:55,492 : INFO : SwitchController : <<<<<<< 's_right_flipper' inactive >>>>>>>
2025-04-20 18:34:55,603 : INFO : SwitchController : <<<<<<< 's_right_flipper' active >>>>>>>
2025-04-20 18:34:55,792 : INFO : SwitchController : <<<<<<< 's_right_flipper' inactive >>>>>>>
2025-04-20 18:34:56,097 : INFO : SwitchController : <<<<<<< 's_01' active >>>>>>>
2025-04-20 18:34:56,098 : INFO : SwitchController : <<<<<<< 's_left_flipper' active >>>>>>>
2025-04-20 18:34:56,384 : INFO : SwitchController : <<<<<<< 's_left_flipper' inactive >>>>>>>
2025-04-20 18:34:56,385 : INFO : SwitchController : <<<<<<< 's_01' inactive >>>>>>>
2025-04-20 18:34:56,595 : INFO : SwitchController : <<<<<<< 's_01' active >>>>>>>
2025-04-20 18:34:56,597 : INFO : SwitchController : <<<<<<< 's_left_flipper' active >>>>>>>
2025-04-20 18:34:56,978 : INFO : SwitchController : <<<<<<< 's_left_flipper' inactive >>>>>>>
2025-04-20 18:34:56,979 : INFO : SwitchController : <<<<<<< 's_01' inactive >>>>>>>
2025-04-20 18:34:57,180 : INFO : SwitchController : <<<<<<< 's_left_flipper' active >>>>>>>
2025-04-20 18:34:57,181 : INFO : SwitchController : <<<<<<< 's_01' active >>>>>>>
2025-04-20 18:34:57,294 : INFO : SwitchController : <<<<<<< 's_left_flipper' inactive >>>>>>>
2025-04-20 18:34:57,294 : INFO : SwitchController : <<<<<<< 's_01' inactive >>>>>>>
2025-04-20 18:34:57,501 : INFO : SwitchController : <<<<<<< 's_left_flipper' active >>>>>>>
2025-04-20 18:34:57,501 : INFO : SwitchController : <<<<<<< 's_01' active >>>>>>>
2025-04-20 18:34:57,615 : INFO : SwitchController : <<<<<<< 's_left_flipper' inactive >>>>>>>
2025-04-20 18:34:57,617 : INFO : SwitchController : <<<<<<< 's_01' inactive >>>>>>>
2025-04-20 18:34:57,841 : INFO : SwitchController : <<<<<<< 's_01' active >>>>>>>
2025-04-20 18:34:57,843 : INFO : SwitchController : <<<<<<< 's_left_flipper' active >>>>>>>
2025-04-20 18:34:57,958 : INFO : SwitchController : <<<<<<< 's_left_flipper' inactive >>>>>>>
2025-04-20 18:34:57,961 : INFO : SwitchController : <<<<<<< 's_01' inactive >>>>>>>
2025-04-20 18:35:00,176 : INFO : SwitchController : <<<<<<< 's_01' active >>>>>>>
2025-04-20 18:35:00,177 : INFO : SwitchController : <<<<<<< 's_left_flipper' active >>>>>>>
2025-04-20 18:35:00,830 : INFO : SwitchController : <<<<<<< 's_left_flipper' inactive >>>>>>>
2025-04-20 18:35:00,834 : INFO : SwitchController : <<<<<<< 's_01' inactive >>>>>>>
2025-04-20 18:35:02,015 : INFO : SwitchController : <<<<<<< 's_01' active >>>>>>>
2025-04-20 18:35:02,016 : INFO : SwitchController : <<<<<<< 's_left_flipper' active >>>>>>>
2025-04-20 18:35:02,440 : INFO : SwitchController : <<<<<<< 's_left_flipper' inactive >>>>>>>
2025-04-20 18:35:02,441 : INFO : SwitchController : <<<<<<< 's_01' inactive >>>>>>>
2025-04-20 18:35:02,454 : INFO : SwitchController : <<<<<<< 's_right_flipper' active >>>>>>>
2025-04-20 18:35:02,714 : INFO : SwitchController : <<<<<<< 's_right_flipper' inactive >>>>>>>
2025-04-20 18:35:02,896 : INFO : SwitchController : <<<<<<< 's_right_flipper' active >>>>>>>
2025-04-20 18:35:02,999 : INFO : SwitchController : <<<<<<< 's_right_flipper' inactive >>>>>>>
2025-04-20 18:35:03,089 : INFO : SwitchController : <<<<<<< 's_right_flipper' active >>>>>>>
2025-04-20 18:35:03,185 : INFO : SwitchController : <<<<<<< 's_right_flipper' inactive >>>>>>>
2025-04-20 18:35:11,172 : INFO : Machine : Shutting down...
2025-04-20 18:35:11,172 : INFO : EventManager : Event: ======'shutdown'====== Args={}
2025-04-20 18:35:11,274 : INFO : root : MPF run loop ended.
