2025-04-20 19:59:08,731 : INFO : root : Loading config.
2025-04-20 19:59:08,733 : INFO : YamlMultifileConfigLoader : Machine config file #1: config.yaml
2025-04-20 19:59:08,733 : WARNING : ConfigProcessor : Config file in cache changed: /home/pinpi/toedragons-pinball/config/config.yaml
2025-04-20 19:59:08,733 : INFO : ConfigProcessor : Loading config from file /home/pinpi/pinpi/lib/python3.11/site-packages/mpf/mpfconfig.yaml.
2025-04-20 19:59:08,779 : INFO : ConfigProcessor : Loading config: /home/pinpi/pinpi/lib/python3.11/site-packages/mpf/mpfconfig.yaml
2025-04-20 19:59:08,780 : INFO : ConfigProcessor : Loading config from file /home/pinpi/toedragons-pinball/config/config.yaml.
2025-04-20 19:59:08,786 : INFO : ConfigProcessor : Loading config: /home/pinpi/toedragons-pinball/config/config.yaml
2025-04-20 19:59:08,787 : INFO : ConfigProcessor : Config file cache created: /tmp/9121053a167b3a0609222a4623987891.mpf_cache
2025-04-20 19:59:08,819 : INFO : ConfigProcessor : Loading config from cache: /tmp/66ef204c87633dc02ca3efd475778ed9.mpf_cache
2025-04-20 19:59:08,820 : INFO : ConfigProcessor : Loading config from cache: /tmp/74f2825223a7abe8c76a0d15a1753cf2.mpf_cache
2025-04-20 19:59:08,820 : INFO : Machine : Mission Pinball Framework Core Engine v0.80.0.dev7
2025-04-20 19:59:08,820 : INFO : Machine : Command line arguments: {'no_load_cache': False, 'create_config_cache': True, 'bcp': False, 'configfile': ['config.yaml'], 'force_assets_load': False, 'platform_integration_test': False, 'jsonlogging': False, 'logfile': 'logs/2025-04-20-19-59-08-mpf-pinpi.log', 'pause': False, 'production': False, 'text_ui': True, 'loglevel': 15, 'consoleloglevel': 20, 'force_platform': None, 'syslog_address': None, 'full_logfile_path': '/home/pinpi/toedragons-pinball/logs/2025-04-20-19-59-08-mpf-pinpi.log'}
2025-04-20 19:59:08,820 : INFO : Machine : MPF path: /home/pinpi/pinpi/lib/python3.11/site-packages/mpf
2025-04-20 19:59:08,820 : INFO : Machine : Machine path: /home/pinpi/toedragons-pinball
2025-04-20 19:59:08,820 : INFO : Machine : Platform: linux
2025-04-20 19:59:08,820 : INFO : Machine : Python executable location: /home/pinpi/pinpi/bin/python
2025-04-20 19:59:08,820 : INFO : Machine : Python version: 3.11.2 (64-bit)
2025-04-20 19:59:08,821 : INFO : Machine : Initializing MPF...
2025-04-20 19:59:08,866 : INFO : FAST [NET] : Trying to connect to /dev/ttyAMA2 at 921600bps
2025-04-20 19:59:08,867 : INFO : FAST [NET] : Connected to /dev/ttyAMA2 at 921600bps
2025-04-20 19:59:08,868 : INFO : FAST [NET] : Connected to FP-CPU-2000 with firmware v02.26
2025-04-20 19:59:08,870 : INFO : FAST [NET] : Registered I/O Board 0: Model: FP-I/O-3208, Firmware: 01.10, Switches: 32, Drivers: 8
2025-04-20 19:59:08,870 : INFO : EventManager : Event: ======'machine_var_credits_string'====== Args={'value': 'FREE PLAY', 'prev_value': None, 'change': True}
2025-04-20 19:59:08,877 : INFO : EventManager : Event: ======'machine_var_master_volume'====== Args={'value': 0.5, 'prev_value': None, 'change': True}
2025-04-20 19:59:08,877 : INFO : EventManager : Event: ======'machine_var_mpf_version'====== Args={'value': 'Mission Pinball Framework v0.80.0.dev7', 'prev_value': None, 'change': True}
2025-04-20 19:59:08,877 : INFO : EventManager : Event: ======'machine_var_mpf_extended_version'====== Args={'value': 'Mission Pinball Framework v0.80.0.dev7, Config version:6, Show version: 6, BCP version:1.1', 'prev_value': None, 'change': True}
2025-04-20 19:59:08,877 : INFO : EventManager : Event: ======'machine_var_python_version'====== Args={'value': '3.11.2', 'prev_value': None, 'change': True}
2025-04-20 19:59:08,878 : INFO : EventManager : Event: ======'machine_var_platform'====== Args={'value': 'Linux-6.6.51+rpt-rpi-2712-aarch64-with-glibc2.36', 'prev_value': None, 'change': True}
2025-04-20 19:59:08,878 : INFO : EventManager : Event: ======'machine_var_platform_system'====== Args={'value': 'Linux', 'prev_value': None, 'change': True}
2025-04-20 19:59:08,878 : INFO : EventManager : Event: ======'machine_var_platform_release'====== Args={'value': '6.6.51+rpt-rpi-2712', 'prev_value': None, 'change': True}
2025-04-20 19:59:08,878 : INFO : EventManager : Event: ======'machine_var_platform_version'====== Args={'value': '#1 SMP PREEMPT Debian 1:6.6.51-1+rpt3 (2024-10-08)', 'prev_value': None, 'change': True}
2025-04-20 19:59:08,878 : INFO : EventManager : Event: ======'machine_var_platform_machine'====== Args={'value': 'aarch64', 'prev_value': None, 'change': True}
2025-04-20 19:59:08,878 : INFO : EventManager : Event: ======'machine_var_log_file_path'====== Args={'value': '/home/pinpi/toedragons-pinball/logs/2025-04-20-19-59-08-mpf-pinpi.log', 'prev_value': None, 'change': True}
2025-04-20 19:59:08,878 : INFO : EventManager : Event: ======'init_phase_1'====== Args={}
2025-04-20 19:59:08,955 : INFO : SwitchController : <<<<<<< 's_left_flipper_eos' active >>>>>>>
2025-04-20 19:59:08,955 : INFO : SwitchController : <<<<<<< 's_right_flipper_eos' active >>>>>>>
2025-04-20 19:59:08,955 : INFO : EventManager : Event: ======'init_phase_2'====== Args={}
2025-04-20 19:59:08,955 : INFO : SwitchController : Found active switch: (8, [FAST Platform Interface]) <switch.s_left_flipper_eos>
2025-04-20 19:59:08,955 : INFO : SwitchController : Found active switch: (12, [FAST Platform Interface]) <switch.s_right_flipper_eos>
2025-04-20 19:59:08,958 : INFO : EventManager : Event: ======'init_phase_3'====== Args={}
2025-04-20 19:59:08,960 : INFO : EventManager : Event: ======'init_phase_4'====== Args={}
2025-04-20 19:59:08,960 : INFO : EventManager : Event: ======'machine_var_audits_switches_s_right_flipper'====== Args={'value': 0, 'prev_value': None, 'change': True}
2025-04-20 19:59:08,960 : INFO : EventManager : Event: ======'machine_var_audits_switches_s_left_flipper_eos'====== Args={'value': 0, 'prev_value': None, 'change': True}
2025-04-20 19:59:08,961 : INFO : EventManager : Event: ======'machine_var_audits_switches_s_left_slingshot'====== Args={'value': 0, 'prev_value': None, 'change': True}
2025-04-20 19:59:08,961 : INFO : EventManager : Event: ======'machine_var_audits_switches_s_right_slingshot'====== Args={'value': 0, 'prev_value': None, 'change': True}
2025-04-20 19:59:08,961 : INFO : EventManager : Event: ======'machine_var_audits_switches_s_left_flipper'====== Args={'value': 0, 'prev_value': None, 'change': True}
2025-04-20 19:59:08,961 : INFO : EventManager : Event: ======'machine_var_audits_switches_s_right_flipper_eos'====== Args={'value': 0, 'prev_value': None, 'change': True}
2025-04-20 19:59:08,961 : INFO : EventManager : Event: ======'machine_var_audits_events_game_started'====== Args={'value': 0, 'prev_value': None, 'change': True}
2025-04-20 19:59:08,961 : INFO : EventManager : Event: ======'machine_var_audits_events_game_ended'====== Args={'value': 0, 'prev_value': None, 'change': True}
2025-04-20 19:59:08,961 : INFO : EventManager : Event: ======'machine_var_audits_player_score'====== Args={'value': {'top': [], 'average': 0, 'total': 0}, 'prev_value': None, 'change': True}
2025-04-20 19:59:08,961 : INFO : EventManager : Event: ======'init_phase_5'====== Args={}
2025-04-20 19:59:08,961 : INFO : EventManager : Event: ======'init_done'====== Args={}
2025-04-20 19:59:08,961 : INFO : EventManager : Event: ======'machine_reset_phase_1'====== Args={}
2025-04-20 19:59:08,961 : INFO : EventManager : Event: ======'machine_reset_phase_2'====== Args={}
2025-04-20 19:59:08,962 : INFO : EventManager : Event: ======'machine_reset_phase_3'====== Args={}
2025-04-20 19:59:08,962 : INFO : EventManager : Event: ======'reset_complete'====== Args={}
2025-04-20 19:59:08,962 : INFO : EventManager : Event: ======'mode_attract_will_start'====== Args={}
2025-04-20 19:59:08,962 : INFO : EventManager : Event: ======'mode_attract_starting'====== Args={}
2025-04-20 19:59:08,962 : INFO : Mode.attract : Started. Priority: 10
2025-04-20 19:59:08,962 : INFO : EventManager : Event: ======'modes_active_modes_changed'====== Args={}
2025-04-20 19:59:08,962 : INFO : EventManager : Event: ======'mode_attract_started'====== Args={}
2025-04-20 19:59:08,962 : INFO : EventManager : Event: ======'collecting_balls_complete'====== Args={}
2025-04-20 19:59:08,963 : INFO : Machine : Starting the main run loop with active modes: [<Mode.attract>]
2025-04-20 19:59:10,111 : INFO : SwitchController : <<<<<<< 's_left_flipper' active >>>>>>>
2025-04-20 19:59:10,136 : INFO : SwitchController : <<<<<<< 's_left_flipper_eos' inactive >>>>>>>
2025-04-20 19:59:10,145 : INFO : SwitchController : <<<<<<< 's_right_flipper_eos' inactive >>>>>>>
2025-04-20 19:59:10,162 : INFO : SwitchController : <<<<<<< 's_right_flipper_eos' active >>>>>>>
2025-04-20 19:59:10,208 : INFO : SwitchController : <<<<<<< 's_left_flipper' inactive >>>>>>>
2025-04-20 19:59:12,352 : INFO : SwitchController : <<<<<<< 's_left_flipper' active >>>>>>>
2025-04-20 19:59:12,364 : INFO : SwitchController : <<<<<<< 's_left_flipper' inactive >>>>>>>
2025-04-20 19:59:12,601 : INFO : SwitchController : <<<<<<< 's_left_flipper' active >>>>>>>
2025-04-20 19:59:12,616 : INFO : SwitchController : <<<<<<< 's_left_flipper' inactive >>>>>>>
2025-04-20 19:59:12,626 : INFO : SwitchController : <<<<<<< 's_left_flipper' active >>>>>>>
2025-04-20 19:59:12,696 : INFO : SwitchController : <<<<<<< 's_left_flipper' inactive >>>>>>>
2025-04-20 19:59:12,973 : INFO : SwitchController : <<<<<<< 's_left_flipper' active >>>>>>>
2025-04-20 19:59:13,125 : INFO : SwitchController : <<<<<<< 's_left_flipper' inactive >>>>>>>
2025-04-20 19:59:13,532 : INFO : SwitchController : <<<<<<< 's_left_flipper' active >>>>>>>
2025-04-20 19:59:13,666 : INFO : SwitchController : <<<<<<< 's_left_flipper' inactive >>>>>>>
2025-04-20 19:59:14,805 : INFO : SwitchController : <<<<<<< 's_left_flipper' active >>>>>>>
2025-04-20 19:59:15,008 : INFO : SwitchController : <<<<<<< 's_left_flipper' inactive >>>>>>>
2025-04-20 19:59:15,184 : INFO : SwitchController : <<<<<<< 's_left_flipper' active >>>>>>>
2025-04-20 19:59:15,367 : INFO : SwitchController : <<<<<<< 's_left_flipper' inactive >>>>>>>
2025-04-20 19:59:15,569 : INFO : SwitchController : <<<<<<< 's_left_flipper' active >>>>>>>
2025-04-20 19:59:15,731 : INFO : SwitchController : <<<<<<< 's_left_flipper' inactive >>>>>>>
2025-04-20 19:59:15,930 : INFO : SwitchController : <<<<<<< 's_left_flipper' active >>>>>>>
2025-04-20 19:59:16,106 : INFO : SwitchController : <<<<<<< 's_left_flipper' inactive >>>>>>>
2025-04-20 19:59:16,378 : INFO : SwitchController : <<<<<<< 's_left_flipper' active >>>>>>>
2025-04-20 19:59:16,591 : INFO : SwitchController : <<<<<<< 's_left_flipper' inactive >>>>>>>
2025-04-20 19:59:16,828 : INFO : SwitchController : <<<<<<< 's_left_flipper' active >>>>>>>
2025-04-20 19:59:17,115 : INFO : SwitchController : <<<<<<< 's_left_flipper' inactive >>>>>>>
2025-04-20 19:59:17,424 : INFO : SwitchController : <<<<<<< 's_left_flipper' active >>>>>>>
2025-04-20 19:59:17,650 : INFO : SwitchController : <<<<<<< 's_left_flipper' inactive >>>>>>>
2025-04-20 19:59:17,865 : INFO : SwitchController : <<<<<<< 's_left_flipper' active >>>>>>>
2025-04-20 19:59:18,106 : INFO : SwitchController : <<<<<<< 's_left_flipper' inactive >>>>>>>
2025-04-20 19:59:18,409 : INFO : SwitchController : <<<<<<< 's_left_flipper' active >>>>>>>
2025-04-20 19:59:19,002 : INFO : SwitchController : <<<<<<< 's_left_flipper' inactive >>>>>>>
2025-04-20 19:59:19,601 : INFO : SwitchController : <<<<<<< 's_left_flipper' active >>>>>>>
2025-04-20 19:59:20,213 : INFO : SwitchController : <<<<<<< 's_left_flipper' inactive >>>>>>>
2025-04-20 19:59:20,427 : INFO : SwitchController : <<<<<<< 's_left_flipper' active >>>>>>>
2025-04-20 19:59:20,640 : INFO : SwitchController : <<<<<<< 's_left_flipper' inactive >>>>>>>
2025-04-20 19:59:20,812 : INFO : SwitchController : <<<<<<< 's_left_flipper' active >>>>>>>
2025-04-20 19:59:21,155 : INFO : SwitchController : <<<<<<< 's_left_flipper' inactive >>>>>>>
2025-04-20 19:59:21,316 : INFO : SwitchController : <<<<<<< 's_left_flipper' active >>>>>>>
2025-04-20 19:59:21,532 : INFO : SwitchController : <<<<<<< 's_left_flipper' inactive >>>>>>>
2025-04-20 19:59:21,881 : INFO : SwitchController : <<<<<<< 's_left_flipper' active >>>>>>>
2025-04-20 19:59:22,443 : INFO : SwitchController : <<<<<<< 's_left_flipper' inactive >>>>>>>
2025-04-20 19:59:22,720 : INFO : SwitchController : <<<<<<< 's_left_flipper' active >>>>>>>
2025-04-20 19:59:22,792 : INFO : SwitchController : <<<<<<< 's_left_flipper' inactive >>>>>>>
2025-04-20 19:59:23,045 : INFO : SwitchController : <<<<<<< 's_left_flipper' active >>>>>>>
2025-04-20 19:59:23,146 : INFO : SwitchController : <<<<<<< 's_left_flipper' inactive >>>>>>>
2025-04-20 19:59:23,432 : INFO : SwitchController : <<<<<<< 's_left_flipper' active >>>>>>>
2025-04-20 19:59:23,841 : INFO : SwitchController : <<<<<<< 's_left_flipper' inactive >>>>>>>
2025-04-20 19:59:31,923 : INFO : Machine : Shutting down...
2025-04-20 19:59:31,923 : INFO : EventManager : Event: ======'shutdown'====== Args={}
2025-04-20 19:59:32,019 : ERROR : root : Received second SIGINT. Will exit ungracefully!
NoneType: None
