2025-04-20 20:01:49,028 : INFO : root : Loading config.
2025-04-20 20:01:49,259 : INFO : ConfigProcessor : Config spec file cache created: /tmp/config_spec.mpf_cache
2025-04-20 20:01:49,259 : INFO : YamlMultifileConfigLoader : Machine config file #1: config.yaml
2025-04-20 20:01:49,260 : INFO : ConfigProcessor : Loading config from file /home/pinpi/pinpi/lib/python3.11/site-packages/mpf/mpfconfig.yaml.
2025-04-20 20:01:49,304 : INFO : ConfigProcessor : Loading config: /home/pinpi/pinpi/lib/python3.11/site-packages/mpf/mpfconfig.yaml
2025-04-20 20:01:49,305 : INFO : ConfigProcessor : Loading config from file /home/pinpi/toedragons-pinball/config/config.yaml.
2025-04-20 20:01:49,311 : INFO : ConfigProcessor : Loading config: /home/pinpi/toedragons-pinball/config/config.yaml
2025-04-20 20:01:49,312 : INFO : ConfigProcessor : Config file cache created: /tmp/9121053a167b3a0609222a4623987891.mpf_cache
2025-04-20 20:01:49,395 : INFO : ConfigProcessor : Loading config from file /home/pinpi/pinpi/lib/python3.11/site-packages/mpf/modes/attract/config/attract.yaml.
2025-04-20 20:01:49,396 : INFO : ConfigProcessor : Loading config: /home/pinpi/pinpi/lib/python3.11/site-packages/mpf/modes/attract/config/attract.yaml
2025-04-20 20:01:49,396 : INFO : ConfigProcessor : Config file cache created: /tmp/66ef204c87633dc02ca3efd475778ed9.mpf_cache
2025-04-20 20:01:49,397 : INFO : ConfigProcessor : Loading config from file /home/pinpi/pinpi/lib/python3.11/site-packages/mpf/modes/game/config/game.yaml.
2025-04-20 20:01:49,398 : INFO : ConfigProcessor : Loading config: /home/pinpi/pinpi/lib/python3.11/site-packages/mpf/modes/game/config/game.yaml
2025-04-20 20:01:49,399 : INFO : ConfigProcessor : Config file cache created: /tmp/74f2825223a7abe8c76a0d15a1753cf2.mpf_cache
2025-04-20 20:01:49,399 : INFO : Machine : Mission Pinball Framework Core Engine v0.80.0.dev7
2025-04-20 20:01:49,399 : INFO : Machine : Command line arguments: {'no_load_cache': False, 'create_config_cache': True, 'bcp': False, 'configfile': ['config.yaml'], 'force_assets_load': False, 'platform_integration_test': False, 'jsonlogging': False, 'logfile': 'logs/2025-04-20-20-01-49-mpf-pinpi.log', 'pause': False, 'production': False, 'text_ui': True, 'loglevel': 15, 'consoleloglevel': 20, 'force_platform': None, 'syslog_address': None, 'full_logfile_path': '/home/pinpi/toedragons-pinball/logs/2025-04-20-20-01-49-mpf-pinpi.log'}
2025-04-20 20:01:49,399 : INFO : Machine : MPF path: /home/pinpi/pinpi/lib/python3.11/site-packages/mpf
2025-04-20 20:01:49,399 : INFO : Machine : Machine path: /home/pinpi/toedragons-pinball
2025-04-20 20:01:49,399 : INFO : Machine : Platform: linux
2025-04-20 20:01:49,399 : INFO : Machine : Python executable location: /home/pinpi/pinpi/bin/python
2025-04-20 20:01:49,399 : INFO : Machine : Python version: 3.11.2 (64-bit)
2025-04-20 20:01:49,400 : INFO : Machine : Initializing MPF...
2025-04-20 20:01:49,523 : INFO : FAST [NET] : Trying to connect to /dev/ttyAMA2 at 921600bps
2025-04-20 20:01:49,524 : INFO : FAST [NET] : Connected to /dev/ttyAMA2 at 921600bps
2025-04-20 20:01:49,526 : INFO : FAST [NET] : Connected to FP-CPU-2000 with firmware v02.26
2025-04-20 20:01:49,527 : INFO : FAST [NET] : Registered I/O Board 0: Model: FP-I/O-3208, Firmware: 01.10, Switches: 32, Drivers: 8
2025-04-20 20:01:49,527 : INFO : EventManager : Event: ======'machine_var_credits_string'====== Args={'value': 'FREE PLAY', 'prev_value': None, 'change': True}
2025-04-20 20:01:49,543 : INFO : EventManager : Event: ======'machine_var_master_volume'====== Args={'value': 0.5, 'prev_value': None, 'change': True}
2025-04-20 20:01:49,543 : INFO : EventManager : Event: ======'machine_var_mpf_version'====== Args={'value': 'Mission Pinball Framework v0.80.0.dev7', 'prev_value': None, 'change': True}
2025-04-20 20:01:49,543 : INFO : EventManager : Event: ======'machine_var_mpf_extended_version'====== Args={'value': 'Mission Pinball Framework v0.80.0.dev7, Config version:6, Show version: 6, BCP version:1.1', 'prev_value': None, 'change': True}
2025-04-20 20:01:49,543 : INFO : EventManager : Event: ======'machine_var_python_version'====== Args={'value': '3.11.2', 'prev_value': None, 'change': True}
2025-04-20 20:01:49,544 : INFO : EventManager : Event: ======'machine_var_platform'====== Args={'value': 'Linux-6.6.51+rpt-rpi-2712-aarch64-with-glibc2.36', 'prev_value': None, 'change': True}
2025-04-20 20:01:49,544 : INFO : EventManager : Event: ======'machine_var_platform_system'====== Args={'value': 'Linux', 'prev_value': None, 'change': True}
2025-04-20 20:01:49,544 : INFO : EventManager : Event: ======'machine_var_platform_release'====== Args={'value': '6.6.51+rpt-rpi-2712', 'prev_value': None, 'change': True}
2025-04-20 20:01:49,544 : INFO : EventManager : Event: ======'machine_var_platform_version'====== Args={'value': '#1 SMP PREEMPT Debian 1:6.6.51-1+rpt3 (2024-10-08)', 'prev_value': None, 'change': True}
2025-04-20 20:01:49,544 : INFO : EventManager : Event: ======'machine_var_platform_machine'====== Args={'value': 'aarch64', 'prev_value': None, 'change': True}
2025-04-20 20:01:49,544 : INFO : EventManager : Event: ======'machine_var_log_file_path'====== Args={'value': '/home/pinpi/toedragons-pinball/logs/2025-04-20-20-01-49-mpf-pinpi.log', 'prev_value': None, 'change': True}
2025-04-20 20:01:49,544 : INFO : EventManager : Event: ======'init_phase_1'====== Args={}
2025-04-20 20:01:49,665 : INFO : SwitchController : <<<<<<< 's_right_flipper_eos' active >>>>>>>
2025-04-20 20:01:49,665 : INFO : EventManager : Event: ======'init_phase_2'====== Args={}
2025-04-20 20:01:49,665 : INFO : SwitchController : Found active switch: (12, [FAST Platform Interface]) <switch.s_right_flipper_eos>
2025-04-20 20:01:49,672 : INFO : EventManager : Event: ======'init_phase_3'====== Args={}
2025-04-20 20:01:49,673 : INFO : EventManager : Event: ======'init_phase_4'====== Args={}
2025-04-20 20:01:49,674 : INFO : EventManager : Event: ======'machine_var_audits_switches_s_left_flipper'====== Args={'value': 0, 'prev_value': None, 'change': True}
2025-04-20 20:01:49,674 : INFO : EventManager : Event: ======'machine_var_audits_switches_s_right_flipper_eos'====== Args={'value': 0, 'prev_value': None, 'change': True}
2025-04-20 20:01:49,674 : INFO : EventManager : Event: ======'machine_var_audits_switches_s_right_slingshot'====== Args={'value': 0, 'prev_value': None, 'change': True}
2025-04-20 20:01:49,674 : INFO : EventManager : Event: ======'machine_var_audits_switches_s_left_slingshot'====== Args={'value': 0, 'prev_value': None, 'change': True}
2025-04-20 20:01:49,675 : INFO : EventManager : Event: ======'machine_var_audits_switches_s_left_flipper_eos'====== Args={'value': 0, 'prev_value': None, 'change': True}
2025-04-20 20:01:49,675 : INFO : EventManager : Event: ======'machine_var_audits_switches_s_right_flipper'====== Args={'value': 0, 'prev_value': None, 'change': True}
2025-04-20 20:01:49,675 : INFO : EventManager : Event: ======'machine_var_audits_events_game_started'====== Args={'value': 0, 'prev_value': None, 'change': True}
2025-04-20 20:01:49,675 : INFO : EventManager : Event: ======'machine_var_audits_events_game_ended'====== Args={'value': 0, 'prev_value': None, 'change': True}
2025-04-20 20:01:49,675 : INFO : EventManager : Event: ======'machine_var_audits_player_score'====== Args={'value': {'top': [], 'average': 0, 'total': 0}, 'prev_value': None, 'change': True}
2025-04-20 20:01:49,675 : INFO : EventManager : Event: ======'init_phase_5'====== Args={}
2025-04-20 20:01:49,675 : INFO : EventManager : Event: ======'init_done'====== Args={}
2025-04-20 20:01:49,675 : INFO : EventManager : Event: ======'machine_reset_phase_1'====== Args={}
2025-04-20 20:01:49,675 : INFO : EventManager : Event: ======'machine_reset_phase_2'====== Args={}
2025-04-20 20:01:49,675 : INFO : EventManager : Event: ======'machine_reset_phase_3'====== Args={}
2025-04-20 20:01:49,676 : INFO : EventManager : Event: ======'reset_complete'====== Args={}
2025-04-20 20:01:49,676 : INFO : EventManager : Event: ======'mode_attract_will_start'====== Args={}
2025-04-20 20:01:49,677 : INFO : EventManager : Event: ======'mode_attract_starting'====== Args={}
2025-04-20 20:01:49,677 : INFO : Mode.attract : Started. Priority: 10
2025-04-20 20:01:49,677 : INFO : EventManager : Event: ======'modes_active_modes_changed'====== Args={}
2025-04-20 20:01:49,677 : INFO : EventManager : Event: ======'mode_attract_started'====== Args={}
2025-04-20 20:01:49,677 : INFO : EventManager : Event: ======'collecting_balls_complete'====== Args={}
2025-04-20 20:01:49,680 : INFO : Machine : Starting the main run loop with active modes: [<Mode.attract>]
2025-04-20 20:01:51,093 : INFO : SwitchController : <<<<<<< 's_left_flipper' active >>>>>>>
2025-04-20 20:01:51,125 : INFO : SwitchController : <<<<<<< 's_right_flipper_eos' inactive >>>>>>>
2025-04-20 20:01:51,137 : INFO : SwitchController : <<<<<<< 's_right_flipper_eos' active >>>>>>>
2025-04-20 20:01:51,215 : INFO : SwitchController : <<<<<<< 's_left_flipper' inactive >>>>>>>
2025-04-20 20:01:51,962 : INFO : SwitchController : <<<<<<< 's_left_flipper' active >>>>>>>
2025-04-20 20:01:51,991 : INFO : SwitchController : <<<<<<< 's_right_flipper_eos' inactive >>>>>>>
2025-04-20 20:01:52,005 : INFO : SwitchController : <<<<<<< 's_right_flipper_eos' active >>>>>>>
2025-04-20 20:01:52,070 : INFO : SwitchController : <<<<<<< 's_left_flipper' inactive >>>>>>>
2025-04-20 20:01:52,640 : INFO : SwitchController : <<<<<<< 's_left_flipper' active >>>>>>>
2025-04-20 20:01:52,668 : INFO : SwitchController : <<<<<<< 's_right_flipper_eos' inactive >>>>>>>
2025-04-20 20:01:52,677 : INFO : SwitchController : <<<<<<< 's_right_flipper_eos' active >>>>>>>
2025-04-20 20:01:52,774 : INFO : SwitchController : <<<<<<< 's_left_flipper' inactive >>>>>>>
2025-04-20 20:01:53,407 : INFO : SwitchController : <<<<<<< 's_left_flipper' active >>>>>>>
2025-04-20 20:01:53,454 : INFO : SwitchController : <<<<<<< 's_left_flipper' inactive >>>>>>>
2025-04-20 20:01:53,637 : INFO : SwitchController : <<<<<<< 's_left_flipper' active >>>>>>>
2025-04-20 20:01:53,752 : INFO : SwitchController : <<<<<<< 's_left_flipper' inactive >>>>>>>
2025-04-20 20:01:54,185 : INFO : SwitchController : <<<<<<< 's_left_flipper' active >>>>>>>
2025-04-20 20:01:54,282 : INFO : SwitchController : <<<<<<< 's_left_flipper' inactive >>>>>>>
2025-04-20 20:01:55,256 : INFO : SwitchController : <<<<<<< 's_left_flipper' active >>>>>>>
2025-04-20 20:01:55,331 : INFO : SwitchController : <<<<<<< 's_left_flipper' inactive >>>>>>>
2025-04-20 20:01:55,468 : INFO : SwitchController : <<<<<<< 's_left_flipper' active >>>>>>>
2025-04-20 20:01:55,494 : INFO : SwitchController : <<<<<<< 's_right_flipper_eos' inactive >>>>>>>
2025-04-20 20:01:55,508 : INFO : SwitchController : <<<<<<< 's_right_flipper_eos' active >>>>>>>
2025-04-20 20:01:55,521 : INFO : SwitchController : <<<<<<< 's_left_flipper' inactive >>>>>>>
2025-04-20 20:01:55,670 : INFO : SwitchController : <<<<<<< 's_left_flipper' active >>>>>>>
2025-04-20 20:01:55,736 : INFO : SwitchController : <<<<<<< 's_left_flipper' inactive >>>>>>>
2025-04-20 20:01:56,490 : INFO : SwitchController : <<<<<<< 's_right_flipper' active >>>>>>>
2025-04-20 20:01:56,594 : INFO : SwitchController : <<<<<<< 's_right_flipper' inactive >>>>>>>
2025-04-20 20:01:56,670 : INFO : SwitchController : <<<<<<< 's_left_flipper' active >>>>>>>
2025-04-20 20:01:56,745 : INFO : SwitchController : <<<<<<< 's_left_flipper' inactive >>>>>>>
2025-04-20 20:01:56,933 : INFO : SwitchController : <<<<<<< 's_right_flipper' active >>>>>>>
2025-04-20 20:01:56,975 : INFO : SwitchController : <<<<<<< 's_right_flipper' inactive >>>>>>>
2025-04-20 20:01:57,252 : INFO : SwitchController : <<<<<<< 's_right_flipper' active >>>>>>>
2025-04-20 20:01:57,362 : INFO : SwitchController : <<<<<<< 's_right_flipper' inactive >>>>>>>
2025-04-20 20:01:57,424 : INFO : SwitchController : <<<<<<< 's_left_flipper' active >>>>>>>
2025-04-20 20:01:57,451 : INFO : SwitchController : <<<<<<< 's_right_flipper_eos' inactive >>>>>>>
2025-04-20 20:01:57,455 : INFO : SwitchController : <<<<<<< 's_right_flipper_eos' active >>>>>>>
2025-04-20 20:01:57,500 : INFO : SwitchController : <<<<<<< 's_left_flipper' inactive >>>>>>>
2025-04-20 20:01:57,696 : INFO : SwitchController : <<<<<<< 's_right_flipper' active >>>>>>>
2025-04-20 20:01:57,774 : INFO : SwitchController : <<<<<<< 's_right_flipper' inactive >>>>>>>
2025-04-20 20:01:57,894 : INFO : SwitchController : <<<<<<< 's_right_flipper' active >>>>>>>
2025-04-20 20:01:57,962 : INFO : SwitchController : <<<<<<< 's_right_flipper' inactive >>>>>>>
2025-04-20 20:01:58,116 : INFO : SwitchController : <<<<<<< 's_left_flipper' active >>>>>>>
2025-04-20 20:01:58,125 : INFO : SwitchController : <<<<<<< 's_left_flipper' inactive >>>>>>>
2025-04-20 20:01:58,139 : INFO : SwitchController : <<<<<<< 's_left_flipper' active >>>>>>>
2025-04-20 20:01:58,217 : INFO : SwitchController : <<<<<<< 's_left_flipper' inactive >>>>>>>
2025-04-20 20:01:58,411 : INFO : SwitchController : <<<<<<< 's_left_flipper' active >>>>>>>
2025-04-20 20:01:58,546 : INFO : SwitchController : <<<<<<< 's_left_flipper' inactive >>>>>>>
2025-04-20 20:01:58,935 : INFO : SwitchController : <<<<<<< 's_left_flipper' active >>>>>>>
2025-04-20 20:01:58,969 : INFO : SwitchController : <<<<<<< 's_right_flipper_eos' inactive >>>>>>>
2025-04-20 20:01:58,975 : INFO : SwitchController : <<<<<<< 's_right_flipper_eos' active >>>>>>>
2025-04-20 20:01:58,979 : INFO : SwitchController : <<<<<<< 's_right_flipper_eos' inactive >>>>>>>
2025-04-20 20:01:58,986 : INFO : SwitchController : <<<<<<< 's_right_flipper_eos' active >>>>>>>
2025-04-20 20:01:59,091 : INFO : SwitchController : <<<<<<< 's_left_flipper' inactive >>>>>>>
2025-04-20 20:01:59,783 : INFO : SwitchController : <<<<<<< 's_left_flipper' active >>>>>>>
2025-04-20 20:01:59,871 : INFO : SwitchController : <<<<<<< 's_left_flipper' inactive >>>>>>>
2025-04-20 20:02:00,002 : INFO : SwitchController : <<<<<<< 's_left_flipper' active >>>>>>>
2025-04-20 20:02:00,071 : INFO : SwitchController : <<<<<<< 's_left_flipper' inactive >>>>>>>
2025-04-20 20:02:00,200 : INFO : SwitchController : <<<<<<< 's_left_flipper' active >>>>>>>
2025-04-20 20:02:00,257 : INFO : SwitchController : <<<<<<< 's_left_flipper' inactive >>>>>>>
2025-04-20 20:02:00,692 : INFO : SwitchController : <<<<<<< 's_left_flipper' active >>>>>>>
2025-04-20 20:02:00,723 : INFO : SwitchController : <<<<<<< 's_right_flipper_eos' inactive >>>>>>>
2025-04-20 20:02:00,730 : INFO : SwitchController : <<<<<<< 's_right_flipper_eos' active >>>>>>>
2025-04-20 20:02:00,733 : INFO : SwitchController : <<<<<<< 's_left_flipper' inactive >>>>>>>
2025-04-20 20:02:04,603 : INFO : SwitchController : <<<<<<< 's_left_flipper_eos' active >>>>>>>
2025-04-20 20:02:04,941 : INFO : SwitchController : <<<<<<< 's_left_flipper_eos' inactive >>>>>>>
2025-04-20 20:02:05,342 : INFO : SwitchController : <<<<<<< 's_left_flipper_eos' active >>>>>>>
2025-04-20 20:02:05,600 : INFO : SwitchController : <<<<<<< 's_left_flipper_eos' inactive >>>>>>>
2025-04-20 20:02:05,750 : INFO : SwitchController : <<<<<<< 's_left_flipper_eos' active >>>>>>>
2025-04-20 20:02:06,303 : INFO : SwitchController : <<<<<<< 's_left_flipper_eos' inactive >>>>>>>
2025-04-20 20:02:06,489 : INFO : SwitchController : <<<<<<< 's_left_flipper_eos' active >>>>>>>
2025-04-20 20:02:06,573 : INFO : SwitchController : <<<<<<< 's_left_flipper_eos' inactive >>>>>>>
2025-04-20 20:02:06,591 : INFO : SwitchController : <<<<<<< 's_left_flipper_eos' active >>>>>>>
2025-04-20 20:02:06,634 : INFO : SwitchController : <<<<<<< 's_left_flipper_eos' inactive >>>>>>>
2025-04-20 20:03:31,577 : INFO : Machine : Shutting down...
2025-04-20 20:03:31,577 : INFO : EventManager : Event: ======'shutdown'====== Args={}
2025-04-20 20:03:31,780 : INFO : root : MPF run loop ended.
