2025-04-26 17:49:37,767 : INFO : root : Loading config.
2025-04-26 17:49:38,001 : INFO : ConfigProcessor : Config spec file cache created: /tmp/config_spec.mpf_cache
2025-04-26 17:49:38,001 : INFO : YamlMultifileConfigLoader : Machine config file #1: config.yaml
2025-04-26 17:49:38,002 : INFO : ConfigProcessor : Loading config from file /home/pinpi/pinpi/lib/python3.11/site-packages/mpf/mpfconfig.yaml.
2025-04-26 17:49:38,046 : INFO : ConfigProcessor : Loading config: /home/pinpi/pinpi/lib/python3.11/site-packages/mpf/mpfconfig.yaml
2025-04-26 17:49:38,047 : INFO : ConfigProcessor : Loading config from file /home/pinpi/toedragons-pinball/config/config.yaml.
2025-04-26 17:49:38,052 : INFO : ConfigProcessor : Loading config: /home/pinpi/toedragons-pinball/config/config.yaml
2025-04-26 17:49:38,053 : INFO : ConfigProcessor : Config file cache created: /tmp/9121053a167b3a0609222a4623987891.mpf_cache
2025-04-26 17:49:38,139 : INFO : ConfigProcessor : Loading config from file /home/pinpi/pinpi/lib/python3.11/site-packages/mpf/modes/attract/config/attract.yaml.
2025-04-26 17:49:38,141 : INFO : ConfigProcessor : Loading config: /home/pinpi/pinpi/lib/python3.11/site-packages/mpf/modes/attract/config/attract.yaml
2025-04-26 17:49:38,141 : INFO : ConfigProcessor : Config file cache created: /tmp/66ef204c87633dc02ca3efd475778ed9.mpf_cache
2025-04-26 17:49:38,142 : INFO : ConfigProcessor : Loading config from file /home/pinpi/pinpi/lib/python3.11/site-packages/mpf/modes/game/config/game.yaml.
2025-04-26 17:49:38,143 : INFO : ConfigProcessor : Loading config: /home/pinpi/pinpi/lib/python3.11/site-packages/mpf/modes/game/config/game.yaml
2025-04-26 17:49:38,143 : INFO : ConfigProcessor : Config file cache created: /tmp/74f2825223a7abe8c76a0d15a1753cf2.mpf_cache
2025-04-26 17:49:38,144 : INFO : Machine : Mission Pinball Framework Core Engine v0.80.0.dev7
2025-04-26 17:49:38,144 : INFO : Machine : Command line arguments: {'no_load_cache': False, 'create_config_cache': True, 'bcp': False, 'configfile': ['config.yaml'], 'force_assets_load': False, 'platform_integration_test': False, 'jsonlogging': False, 'logfile': 'logs/2025-04-26-17-49-37-mpf-pinpi.log', 'pause': False, 'production': False, 'text_ui': True, 'loglevel': 15, 'consoleloglevel': 20, 'force_platform': None, 'syslog_address': None, 'full_logfile_path': '/home/pinpi/toedragons-pinball/logs/2025-04-26-17-49-37-mpf-pinpi.log'}
2025-04-26 17:49:38,144 : INFO : Machine : MPF path: /home/pinpi/pinpi/lib/python3.11/site-packages/mpf
2025-04-26 17:49:38,144 : INFO : Machine : Machine path: /home/pinpi/toedragons-pinball
2025-04-26 17:49:38,144 : INFO : Machine : Platform: linux
2025-04-26 17:49:38,144 : INFO : Machine : Python executable location: /home/pinpi/pinpi/bin/python
2025-04-26 17:49:38,144 : INFO : Machine : Python version: 3.11.2 (64-bit)
2025-04-26 17:49:38,145 : INFO : Machine : Initializing MPF...
2025-04-26 17:49:38,273 : INFO : FAST [NET] : Trying to connect to /dev/ttyAMA2 at 921600bps
2025-04-26 17:49:38,274 : INFO : FAST [NET] : Connected to /dev/ttyAMA2 at 921600bps
2025-04-26 17:49:38,275 : INFO : FAST [NET] : Connected to FP-CPU-2000 with firmware v02.26
2025-04-26 17:49:38,277 : INFO : FAST [NET] : Registered I/O Board 0: Model: FP-I/O-3208, Firmware: 01.10, Switches: 32, Drivers: 8
2025-04-26 17:49:38,277 : INFO : EventManager : Event: ======'machine_var_credits_string'====== Args={'value': 'FREE PLAY', 'prev_value': None, 'change': True}
2025-04-26 17:49:38,294 : INFO : EventManager : Event: ======'machine_var_master_volume'====== Args={'value': 0.5, 'prev_value': None, 'change': True}
2025-04-26 17:49:38,294 : INFO : EventManager : Event: ======'machine_var_mpf_version'====== Args={'value': 'Mission Pinball Framework v0.80.0.dev7', 'prev_value': None, 'change': True}
2025-04-26 17:49:38,294 : INFO : EventManager : Event: ======'machine_var_mpf_extended_version'====== Args={'value': 'Mission Pinball Framework v0.80.0.dev7, Config version:6, Show version: 6, BCP version:1.1', 'prev_value': None, 'change': True}
2025-04-26 17:49:38,294 : INFO : EventManager : Event: ======'machine_var_python_version'====== Args={'value': '3.11.2', 'prev_value': None, 'change': True}
2025-04-26 17:49:38,295 : INFO : EventManager : Event: ======'machine_var_platform'====== Args={'value': 'Linux-6.6.51+rpt-rpi-2712-aarch64-with-glibc2.36', 'prev_value': None, 'change': True}
2025-04-26 17:49:38,295 : INFO : EventManager : Event: ======'machine_var_platform_system'====== Args={'value': 'Linux', 'prev_value': None, 'change': True}
2025-04-26 17:49:38,295 : INFO : EventManager : Event: ======'machine_var_platform_release'====== Args={'value': '6.6.51+rpt-rpi-2712', 'prev_value': None, 'change': True}
2025-04-26 17:49:38,295 : INFO : EventManager : Event: ======'machine_var_platform_version'====== Args={'value': '#1 SMP PREEMPT Debian 1:6.6.51-1+rpt3 (2024-10-08)', 'prev_value': None, 'change': True}
2025-04-26 17:49:38,295 : INFO : EventManager : Event: ======'machine_var_platform_machine'====== Args={'value': 'aarch64', 'prev_value': None, 'change': True}
2025-04-26 17:49:38,295 : INFO : EventManager : Event: ======'machine_var_log_file_path'====== Args={'value': '/home/pinpi/toedragons-pinball/logs/2025-04-26-17-49-37-mpf-pinpi.log', 'prev_value': None, 'change': True}
2025-04-26 17:49:38,295 : INFO : EventManager : Event: ======'init_phase_1'====== Args={}
2025-04-26 17:49:38,421 : INFO : SwitchController : <<<<<<< 's_left_flipper_eos' active >>>>>>>
2025-04-26 17:49:38,422 : INFO : EventManager : Event: ======'init_phase_2'====== Args={}
2025-04-26 17:49:38,422 : INFO : SwitchController : Found active switch: (8, [FAST Platform Interface]) <switch.s_left_flipper_eos>
2025-04-26 17:49:38,429 : INFO : EventManager : Event: ======'init_phase_3'====== Args={}
2025-04-26 17:49:38,430 : INFO : EventManager : Event: ======'init_phase_4'====== Args={}
2025-04-26 17:49:38,431 : INFO : EventManager : Event: ======'machine_var_audits_switches_s_right_slingshot'====== Args={'value': 0, 'prev_value': None, 'change': True}
2025-04-26 17:49:38,431 : INFO : EventManager : Event: ======'machine_var_audits_switches_s_right_flipper_eos'====== Args={'value': 0, 'prev_value': None, 'change': True}
2025-04-26 17:49:38,431 : INFO : EventManager : Event: ======'machine_var_audits_switches_s_right_flipper'====== Args={'value': 0, 'prev_value': None, 'change': True}
2025-04-26 17:49:38,431 : INFO : EventManager : Event: ======'machine_var_audits_switches_s_left_slingshot'====== Args={'value': 0, 'prev_value': None, 'change': True}
2025-04-26 17:49:38,431 : INFO : EventManager : Event: ======'machine_var_audits_switches_s_left_flipper'====== Args={'value': 0, 'prev_value': None, 'change': True}
2025-04-26 17:49:38,431 : INFO : EventManager : Event: ======'machine_var_audits_switches_s_left_flipper_eos'====== Args={'value': 0, 'prev_value': None, 'change': True}
2025-04-26 17:49:38,431 : INFO : EventManager : Event: ======'machine_var_audits_events_game_started'====== Args={'value': 0, 'prev_value': None, 'change': True}
2025-04-26 17:49:38,431 : INFO : EventManager : Event: ======'machine_var_audits_events_game_ended'====== Args={'value': 0, 'prev_value': None, 'change': True}
2025-04-26 17:49:38,431 : INFO : EventManager : Event: ======'machine_var_audits_player_score'====== Args={'value': {'top': [], 'average': 0, 'total': 0}, 'prev_value': None, 'change': True}
2025-04-26 17:49:38,432 : INFO : EventManager : Event: ======'init_phase_5'====== Args={}
2025-04-26 17:49:38,432 : INFO : EventManager : Event: ======'init_done'====== Args={}
2025-04-26 17:49:38,432 : INFO : EventManager : Event: ======'machine_reset_phase_1'====== Args={}
2025-04-26 17:49:38,432 : INFO : EventManager : Event: ======'machine_reset_phase_2'====== Args={}
2025-04-26 17:49:38,432 : INFO : EventManager : Event: ======'machine_reset_phase_3'====== Args={}
2025-04-26 17:49:38,432 : INFO : EventManager : Event: ======'reset_complete'====== Args={}
2025-04-26 17:49:38,432 : INFO : EventManager : Event: ======'mode_attract_will_start'====== Args={}
2025-04-26 17:49:38,432 : INFO : EventManager : Event: ======'mode_attract_starting'====== Args={}
2025-04-26 17:49:38,433 : INFO : Mode.attract : Started. Priority: 10
2025-04-26 17:49:38,433 : INFO : EventManager : Event: ======'modes_active_modes_changed'====== Args={}
2025-04-26 17:49:38,433 : INFO : EventManager : Event: ======'mode_attract_started'====== Args={}
2025-04-26 17:49:38,433 : INFO : EventManager : Event: ======'collecting_balls_complete'====== Args={}
2025-04-26 17:49:38,436 : INFO : Machine : Starting the main run loop with active modes: [<Mode.attract>]
2025-04-26 17:49:40,888 : INFO : SwitchController : <<<<<<< 's_left_flipper' active >>>>>>>
2025-04-26 17:49:41,002 : INFO : SwitchController : <<<<<<< 's_left_flipper' inactive >>>>>>>
2025-04-26 17:49:41,197 : INFO : SwitchController : <<<<<<< 's_left_flipper' active >>>>>>>
2025-04-26 17:49:41,284 : INFO : SwitchController : <<<<<<< 's_left_flipper' inactive >>>>>>>
2025-04-26 17:49:41,403 : INFO : SwitchController : <<<<<<< 's_left_flipper' active >>>>>>>
2025-04-26 17:49:41,469 : INFO : SwitchController : <<<<<<< 's_left_flipper' inactive >>>>>>>
2025-04-26 17:49:41,825 : INFO : SwitchController : <<<<<<< 's_left_flipper' active >>>>>>>
2025-04-26 17:49:41,926 : INFO : SwitchController : <<<<<<< 's_left_flipper' inactive >>>>>>>
2025-04-26 17:49:42,074 : INFO : SwitchController : <<<<<<< 's_left_flipper' active >>>>>>>
2025-04-26 17:49:42,181 : INFO : SwitchController : <<<<<<< 's_left_flipper' inactive >>>>>>>
2025-04-26 17:49:42,554 : INFO : SwitchController : <<<<<<< 's_left_flipper' active >>>>>>>
2025-04-26 17:49:42,780 : INFO : SwitchController : <<<<<<< 's_left_flipper' inactive >>>>>>>
2025-04-26 17:49:42,974 : INFO : SwitchController : <<<<<<< 's_left_flipper' active >>>>>>>
2025-04-26 17:49:43,074 : INFO : SwitchController : <<<<<<< 's_left_flipper' inactive >>>>>>>
2025-04-26 17:49:50,365 : INFO : SwitchController : <<<<<<< 's_left_flipper' active >>>>>>>
2025-04-26 17:49:50,434 : INFO : SwitchController : <<<<<<< 's_left_flipper' inactive >>>>>>>
2025-04-26 17:49:50,708 : INFO : SwitchController : <<<<<<< 's_left_flipper' active >>>>>>>
2025-04-26 17:49:50,812 : INFO : SwitchController : <<<<<<< 's_left_flipper' inactive >>>>>>>
2025-04-26 17:49:51,070 : INFO : SwitchController : <<<<<<< 's_left_flipper' active >>>>>>>
2025-04-26 17:49:51,184 : INFO : SwitchController : <<<<<<< 's_left_flipper' inactive >>>>>>>
2025-04-26 17:49:51,526 : INFO : SwitchController : <<<<<<< 's_left_flipper' active >>>>>>>
2025-04-26 17:49:51,633 : INFO : SwitchController : <<<<<<< 's_left_flipper' inactive >>>>>>>
2025-04-26 17:49:51,971 : INFO : SwitchController : <<<<<<< 's_left_flipper' active >>>>>>>
2025-04-26 17:49:52,067 : INFO : SwitchController : <<<<<<< 's_left_flipper' inactive >>>>>>>
2025-04-26 17:49:52,845 : INFO : SwitchController : <<<<<<< 's_left_flipper' active >>>>>>>
2025-04-26 17:49:52,928 : INFO : SwitchController : <<<<<<< 's_left_flipper' inactive >>>>>>>
2025-04-26 17:49:53,176 : INFO : SwitchController : <<<<<<< 's_left_flipper' active >>>>>>>
2025-04-26 17:49:53,316 : INFO : SwitchController : <<<<<<< 's_left_flipper' inactive >>>>>>>
2025-04-26 17:49:53,617 : INFO : SwitchController : <<<<<<< 's_left_flipper' active >>>>>>>
2025-04-26 17:49:53,747 : INFO : SwitchController : <<<<<<< 's_left_flipper' inactive >>>>>>>
2025-04-26 17:49:54,387 : INFO : SwitchController : <<<<<<< 's_left_flipper' active >>>>>>>
2025-04-26 17:49:54,536 : INFO : SwitchController : <<<<<<< 's_left_flipper' inactive >>>>>>>
2025-04-26 17:49:54,795 : INFO : SwitchController : <<<<<<< 's_left_flipper' active >>>>>>>
2025-04-26 17:49:54,955 : INFO : SwitchController : <<<<<<< 's_left_flipper' inactive >>>>>>>
2025-04-26 17:49:55,212 : INFO : SwitchController : <<<<<<< 's_left_flipper' active >>>>>>>
2025-04-26 17:49:55,328 : INFO : SwitchController : <<<<<<< 's_left_flipper' inactive >>>>>>>
2025-04-26 17:50:02,948 : INFO : Machine : Shutting down...
2025-04-26 17:50:02,948 : INFO : EventManager : Event: ======'shutdown'====== Args={}
2025-04-26 17:50:03,050 : INFO : root : MPF run loop ended.
