2025-04-20 20:20:18,103 : INFO : root : Loading config.
2025-04-20 20:20:18,105 : INFO : YamlMultifileConfigLoader : Machine config file #1: config.yaml
2025-04-20 20:20:18,106 : WARNING : ConfigProcessor : Config file in cache changed: /home/pinpi/toedragons-pinball/config/config.yaml
2025-04-20 20:20:18,106 : INFO : ConfigProcessor : Loading config from file /home/pinpi/pinpi/lib/python3.11/site-packages/mpf/mpfconfig.yaml.
2025-04-20 20:20:18,152 : INFO : ConfigProcessor : Loading config: /home/pinpi/pinpi/lib/python3.11/site-packages/mpf/mpfconfig.yaml
2025-04-20 20:20:18,152 : INFO : ConfigProcessor : Loading config from file /home/pinpi/toedragons-pinball/config/config.yaml.
2025-04-20 20:20:18,160 : INFO : ConfigProcessor : Loading config: /home/pinpi/toedragons-pinball/config/config.yaml
2025-04-20 20:20:18,161 : INFO : ConfigProcessor : Config file cache created: /tmp/9121053a167b3a0609222a4623987891.mpf_cache
2025-04-20 20:20:18,193 : INFO : ConfigProcessor : Loading config from cache: /tmp/66ef204c87633dc02ca3efd475778ed9.mpf_cache
2025-04-20 20:20:18,194 : INFO : ConfigProcessor : Loading config from cache: /tmp/74f2825223a7abe8c76a0d15a1753cf2.mpf_cache
2025-04-20 20:20:18,194 : INFO : Machine : Mission Pinball Framework Core Engine v0.80.0.dev7
2025-04-20 20:20:18,194 : INFO : Machine : Command line arguments: {'no_load_cache': False, 'create_config_cache': True, 'bcp': False, 'configfile': ['config.yaml'], 'force_assets_load': False, 'platform_integration_test': False, 'jsonlogging': False, 'logfile': 'logs/2025-04-20-20-20-18-mpf-pinpi.log', 'pause': False, 'production': False, 'text_ui': True, 'loglevel': 15, 'consoleloglevel': 20, 'force_platform': None, 'syslog_address': None, 'full_logfile_path': '/home/pinpi/toedragons-pinball/logs/2025-04-20-20-20-18-mpf-pinpi.log'}
2025-04-20 20:20:18,194 : INFO : Machine : MPF path: /home/pinpi/pinpi/lib/python3.11/site-packages/mpf
2025-04-20 20:20:18,194 : INFO : Machine : Machine path: /home/pinpi/toedragons-pinball
2025-04-20 20:20:18,194 : INFO : Machine : Platform: linux
2025-04-20 20:20:18,194 : INFO : Machine : Python executable location: /home/pinpi/pinpi/bin/python
2025-04-20 20:20:18,194 : INFO : Machine : Python version: 3.11.2 (64-bit)
2025-04-20 20:20:18,195 : INFO : Machine : Initializing MPF...
2025-04-20 20:20:18,240 : INFO : FAST [NET] : Trying to connect to /dev/ttyAMA2 at 921600bps
2025-04-20 20:20:18,240 : INFO : FAST [NET] : Connected to /dev/ttyAMA2 at 921600bps
2025-04-20 20:20:18,242 : INFO : FAST [NET] : Connected to FP-CPU-2000 with firmware v02.26
2025-04-20 20:20:18,244 : INFO : FAST [NET] : Registered I/O Board 0: Model: FP-I/O-3208, Firmware: 01.10, Switches: 32, Drivers: 8
2025-04-20 20:20:18,244 : INFO : EventManager : Event: ======'machine_var_credits_string'====== Args={'value': 'FREE PLAY', 'prev_value': None, 'change': True}
2025-04-20 20:20:18,251 : INFO : EventManager : Event: ======'machine_var_master_volume'====== Args={'value': 0.5, 'prev_value': None, 'change': True}
2025-04-20 20:20:18,251 : INFO : EventManager : Event: ======'machine_var_mpf_version'====== Args={'value': 'Mission Pinball Framework v0.80.0.dev7', 'prev_value': None, 'change': True}
2025-04-20 20:20:18,251 : INFO : EventManager : Event: ======'machine_var_mpf_extended_version'====== Args={'value': 'Mission Pinball Framework v0.80.0.dev7, Config version:6, Show version: 6, BCP version:1.1', 'prev_value': None, 'change': True}
2025-04-20 20:20:18,251 : INFO : EventManager : Event: ======'machine_var_python_version'====== Args={'value': '3.11.2', 'prev_value': None, 'change': True}
2025-04-20 20:20:18,253 : INFO : EventManager : Event: ======'machine_var_platform'====== Args={'value': 'Linux-6.6.51+rpt-rpi-2712-aarch64-with-glibc2.36', 'prev_value': None, 'change': True}
2025-04-20 20:20:18,253 : INFO : EventManager : Event: ======'machine_var_platform_system'====== Args={'value': 'Linux', 'prev_value': None, 'change': True}
2025-04-20 20:20:18,253 : INFO : EventManager : Event: ======'machine_var_platform_release'====== Args={'value': '6.6.51+rpt-rpi-2712', 'prev_value': None, 'change': True}
2025-04-20 20:20:18,253 : INFO : EventManager : Event: ======'machine_var_platform_version'====== Args={'value': '#1 SMP PREEMPT Debian 1:6.6.51-1+rpt3 (2024-10-08)', 'prev_value': None, 'change': True}
2025-04-20 20:20:18,253 : INFO : EventManager : Event: ======'machine_var_platform_machine'====== Args={'value': 'aarch64', 'prev_value': None, 'change': True}
2025-04-20 20:20:18,253 : INFO : EventManager : Event: ======'machine_var_log_file_path'====== Args={'value': '/home/pinpi/toedragons-pinball/logs/2025-04-20-20-20-18-mpf-pinpi.log', 'prev_value': None, 'change': True}
2025-04-20 20:20:18,253 : INFO : EventManager : Event: ======'init_phase_1'====== Args={}
2025-04-20 20:20:18,331 : INFO : EventManager : Event: ======'init_phase_2'====== Args={}
2025-04-20 20:20:18,334 : INFO : EventManager : Event: ======'init_phase_3'====== Args={}
2025-04-20 20:20:18,335 : INFO : EventManager : Event: ======'init_phase_4'====== Args={}
2025-04-20 20:20:18,336 : INFO : EventManager : Event: ======'machine_var_audits_switches_s_right_slingshot'====== Args={'value': 0, 'prev_value': None, 'change': True}
2025-04-20 20:20:18,336 : INFO : EventManager : Event: ======'machine_var_audits_switches_s_left_flipper'====== Args={'value': 0, 'prev_value': None, 'change': True}
2025-04-20 20:20:18,336 : INFO : EventManager : Event: ======'machine_var_audits_switches_s_left_slingshot'====== Args={'value': 0, 'prev_value': None, 'change': True}
2025-04-20 20:20:18,337 : INFO : EventManager : Event: ======'machine_var_audits_switches_s_right_flipper_eos'====== Args={'value': 0, 'prev_value': None, 'change': True}
2025-04-20 20:20:18,337 : INFO : EventManager : Event: ======'machine_var_audits_switches_s_left_flipper_eos'====== Args={'value': 0, 'prev_value': None, 'change': True}
2025-04-20 20:20:18,337 : INFO : EventManager : Event: ======'machine_var_audits_switches_s_right_flipper'====== Args={'value': 0, 'prev_value': None, 'change': True}
2025-04-20 20:20:18,337 : INFO : EventManager : Event: ======'machine_var_audits_events_game_started'====== Args={'value': 0, 'prev_value': None, 'change': True}
2025-04-20 20:20:18,337 : INFO : EventManager : Event: ======'machine_var_audits_events_game_ended'====== Args={'value': 0, 'prev_value': None, 'change': True}
2025-04-20 20:20:18,337 : INFO : EventManager : Event: ======'machine_var_audits_player_score'====== Args={'value': {'top': [], 'average': 0, 'total': 0}, 'prev_value': None, 'change': True}
2025-04-20 20:20:18,337 : INFO : EventManager : Event: ======'init_phase_5'====== Args={}
2025-04-20 20:20:18,337 : INFO : EventManager : Event: ======'init_done'====== Args={}
2025-04-20 20:20:18,337 : INFO : EventManager : Event: ======'machine_reset_phase_1'====== Args={}
2025-04-20 20:20:18,337 : INFO : EventManager : Event: ======'machine_reset_phase_2'====== Args={}
2025-04-20 20:20:18,338 : INFO : EventManager : Event: ======'machine_reset_phase_3'====== Args={}
2025-04-20 20:20:18,338 : INFO : EventManager : Event: ======'reset_complete'====== Args={}
2025-04-20 20:20:18,338 : INFO : EventManager : Event: ======'mode_attract_will_start'====== Args={}
2025-04-20 20:20:18,338 : INFO : EventManager : Event: ======'mode_attract_starting'====== Args={}
2025-04-20 20:20:18,338 : INFO : Mode.attract : Started. Priority: 10
2025-04-20 20:20:18,339 : INFO : EventManager : Event: ======'modes_active_modes_changed'====== Args={}
2025-04-20 20:20:18,339 : INFO : EventManager : Event: ======'mode_attract_started'====== Args={}
2025-04-20 20:20:18,339 : INFO : EventManager : Event: ======'collecting_balls_complete'====== Args={}
2025-04-20 20:20:18,339 : INFO : Machine : Starting the main run loop with active modes: [<Mode.attract>]
2025-04-20 20:20:19,361 : INFO : SwitchController : <<<<<<< 's_left_flipper' active >>>>>>>
2025-04-20 20:20:19,601 : INFO : SwitchController : <<<<<<< 's_left_flipper' inactive >>>>>>>
2025-04-20 20:20:19,766 : INFO : SwitchController : <<<<<<< 's_left_flipper' active >>>>>>>
2025-04-20 20:20:19,934 : INFO : SwitchController : <<<<<<< 's_left_flipper' inactive >>>>>>>
2025-04-20 20:20:20,010 : INFO : SwitchController : <<<<<<< 's_left_flipper' active >>>>>>>
2025-04-20 20:20:20,126 : INFO : SwitchController : <<<<<<< 's_left_flipper' inactive >>>>>>>
2025-04-20 20:20:20,217 : INFO : SwitchController : <<<<<<< 's_left_flipper' active >>>>>>>
2025-04-20 20:20:20,324 : INFO : SwitchController : <<<<<<< 's_left_flipper' inactive >>>>>>>
2025-04-20 20:20:20,412 : INFO : SwitchController : <<<<<<< 's_left_flipper' active >>>>>>>
2025-04-20 20:20:20,512 : INFO : SwitchController : <<<<<<< 's_left_flipper' inactive >>>>>>>
2025-04-20 20:20:20,618 : INFO : SwitchController : <<<<<<< 's_left_flipper' active >>>>>>>
2025-04-20 20:20:20,715 : INFO : SwitchController : <<<<<<< 's_left_flipper' inactive >>>>>>>
2025-04-20 20:20:20,783 : INFO : SwitchController : <<<<<<< 's_left_flipper' active >>>>>>>
2025-04-20 20:20:20,890 : INFO : SwitchController : <<<<<<< 's_left_flipper' inactive >>>>>>>
2025-04-20 20:20:24,113 : INFO : SwitchController : <<<<<<< 's_right_slingshot' active >>>>>>>
2025-04-20 20:20:24,410 : INFO : SwitchController : <<<<<<< 's_right_slingshot' inactive >>>>>>>
2025-04-20 20:20:24,735 : INFO : SwitchController : <<<<<<< 's_right_slingshot' active >>>>>>>
2025-04-20 20:20:25,008 : INFO : SwitchController : <<<<<<< 's_right_slingshot' inactive >>>>>>>
2025-04-20 20:20:25,090 : INFO : SwitchController : <<<<<<< 's_right_slingshot' active >>>>>>>
2025-04-20 20:20:25,285 : INFO : SwitchController : <<<<<<< 's_right_slingshot' inactive >>>>>>>
2025-04-20 20:20:25,346 : INFO : SwitchController : <<<<<<< 's_right_slingshot' active >>>>>>>
2025-04-20 20:20:25,501 : INFO : SwitchController : <<<<<<< 's_right_slingshot' inactive >>>>>>>
2025-04-20 20:20:25,948 : INFO : SwitchController : <<<<<<< 's_right_slingshot' active >>>>>>>
2025-04-20 20:20:26,194 : INFO : SwitchController : <<<<<<< 's_right_slingshot' inactive >>>>>>>
2025-04-20 20:20:26,333 : INFO : SwitchController : <<<<<<< 's_right_slingshot' active >>>>>>>
2025-04-20 20:20:26,576 : INFO : SwitchController : <<<<<<< 's_right_slingshot' inactive >>>>>>>
2025-04-20 20:20:26,608 : INFO : SwitchController : <<<<<<< 's_right_slingshot' active >>>>>>>
2025-04-20 20:20:26,811 : INFO : SwitchController : <<<<<<< 's_right_slingshot' inactive >>>>>>>
2025-04-20 20:20:58,600 : INFO : Machine : Shutting down...
2025-04-20 20:20:58,601 : INFO : EventManager : Event: ======'shutdown'====== Args={}
2025-04-20 20:20:58,703 : INFO : root : MPF run loop ended.
