2025-04-26 17:52:59,481 : INFO : root : Loading config.
2025-04-26 17:52:59,483 : INFO : YamlMultifileConfigLoader : Machine config file #1: config.yaml
2025-04-26 17:52:59,483 : WARNING : ConfigProcessor : Config file in cache changed: /home/pinpi/toedragons-pinball/config/config.yaml
2025-04-26 17:52:59,483 : INFO : ConfigProcessor : Loading config from file /home/pinpi/pinpi/lib/python3.11/site-packages/mpf/mpfconfig.yaml.
2025-04-26 17:52:59,530 : INFO : ConfigProcessor : Loading config: /home/pinpi/pinpi/lib/python3.11/site-packages/mpf/mpfconfig.yaml
2025-04-26 17:52:59,531 : INFO : ConfigProcessor : Loading config from file /home/pinpi/toedragons-pinball/config/config.yaml.
2025-04-26 17:52:59,536 : INFO : ConfigProcessor : Loading config: /home/pinpi/toedragons-pinball/config/config.yaml
2025-04-26 17:52:59,537 : INFO : ConfigProcessor : Config file cache created: /tmp/9121053a167b3a0609222a4623987891.mpf_cache
2025-04-26 17:52:59,570 : INFO : ConfigProcessor : Loading config from cache: /tmp/66ef204c87633dc02ca3efd475778ed9.mpf_cache
2025-04-26 17:52:59,571 : INFO : ConfigProcessor : Loading config from cache: /tmp/74f2825223a7abe8c76a0d15a1753cf2.mpf_cache
2025-04-26 17:52:59,571 : INFO : Machine : Mission Pinball Framework Core Engine v0.80.0.dev7
2025-04-26 17:52:59,571 : INFO : Machine : Command line arguments: {'no_load_cache': False, 'create_config_cache': True, 'bcp': False, 'configfile': ['config.yaml'], 'force_assets_load': False, 'platform_integration_test': False, 'jsonlogging': False, 'logfile': 'logs/2025-04-26-17-52-59-mpf-pinpi.log', 'pause': False, 'production': False, 'text_ui': True, 'loglevel': 15, 'consoleloglevel': 20, 'force_platform': None, 'syslog_address': None, 'full_logfile_path': '/home/pinpi/toedragons-pinball/logs/2025-04-26-17-52-59-mpf-pinpi.log'}
2025-04-26 17:52:59,571 : INFO : Machine : MPF path: /home/pinpi/pinpi/lib/python3.11/site-packages/mpf
2025-04-26 17:52:59,571 : INFO : Machine : Machine path: /home/pinpi/toedragons-pinball
2025-04-26 17:52:59,571 : INFO : Machine : Platform: linux
2025-04-26 17:52:59,571 : INFO : Machine : Python executable location: /home/pinpi/pinpi/bin/python
2025-04-26 17:52:59,571 : INFO : Machine : Python version: 3.11.2 (64-bit)
2025-04-26 17:52:59,572 : INFO : Machine : Initializing MPF...
2025-04-26 17:52:59,616 : INFO : FAST [NET] : Trying to connect to /dev/ttyAMA2 at 921600bps
2025-04-26 17:52:59,617 : INFO : FAST [NET] : Connected to /dev/ttyAMA2 at 921600bps
2025-04-26 17:52:59,618 : INFO : FAST [NET] : Connected to FP-CPU-2000 with firmware v02.26
2025-04-26 17:52:59,620 : INFO : FAST [NET] : Registered I/O Board 0: Model: FP-I/O-3208, Firmware: 01.10, Switches: 32, Drivers: 8
2025-04-26 17:52:59,620 : INFO : EventManager : Event: ======'machine_var_credits_string'====== Args={'value': 'FREE PLAY', 'prev_value': None, 'change': True}
2025-04-26 17:52:59,627 : INFO : EventManager : Event: ======'machine_var_master_volume'====== Args={'value': 0.5, 'prev_value': None, 'change': True}
2025-04-26 17:52:59,627 : INFO : EventManager : Event: ======'machine_var_mpf_version'====== Args={'value': 'Mission Pinball Framework v0.80.0.dev7', 'prev_value': None, 'change': True}
2025-04-26 17:52:59,627 : INFO : EventManager : Event: ======'machine_var_mpf_extended_version'====== Args={'value': 'Mission Pinball Framework v0.80.0.dev7, Config version:6, Show version: 6, BCP version:1.1', 'prev_value': None, 'change': True}
2025-04-26 17:52:59,627 : INFO : EventManager : Event: ======'machine_var_python_version'====== Args={'value': '3.11.2', 'prev_value': None, 'change': True}
2025-04-26 17:52:59,628 : INFO : EventManager : Event: ======'machine_var_platform'====== Args={'value': 'Linux-6.6.51+rpt-rpi-2712-aarch64-with-glibc2.36', 'prev_value': None, 'change': True}
2025-04-26 17:52:59,628 : INFO : EventManager : Event: ======'machine_var_platform_system'====== Args={'value': 'Linux', 'prev_value': None, 'change': True}
2025-04-26 17:52:59,628 : INFO : EventManager : Event: ======'machine_var_platform_release'====== Args={'value': '6.6.51+rpt-rpi-2712', 'prev_value': None, 'change': True}
2025-04-26 17:52:59,628 : INFO : EventManager : Event: ======'machine_var_platform_version'====== Args={'value': '#1 SMP PREEMPT Debian 1:6.6.51-1+rpt3 (2024-10-08)', 'prev_value': None, 'change': True}
2025-04-26 17:52:59,628 : INFO : EventManager : Event: ======'machine_var_platform_machine'====== Args={'value': 'aarch64', 'prev_value': None, 'change': True}
2025-04-26 17:52:59,628 : INFO : EventManager : Event: ======'machine_var_log_file_path'====== Args={'value': '/home/pinpi/toedragons-pinball/logs/2025-04-26-17-52-59-mpf-pinpi.log', 'prev_value': None, 'change': True}
2025-04-26 17:52:59,629 : INFO : EventManager : Event: ======'init_phase_1'====== Args={}
2025-04-26 17:52:59,703 : INFO : SwitchController : <<<<<<< 's_left_flipper_eos' active >>>>>>>
2025-04-26 17:52:59,704 : INFO : EventManager : Event: ======'init_phase_2'====== Args={}
2025-04-26 17:52:59,704 : INFO : SwitchController : Found active switch: (8, [FAST Platform Interface]) <switch.s_left_flipper_eos>
2025-04-26 17:52:59,707 : INFO : EventManager : Event: ======'init_phase_3'====== Args={}
2025-04-26 17:52:59,708 : INFO : EventManager : Event: ======'init_phase_4'====== Args={}
2025-04-26 17:52:59,709 : INFO : EventManager : Event: ======'machine_var_audits_switches_s_right_flipper_eos'====== Args={'value': 0, 'prev_value': None, 'change': True}
2025-04-26 17:52:59,709 : INFO : EventManager : Event: ======'machine_var_audits_switches_s_right_flipper'====== Args={'value': 0, 'prev_value': None, 'change': True}
2025-04-26 17:52:59,709 : INFO : EventManager : Event: ======'machine_var_audits_switches_s_right_slingshot'====== Args={'value': 0, 'prev_value': None, 'change': True}
2025-04-26 17:52:59,709 : INFO : EventManager : Event: ======'machine_var_audits_switches_s_left_slingshot'====== Args={'value': 0, 'prev_value': None, 'change': True}
2025-04-26 17:52:59,709 : INFO : EventManager : Event: ======'machine_var_audits_switches_s_left_flipper_eos'====== Args={'value': 0, 'prev_value': None, 'change': True}
2025-04-26 17:52:59,710 : INFO : EventManager : Event: ======'machine_var_audits_switches_s_left_flipper'====== Args={'value': 0, 'prev_value': None, 'change': True}
2025-04-26 17:52:59,710 : INFO : EventManager : Event: ======'machine_var_audits_events_game_started'====== Args={'value': 0, 'prev_value': None, 'change': True}
2025-04-26 17:52:59,710 : INFO : EventManager : Event: ======'machine_var_audits_events_game_ended'====== Args={'value': 0, 'prev_value': None, 'change': True}
2025-04-26 17:52:59,710 : INFO : EventManager : Event: ======'machine_var_audits_player_score'====== Args={'value': {'top': [], 'average': 0, 'total': 0}, 'prev_value': None, 'change': True}
2025-04-26 17:52:59,710 : INFO : EventManager : Event: ======'init_phase_5'====== Args={}
2025-04-26 17:52:59,710 : INFO : EventManager : Event: ======'init_done'====== Args={}
2025-04-26 17:52:59,710 : INFO : EventManager : Event: ======'machine_reset_phase_1'====== Args={}
2025-04-26 17:52:59,710 : INFO : EventManager : Event: ======'machine_reset_phase_2'====== Args={}
2025-04-26 17:52:59,710 : INFO : EventManager : Event: ======'machine_reset_phase_3'====== Args={}
2025-04-26 17:52:59,711 : INFO : EventManager : Event: ======'reset_complete'====== Args={}
2025-04-26 17:52:59,711 : INFO : EventManager : Event: ======'mode_attract_will_start'====== Args={}
2025-04-26 17:52:59,711 : INFO : EventManager : Event: ======'mode_attract_starting'====== Args={}
2025-04-26 17:52:59,711 : INFO : Mode.attract : Started. Priority: 10
2025-04-26 17:52:59,711 : INFO : EventManager : Event: ======'modes_active_modes_changed'====== Args={}
2025-04-26 17:52:59,711 : INFO : EventManager : Event: ======'mode_attract_started'====== Args={}
2025-04-26 17:52:59,711 : INFO : EventManager : Event: ======'collecting_balls_complete'====== Args={}
2025-04-26 17:52:59,712 : INFO : Machine : Starting the main run loop with active modes: [<Mode.attract>]
2025-04-26 17:53:01,803 : INFO : SwitchController : <<<<<<< 's_left_flipper' active >>>>>>>
2025-04-26 17:53:01,825 : INFO : SwitchController : <<<<<<< 's_left_flipper_eos' inactive >>>>>>>
2025-04-26 17:53:01,879 : INFO : SwitchController : <<<<<<< 's_left_flipper' inactive >>>>>>>
2025-04-26 17:53:01,921 : INFO : SwitchController : <<<<<<< 's_left_flipper_eos' active >>>>>>>
2025-04-26 17:53:02,263 : INFO : SwitchController : <<<<<<< 's_left_flipper' active >>>>>>>
2025-04-26 17:53:02,283 : INFO : SwitchController : <<<<<<< 's_left_flipper_eos' inactive >>>>>>>
2025-04-26 17:53:02,319 : INFO : SwitchController : <<<<<<< 's_left_flipper' inactive >>>>>>>
2025-04-26 17:53:02,360 : INFO : SwitchController : <<<<<<< 's_left_flipper_eos' active >>>>>>>
2025-04-26 17:53:03,166 : INFO : SwitchController : <<<<<<< 's_left_flipper' active >>>>>>>
2025-04-26 17:53:03,188 : INFO : SwitchController : <<<<<<< 's_left_flipper_eos' inactive >>>>>>>
2025-04-26 17:53:03,260 : INFO : SwitchController : <<<<<<< 's_left_flipper' inactive >>>>>>>
2025-04-26 17:53:03,301 : INFO : SwitchController : <<<<<<< 's_left_flipper_eos' active >>>>>>>
2025-04-26 17:53:03,412 : INFO : SwitchController : <<<<<<< 's_left_flipper' active >>>>>>>
2025-04-26 17:53:03,434 : INFO : SwitchController : <<<<<<< 's_left_flipper_eos' inactive >>>>>>>
2025-04-26 17:53:03,478 : INFO : SwitchController : <<<<<<< 's_left_flipper' inactive >>>>>>>
2025-04-26 17:53:03,520 : INFO : SwitchController : <<<<<<< 's_left_flipper_eos' active >>>>>>>
2025-04-26 17:53:03,643 : INFO : SwitchController : <<<<<<< 's_left_flipper' active >>>>>>>
2025-04-26 17:53:03,666 : INFO : SwitchController : <<<<<<< 's_left_flipper_eos' inactive >>>>>>>
2025-04-26 17:53:03,711 : INFO : SwitchController : <<<<<<< 's_left_flipper' inactive >>>>>>>
2025-04-26 17:53:03,751 : INFO : SwitchController : <<<<<<< 's_left_flipper_eos' active >>>>>>>
2025-04-26 17:53:04,063 : INFO : SwitchController : <<<<<<< 's_left_flipper' active >>>>>>>
2025-04-26 17:53:04,086 : INFO : SwitchController : <<<<<<< 's_left_flipper_eos' inactive >>>>>>>
2025-04-26 17:53:04,096 : INFO : SwitchController : <<<<<<< 's_left_flipper' inactive >>>>>>>
2025-04-26 17:53:04,131 : INFO : SwitchController : <<<<<<< 's_left_flipper_eos' active >>>>>>>
2025-04-26 17:53:04,230 : INFO : SwitchController : <<<<<<< 's_left_flipper' active >>>>>>>
2025-04-26 17:53:04,253 : INFO : SwitchController : <<<<<<< 's_left_flipper_eos' inactive >>>>>>>
2025-04-26 17:53:04,304 : INFO : SwitchController : <<<<<<< 's_left_flipper' inactive >>>>>>>
2025-04-26 17:53:04,347 : INFO : SwitchController : <<<<<<< 's_left_flipper_eos' active >>>>>>>
2025-04-26 17:53:04,603 : INFO : SwitchController : <<<<<<< 's_left_flipper' active >>>>>>>
2025-04-26 17:53:04,624 : INFO : SwitchController : <<<<<<< 's_left_flipper_eos' inactive >>>>>>>
2025-04-26 17:53:04,639 : INFO : SwitchController : <<<<<<< 's_left_flipper' inactive >>>>>>>
2025-04-26 17:53:04,678 : INFO : SwitchController : <<<<<<< 's_left_flipper_eos' active >>>>>>>
2025-04-26 17:53:04,890 : INFO : SwitchController : <<<<<<< 's_left_flipper' active >>>>>>>
2025-04-26 17:53:04,911 : INFO : SwitchController : <<<<<<< 's_left_flipper_eos' inactive >>>>>>>
2025-04-26 17:53:04,959 : INFO : SwitchController : <<<<<<< 's_left_flipper' inactive >>>>>>>
2025-04-26 17:53:05,000 : INFO : SwitchController : <<<<<<< 's_left_flipper_eos' active >>>>>>>
2025-04-26 17:53:05,316 : INFO : SwitchController : <<<<<<< 's_left_flipper' active >>>>>>>
2025-04-26 17:53:05,337 : INFO : SwitchController : <<<<<<< 's_left_flipper_eos' inactive >>>>>>>
2025-04-26 17:53:05,409 : INFO : SwitchController : <<<<<<< 's_left_flipper' inactive >>>>>>>
2025-04-26 17:53:05,451 : INFO : SwitchController : <<<<<<< 's_left_flipper_eos' active >>>>>>>
2025-04-26 17:53:10,360 : INFO : SwitchController : <<<<<<< 's_left_flipper' active >>>>>>>
2025-04-26 17:53:10,381 : INFO : SwitchController : <<<<<<< 's_left_flipper_eos' inactive >>>>>>>
2025-04-26 17:53:10,971 : INFO : SwitchController : <<<<<<< 's_left_flipper' inactive >>>>>>>
2025-04-26 17:53:10,973 : INFO : SwitchController : <<<<<<< 's_left_flipper_eos' active >>>>>>>
