2025-05-06 22:17:53,730 : INFO : root : Loading config.
2025-05-06 22:17:53,962 : INFO : ConfigProcessor : Config spec file cache created: /tmp/config_spec.mpf_cache
2025-05-06 22:17:53,962 : INFO : YamlMultifileConfigLoader : Machine config file #1: config.yaml
2025-05-06 22:17:53,962 : INFO : ConfigProcessor : Loading config from file /home/pinpi/pinpi/lib/python3.11/site-packages/mpf/mpfconfig.yaml.
2025-05-06 22:17:54,007 : INFO : ConfigProcessor : Loading config: /home/pinpi/pinpi/lib/python3.11/site-packages/mpf/mpfconfig.yaml
2025-05-06 22:17:54,007 : INFO : ConfigProcessor : Loading config from file /home/pinpi/toedragons-pinball/config/config.yaml.
2025-05-06 22:17:54,014 : INFO : ConfigProcessor : Loading config: /home/pinpi/toedragons-pinball/config/config.yaml
2025-05-06 22:17:54,015 : INFO : ConfigProcessor : Config file cache created: /tmp/9121053a167b3a0609222a4623987891.mpf_cache
2025-05-06 22:17:54,098 : INFO : ConfigProcessor : Loading config from file /home/pinpi/pinpi/lib/python3.11/site-packages/mpf/modes/attract/config/attract.yaml.
2025-05-06 22:17:54,099 : INFO : ConfigProcessor : Loading config: /home/pinpi/pinpi/lib/python3.11/site-packages/mpf/modes/attract/config/attract.yaml
2025-05-06 22:17:54,100 : INFO : ConfigProcessor : Config file cache created: /tmp/66ef204c87633dc02ca3efd475778ed9.mpf_cache
2025-05-06 22:17:54,100 : INFO : ConfigProcessor : Loading config from file /home/pinpi/pinpi/lib/python3.11/site-packages/mpf/modes/game/config/game.yaml.
2025-05-06 22:17:54,102 : INFO : ConfigProcessor : Loading config: /home/pinpi/pinpi/lib/python3.11/site-packages/mpf/modes/game/config/game.yaml
2025-05-06 22:17:54,102 : INFO : ConfigProcessor : Config file cache created: /tmp/74f2825223a7abe8c76a0d15a1753cf2.mpf_cache
2025-05-06 22:17:54,102 : INFO : Machine : Mission Pinball Framework Core Engine v0.80.0.dev7
2025-05-06 22:17:54,102 : INFO : Machine : Command line arguments: {'no_load_cache': False, 'create_config_cache': True, 'bcp': False, 'configfile': ['config.yaml'], 'force_assets_load': False, 'platform_integration_test': False, 'jsonlogging': False, 'logfile': 'logs/2025-05-06-22-17-53-mpf-pinpi.log', 'pause': False, 'production': False, 'text_ui': True, 'loglevel': 15, 'consoleloglevel': 20, 'force_platform': None, 'syslog_address': None, 'full_logfile_path': '/home/pinpi/toedragons-pinball/logs/2025-05-06-22-17-53-mpf-pinpi.log'}
2025-05-06 22:17:54,102 : INFO : Machine : MPF path: /home/pinpi/pinpi/lib/python3.11/site-packages/mpf
2025-05-06 22:17:54,102 : INFO : Machine : Machine path: /home/pinpi/toedragons-pinball
2025-05-06 22:17:54,102 : INFO : Machine : Platform: linux
2025-05-06 22:17:54,102 : INFO : Machine : Python executable location: /home/pinpi/pinpi/bin/python
2025-05-06 22:17:54,102 : INFO : Machine : Python version: 3.11.2 (64-bit)
2025-05-06 22:17:54,103 : INFO : Machine : Initializing MPF...
2025-05-06 22:17:54,231 : INFO : FAST [NET] : Trying to connect to /dev/ttyAMA2 at 921600bps
2025-05-06 22:17:54,232 : INFO : FAST [NET] : Connected to /dev/ttyAMA2 at 921600bps
2025-05-06 22:17:54,234 : INFO : FAST [NET] : Connected to FP-CPU-2000 with firmware v02.26
2025-05-06 22:17:54,235 : INFO : FAST [NET] : Registered I/O Board 0: Model: FP-I/O-3208, Firmware: 01.10, Switches: 32, Drivers: 8
2025-05-06 22:17:54,236 : INFO : EventManager : Event: ======'machine_var_credits_string'====== Args={'value': 'FREE PLAY', 'prev_value': None, 'change': True}
2025-05-06 22:17:54,253 : INFO : EventManager : Event: ======'machine_var_master_volume'====== Args={'value': 0.5, 'prev_value': None, 'change': True}
2025-05-06 22:17:54,253 : INFO : EventManager : Event: ======'machine_var_mpf_version'====== Args={'value': 'Mission Pinball Framework v0.80.0.dev7', 'prev_value': None, 'change': True}
2025-05-06 22:17:54,253 : INFO : EventManager : Event: ======'machine_var_mpf_extended_version'====== Args={'value': 'Mission Pinball Framework v0.80.0.dev7, Config version:6, Show version: 6, BCP version:1.1', 'prev_value': None, 'change': True}
2025-05-06 22:17:54,253 : INFO : EventManager : Event: ======'machine_var_python_version'====== Args={'value': '3.11.2', 'prev_value': None, 'change': True}
2025-05-06 22:17:54,254 : INFO : EventManager : Event: ======'machine_var_platform'====== Args={'value': 'Linux-6.6.51+rpt-rpi-2712-aarch64-with-glibc2.36', 'prev_value': None, 'change': True}
2025-05-06 22:17:54,254 : INFO : EventManager : Event: ======'machine_var_platform_system'====== Args={'value': 'Linux', 'prev_value': None, 'change': True}
2025-05-06 22:17:54,254 : INFO : EventManager : Event: ======'machine_var_platform_release'====== Args={'value': '6.6.51+rpt-rpi-2712', 'prev_value': None, 'change': True}
2025-05-06 22:17:54,254 : INFO : EventManager : Event: ======'machine_var_platform_version'====== Args={'value': '#1 SMP PREEMPT Debian 1:6.6.51-1+rpt3 (2024-10-08)', 'prev_value': None, 'change': True}
2025-05-06 22:17:54,254 : INFO : EventManager : Event: ======'machine_var_platform_machine'====== Args={'value': 'aarch64', 'prev_value': None, 'change': True}
2025-05-06 22:17:54,254 : INFO : EventManager : Event: ======'machine_var_log_file_path'====== Args={'value': '/home/pinpi/toedragons-pinball/logs/2025-05-06-22-17-53-mpf-pinpi.log', 'prev_value': None, 'change': True}
2025-05-06 22:17:54,254 : INFO : EventManager : Event: ======'init_phase_1'====== Args={}
2025-05-06 22:17:54,379 : INFO : SwitchController : <<<<<<< 's_left_flipper_eos' active >>>>>>>
2025-05-06 22:17:54,379 : INFO : SwitchController : <<<<<<< 's_right_flipper_eos' active >>>>>>>
2025-05-06 22:17:54,379 : INFO : EventManager : Event: ======'init_phase_2'====== Args={}
2025-05-06 22:17:54,380 : INFO : SwitchController : Found active switch: (8, [FAST Platform Interface]) <switch.s_left_flipper_eos>
2025-05-06 22:17:54,380 : INFO : SwitchController : Found active switch: (12, [FAST Platform Interface]) <switch.s_right_flipper_eos>
2025-05-06 22:17:54,386 : INFO : EventManager : Event: ======'init_phase_3'====== Args={}
2025-05-06 22:17:54,388 : INFO : EventManager : Event: ======'init_phase_4'====== Args={}
2025-05-06 22:17:54,389 : INFO : EventManager : Event: ======'machine_var_audits_switches_s_left_flipper_eos'====== Args={'value': 0, 'prev_value': None, 'change': True}
2025-05-06 22:17:54,389 : INFO : EventManager : Event: ======'machine_var_audits_switches_s_right_flipper'====== Args={'value': 0, 'prev_value': None, 'change': True}
2025-05-06 22:17:54,389 : INFO : EventManager : Event: ======'machine_var_audits_switches_s_left_flipper'====== Args={'value': 0, 'prev_value': None, 'change': True}
2025-05-06 22:17:54,389 : INFO : EventManager : Event: ======'machine_var_audits_switches_s_right_flipper_eos'====== Args={'value': 0, 'prev_value': None, 'change': True}
2025-05-06 22:17:54,389 : INFO : EventManager : Event: ======'machine_var_audits_switches_s_left_slingshot'====== Args={'value': 0, 'prev_value': None, 'change': True}
2025-05-06 22:17:54,389 : INFO : EventManager : Event: ======'machine_var_audits_switches_s_right_slingshot'====== Args={'value': 0, 'prev_value': None, 'change': True}
2025-05-06 22:17:54,389 : INFO : EventManager : Event: ======'machine_var_audits_events_game_started'====== Args={'value': 0, 'prev_value': None, 'change': True}
2025-05-06 22:17:54,389 : INFO : EventManager : Event: ======'machine_var_audits_events_game_ended'====== Args={'value': 0, 'prev_value': None, 'change': True}
2025-05-06 22:17:54,389 : INFO : EventManager : Event: ======'machine_var_audits_player_score'====== Args={'value': {'top': [], 'average': 0, 'total': 0}, 'prev_value': None, 'change': True}
2025-05-06 22:17:54,390 : INFO : EventManager : Event: ======'init_phase_5'====== Args={}
2025-05-06 22:17:54,390 : INFO : EventManager : Event: ======'init_done'====== Args={}
2025-05-06 22:17:54,390 : INFO : EventManager : Event: ======'machine_reset_phase_1'====== Args={}
2025-05-06 22:17:54,390 : INFO : EventManager : Event: ======'machine_reset_phase_2'====== Args={}
2025-05-06 22:17:54,390 : INFO : EventManager : Event: ======'machine_reset_phase_3'====== Args={}
2025-05-06 22:17:54,391 : INFO : EventManager : Event: ======'reset_complete'====== Args={}
2025-05-06 22:17:54,394 : INFO : EventManager : Event: ======'mode_attract_will_start'====== Args={}
2025-05-06 22:17:54,394 : INFO : EventManager : Event: ======'mode_attract_starting'====== Args={}
2025-05-06 22:17:54,394 : INFO : Mode.attract : Started. Priority: 10
2025-05-06 22:17:54,394 : INFO : EventManager : Event: ======'modes_active_modes_changed'====== Args={}
2025-05-06 22:17:54,394 : INFO : EventManager : Event: ======'mode_attract_started'====== Args={}
2025-05-06 22:17:54,394 : INFO : EventManager : Event: ======'collecting_balls_complete'====== Args={}
2025-05-06 22:17:54,395 : INFO : Machine : Starting the main run loop with active modes: [<Mode.attract>]
2025-05-06 22:17:55,582 : INFO : SwitchController : <<<<<<< 's_left_flipper' active >>>>>>>
2025-05-06 22:17:55,604 : INFO : SwitchController : <<<<<<< 's_left_flipper_eos' inactive >>>>>>>
2025-05-06 22:17:55,610 : INFO : SwitchController : <<<<<<< 's_right_flipper_eos' inactive >>>>>>>
2025-05-06 22:17:55,625 : INFO : SwitchController : <<<<<<< 's_right_flipper_eos' active >>>>>>>
2025-05-06 22:17:55,652 : INFO : SwitchController : <<<<<<< 's_left_flipper' inactive >>>>>>>
2025-05-06 22:17:55,695 : INFO : SwitchController : <<<<<<< 's_left_flipper_eos' active >>>>>>>
2025-05-06 22:17:56,123 : INFO : SwitchController : <<<<<<< 's_left_flipper' active >>>>>>>
2025-05-06 22:17:56,145 : INFO : SwitchController : <<<<<<< 's_left_flipper_eos' inactive >>>>>>>
2025-05-06 22:17:56,150 : INFO : SwitchController : <<<<<<< 's_right_flipper_eos' inactive >>>>>>>
2025-05-06 22:17:56,165 : INFO : SwitchController : <<<<<<< 's_left_flipper' inactive >>>>>>>
2025-05-06 22:17:56,165 : INFO : SwitchController : <<<<<<< 's_right_flipper_eos' active >>>>>>>
2025-05-06 22:17:56,205 : INFO : SwitchController : <<<<<<< 's_left_flipper_eos' active >>>>>>>
2025-05-06 22:17:57,468 : INFO : SwitchController : <<<<<<< 's_right_flipper' active >>>>>>>
2025-05-06 22:17:57,490 : INFO : SwitchController : <<<<<<< 's_right_flipper_eos' inactive >>>>>>>
2025-05-06 22:17:57,544 : INFO : SwitchController : <<<<<<< 's_right_flipper' inactive >>>>>>>
2025-05-06 22:17:57,814 : INFO : SwitchController : <<<<<<< 's_right_flipper' active >>>>>>>
2025-05-06 22:17:57,874 : INFO : SwitchController : <<<<<<< 's_right_flipper' inactive >>>>>>>
2025-05-06 22:17:57,930 : INFO : SwitchController : <<<<<<< 's_right_flipper_eos' active >>>>>>>
2025-05-06 22:17:57,944 : INFO : SwitchController : <<<<<<< 's_right_flipper_eos' inactive >>>>>>>
2025-05-06 22:17:58,420 : INFO : SwitchController : <<<<<<< 's_left_flipper' active >>>>>>>
2025-05-06 22:17:58,441 : INFO : SwitchController : <<<<<<< 's_left_flipper_eos' inactive >>>>>>>
2025-05-06 22:17:58,478 : INFO : SwitchController : <<<<<<< 's_left_flipper' inactive >>>>>>>
2025-05-06 22:17:58,521 : INFO : SwitchController : <<<<<<< 's_left_flipper_eos' active >>>>>>>
2025-05-06 22:17:58,601 : INFO : SwitchController : <<<<<<< 's_right_flipper' active >>>>>>>
2025-05-06 22:17:58,682 : INFO : SwitchController : <<<<<<< 's_right_flipper' inactive >>>>>>>
2025-05-06 22:17:58,760 : INFO : SwitchController : <<<<<<< 's_right_flipper_eos' active >>>>>>>
2025-05-06 22:17:58,764 : INFO : SwitchController : <<<<<<< 's_right_flipper_eos' inactive >>>>>>>
2025-05-06 22:19:14,512 : INFO : Machine : Shutting down...
2025-05-06 22:19:14,512 : INFO : EventManager : Event: ======'shutdown'====== Args={}
2025-05-06 22:19:14,519 : INFO : SwitchController : <<<<<<< 's_right_flipper_eos' active >>>>>>>
2025-05-06 22:19:14,615 : INFO : root : MPF run loop ended.
