2025-04-26 17:58:39,131 : INFO : root : Loading config.
2025-04-26 17:58:39,362 : INFO : ConfigProcessor : Config spec file cache created: /tmp/config_spec.mpf_cache
2025-04-26 17:58:39,363 : INFO : YamlMultifileConfigLoader : Machine config file #1: config.yaml
2025-04-26 17:58:39,363 : INFO : ConfigProcessor : Loading config from file /home/pinpi/pinpi/lib/python3.11/site-packages/mpf/mpfconfig.yaml.
2025-04-26 17:58:39,407 : INFO : ConfigProcessor : Loading config: /home/pinpi/pinpi/lib/python3.11/site-packages/mpf/mpfconfig.yaml
2025-04-26 17:58:39,407 : INFO : ConfigProcessor : Loading config from file /home/pinpi/toedragons-pinball/config/config.yaml.
2025-04-26 17:58:39,414 : INFO : ConfigProcessor : Loading config: /home/pinpi/toedragons-pinball/config/config.yaml
2025-04-26 17:58:39,415 : INFO : ConfigProcessor : Config file cache created: /tmp/9121053a167b3a0609222a4623987891.mpf_cache
2025-04-26 17:58:39,502 : INFO : ConfigProcessor : Loading config from file /home/pinpi/pinpi/lib/python3.11/site-packages/mpf/modes/attract/config/attract.yaml.
2025-04-26 17:58:39,504 : INFO : ConfigProcessor : Loading config: /home/pinpi/pinpi/lib/python3.11/site-packages/mpf/modes/attract/config/attract.yaml
2025-04-26 17:58:39,504 : INFO : ConfigProcessor : Config file cache created: /tmp/66ef204c87633dc02ca3efd475778ed9.mpf_cache
2025-04-26 17:58:39,505 : INFO : ConfigProcessor : Loading config from file /home/pinpi/pinpi/lib/python3.11/site-packages/mpf/modes/game/config/game.yaml.
2025-04-26 17:58:39,506 : INFO : ConfigProcessor : Loading config: /home/pinpi/pinpi/lib/python3.11/site-packages/mpf/modes/game/config/game.yaml
2025-04-26 17:58:39,506 : INFO : ConfigProcessor : Config file cache created: /tmp/74f2825223a7abe8c76a0d15a1753cf2.mpf_cache
2025-04-26 17:58:39,506 : INFO : Machine : Mission Pinball Framework Core Engine v0.80.0.dev7
2025-04-26 17:58:39,506 : INFO : Machine : Command line arguments: {'no_load_cache': False, 'create_config_cache': True, 'bcp': False, 'configfile': ['config.yaml'], 'force_assets_load': False, 'platform_integration_test': False, 'jsonlogging': False, 'logfile': 'logs/2025-04-26-17-58-39-mpf-pinpi.log', 'pause': False, 'production': False, 'text_ui': True, 'loglevel': 15, 'consoleloglevel': 20, 'force_platform': None, 'syslog_address': None, 'full_logfile_path': '/home/pinpi/toedragons-pinball/logs/2025-04-26-17-58-39-mpf-pinpi.log'}
2025-04-26 17:58:39,506 : INFO : Machine : MPF path: /home/pinpi/pinpi/lib/python3.11/site-packages/mpf
2025-04-26 17:58:39,507 : INFO : Machine : Machine path: /home/pinpi/toedragons-pinball
2025-04-26 17:58:39,507 : INFO : Machine : Platform: linux
2025-04-26 17:58:39,507 : INFO : Machine : Python executable location: /home/pinpi/pinpi/bin/python
2025-04-26 17:58:39,507 : INFO : Machine : Python version: 3.11.2 (64-bit)
2025-04-26 17:58:39,507 : INFO : Machine : Initializing MPF...
2025-04-26 17:58:39,640 : INFO : FAST [NET] : Trying to connect to /dev/ttyAMA2 at 921600bps
2025-04-26 17:58:39,640 : INFO : FAST [NET] : Connected to /dev/ttyAMA2 at 921600bps
2025-04-26 17:58:39,642 : INFO : FAST [NET] : Connected to FP-CPU-2000 with firmware v02.26
2025-04-26 17:58:39,644 : INFO : FAST [NET] : Registered I/O Board 0: Model: FP-I/O-3208, Firmware: 01.10, Switches: 32, Drivers: 8
2025-04-26 17:58:39,644 : INFO : EventManager : Event: ======'machine_var_credits_string'====== Args={'value': 'FREE PLAY', 'prev_value': None, 'change': True}
2025-04-26 17:58:39,662 : INFO : EventManager : Event: ======'machine_var_master_volume'====== Args={'value': 0.5, 'prev_value': None, 'change': True}
2025-04-26 17:58:39,662 : INFO : EventManager : Event: ======'machine_var_mpf_version'====== Args={'value': 'Mission Pinball Framework v0.80.0.dev7', 'prev_value': None, 'change': True}
2025-04-26 17:58:39,662 : INFO : EventManager : Event: ======'machine_var_mpf_extended_version'====== Args={'value': 'Mission Pinball Framework v0.80.0.dev7, Config version:6, Show version: 6, BCP version:1.1', 'prev_value': None, 'change': True}
2025-04-26 17:58:39,662 : INFO : EventManager : Event: ======'machine_var_python_version'====== Args={'value': '3.11.2', 'prev_value': None, 'change': True}
2025-04-26 17:58:39,664 : INFO : EventManager : Event: ======'machine_var_platform'====== Args={'value': 'Linux-6.6.51+rpt-rpi-2712-aarch64-with-glibc2.36', 'prev_value': None, 'change': True}
2025-04-26 17:58:39,664 : INFO : EventManager : Event: ======'machine_var_platform_system'====== Args={'value': 'Linux', 'prev_value': None, 'change': True}
2025-04-26 17:58:39,664 : INFO : EventManager : Event: ======'machine_var_platform_release'====== Args={'value': '6.6.51+rpt-rpi-2712', 'prev_value': None, 'change': True}
2025-04-26 17:58:39,664 : INFO : EventManager : Event: ======'machine_var_platform_version'====== Args={'value': '#1 SMP PREEMPT Debian 1:6.6.51-1+rpt3 (2024-10-08)', 'prev_value': None, 'change': True}
2025-04-26 17:58:39,664 : INFO : EventManager : Event: ======'machine_var_platform_machine'====== Args={'value': 'aarch64', 'prev_value': None, 'change': True}
2025-04-26 17:58:39,664 : INFO : EventManager : Event: ======'machine_var_log_file_path'====== Args={'value': '/home/pinpi/toedragons-pinball/logs/2025-04-26-17-58-39-mpf-pinpi.log', 'prev_value': None, 'change': True}
2025-04-26 17:58:39,664 : INFO : EventManager : Event: ======'init_phase_1'====== Args={}
2025-04-26 17:58:39,794 : INFO : SwitchController : <<<<<<< 's_left_flipper_eos' active >>>>>>>
2025-04-26 17:58:39,795 : INFO : SwitchController : <<<<<<< 's_right_flipper_eos' active >>>>>>>
2025-04-26 17:58:39,795 : INFO : EventManager : Event: ======'init_phase_2'====== Args={}
2025-04-26 17:58:39,795 : INFO : SwitchController : Found active switch: (8, [FAST Platform Interface]) <switch.s_left_flipper_eos>
2025-04-26 17:58:39,795 : INFO : SwitchController : Found active switch: (12, [FAST Platform Interface]) <switch.s_right_flipper_eos>
2025-04-26 17:58:39,802 : INFO : EventManager : Event: ======'init_phase_3'====== Args={}
2025-04-26 17:58:39,803 : INFO : EventManager : Event: ======'init_phase_4'====== Args={}
2025-04-26 17:58:39,804 : INFO : EventManager : Event: ======'machine_var_audits_switches_s_left_flipper_eos'====== Args={'value': 0, 'prev_value': None, 'change': True}
2025-04-26 17:58:39,804 : INFO : EventManager : Event: ======'machine_var_audits_switches_s_right_slingshot'====== Args={'value': 0, 'prev_value': None, 'change': True}
2025-04-26 17:58:39,804 : INFO : EventManager : Event: ======'machine_var_audits_switches_s_right_flipper'====== Args={'value': 0, 'prev_value': None, 'change': True}
2025-04-26 17:58:39,804 : INFO : EventManager : Event: ======'machine_var_audits_switches_s_right_flipper_eos'====== Args={'value': 0, 'prev_value': None, 'change': True}
2025-04-26 17:58:39,804 : INFO : EventManager : Event: ======'machine_var_audits_switches_s_left_flipper'====== Args={'value': 0, 'prev_value': None, 'change': True}
2025-04-26 17:58:39,805 : INFO : EventManager : Event: ======'machine_var_audits_switches_s_left_slingshot'====== Args={'value': 0, 'prev_value': None, 'change': True}
2025-04-26 17:58:39,805 : INFO : EventManager : Event: ======'machine_var_audits_events_game_started'====== Args={'value': 0, 'prev_value': None, 'change': True}
2025-04-26 17:58:39,805 : INFO : EventManager : Event: ======'machine_var_audits_events_game_ended'====== Args={'value': 0, 'prev_value': None, 'change': True}
2025-04-26 17:58:39,805 : INFO : EventManager : Event: ======'machine_var_audits_player_score'====== Args={'value': {'top': [], 'average': 0, 'total': 0}, 'prev_value': None, 'change': True}
2025-04-26 17:58:39,805 : INFO : EventManager : Event: ======'init_phase_5'====== Args={}
2025-04-26 17:58:39,805 : INFO : EventManager : Event: ======'init_done'====== Args={}
2025-04-26 17:58:39,805 : INFO : EventManager : Event: ======'machine_reset_phase_1'====== Args={}
2025-04-26 17:58:39,805 : INFO : EventManager : Event: ======'machine_reset_phase_2'====== Args={}
2025-04-26 17:58:39,806 : INFO : EventManager : Event: ======'machine_reset_phase_3'====== Args={}
2025-04-26 17:58:39,806 : INFO : EventManager : Event: ======'reset_complete'====== Args={}
2025-04-26 17:58:39,809 : INFO : EventManager : Event: ======'mode_attract_will_start'====== Args={}
2025-04-26 17:58:39,810 : INFO : EventManager : Event: ======'mode_attract_starting'====== Args={}
2025-04-26 17:58:39,810 : INFO : Mode.attract : Started. Priority: 10
2025-04-26 17:58:39,810 : INFO : EventManager : Event: ======'modes_active_modes_changed'====== Args={}
2025-04-26 17:58:39,810 : INFO : EventManager : Event: ======'mode_attract_started'====== Args={}
2025-04-26 17:58:39,810 : INFO : EventManager : Event: ======'collecting_balls_complete'====== Args={}
2025-04-26 17:58:39,810 : INFO : Machine : Starting the main run loop with active modes: [<Mode.attract>]
2025-04-26 17:58:57,082 : INFO : SwitchController : <<<<<<< 's_right_flipper' active >>>>>>>
2025-04-26 17:58:57,104 : INFO : SwitchController : <<<<<<< 's_right_flipper_eos' inactive >>>>>>>
2025-04-26 17:58:57,129 : INFO : SwitchController : <<<<<<< 's_right_flipper' inactive >>>>>>>
2025-04-26 17:58:57,172 : INFO : SwitchController : <<<<<<< 's_right_flipper_eos' active >>>>>>>
2025-04-26 17:58:58,110 : INFO : SwitchController : <<<<<<< 's_left_flipper' active >>>>>>>
2025-04-26 17:58:58,132 : INFO : SwitchController : <<<<<<< 's_left_flipper_eos' inactive >>>>>>>
2025-04-26 17:58:58,158 : INFO : SwitchController : <<<<<<< 's_left_flipper' inactive >>>>>>>
2025-04-26 17:58:58,200 : INFO : SwitchController : <<<<<<< 's_left_flipper_eos' active >>>>>>>
2025-04-26 17:58:58,543 : INFO : SwitchController : <<<<<<< 's_right_flipper' active >>>>>>>
2025-04-26 17:58:58,565 : INFO : SwitchController : <<<<<<< 's_right_flipper_eos' inactive >>>>>>>
2025-04-26 17:58:58,577 : INFO : SwitchController : <<<<<<< 's_right_flipper' inactive >>>>>>>
2025-04-26 17:58:58,617 : INFO : SwitchController : <<<<<<< 's_right_flipper_eos' active >>>>>>>
2025-04-26 17:58:58,714 : INFO : SwitchController : <<<<<<< 's_left_flipper' active >>>>>>>
2025-04-26 17:58:58,734 : INFO : SwitchController : <<<<<<< 's_left_flipper_eos' inactive >>>>>>>
2025-04-26 17:58:58,771 : INFO : SwitchController : <<<<<<< 's_left_flipper' inactive >>>>>>>
2025-04-26 17:58:58,813 : INFO : SwitchController : <<<<<<< 's_left_flipper_eos' active >>>>>>>
2025-04-26 17:58:58,884 : INFO : SwitchController : <<<<<<< 's_right_flipper' active >>>>>>>
2025-04-26 17:58:58,905 : INFO : SwitchController : <<<<<<< 's_right_flipper_eos' inactive >>>>>>>
2025-04-26 17:58:58,919 : INFO : SwitchController : <<<<<<< 's_right_flipper' inactive >>>>>>>
2025-04-26 17:58:58,962 : INFO : SwitchController : <<<<<<< 's_right_flipper_eos' active >>>>>>>
2025-04-26 17:58:59,216 : INFO : SwitchController : <<<<<<< 's_left_flipper' active >>>>>>>
2025-04-26 17:58:59,238 : INFO : SwitchController : <<<<<<< 's_left_flipper_eos' inactive >>>>>>>
2025-04-26 17:58:59,265 : INFO : SwitchController : <<<<<<< 's_left_flipper' inactive >>>>>>>
2025-04-26 17:58:59,308 : INFO : SwitchController : <<<<<<< 's_left_flipper_eos' active >>>>>>>
2025-04-26 17:58:59,326 : INFO : SwitchController : <<<<<<< 's_right_flipper' active >>>>>>>
2025-04-26 17:58:59,338 : INFO : SwitchController : <<<<<<< 's_right_flipper' inactive >>>>>>>
2025-04-26 17:58:59,348 : INFO : SwitchController : <<<<<<< 's_right_flipper_eos' inactive >>>>>>>
2025-04-26 17:58:59,369 : INFO : SwitchController : <<<<<<< 's_right_flipper_eos' active >>>>>>>
2025-04-26 17:58:59,576 : INFO : SwitchController : <<<<<<< 's_right_flipper' active >>>>>>>
2025-04-26 17:58:59,595 : INFO : SwitchController : <<<<<<< 's_right_flipper' inactive >>>>>>>
2025-04-26 17:58:59,597 : INFO : SwitchController : <<<<<<< 's_right_flipper_eos' inactive >>>>>>>
2025-04-26 17:58:59,630 : INFO : SwitchController : <<<<<<< 's_right_flipper_eos' active >>>>>>>
2025-04-26 17:58:59,995 : INFO : SwitchController : <<<<<<< 's_left_flipper' active >>>>>>>
2025-04-26 17:59:00,018 : INFO : SwitchController : <<<<<<< 's_left_flipper_eos' inactive >>>>>>>
2025-04-26 17:59:00,055 : INFO : SwitchController : <<<<<<< 's_left_flipper' inactive >>>>>>>
2025-04-26 17:59:00,096 : INFO : SwitchController : <<<<<<< 's_left_flipper_eos' active >>>>>>>
2025-04-26 17:59:00,305 : INFO : SwitchController : <<<<<<< 's_right_flipper' active >>>>>>>
2025-04-26 17:59:00,326 : INFO : SwitchController : <<<<<<< 's_right_flipper_eos' inactive >>>>>>>
2025-04-26 17:59:00,339 : INFO : SwitchController : <<<<<<< 's_right_flipper' inactive >>>>>>>
2025-04-26 17:59:00,381 : INFO : SwitchController : <<<<<<< 's_right_flipper_eos' active >>>>>>>
2025-04-26 17:59:00,779 : INFO : SwitchController : <<<<<<< 's_left_flipper' active >>>>>>>
2025-04-26 17:59:00,801 : INFO : SwitchController : <<<<<<< 's_left_flipper_eos' inactive >>>>>>>
2025-04-26 17:59:00,830 : INFO : SwitchController : <<<<<<< 's_left_flipper' inactive >>>>>>>
2025-04-26 17:59:00,872 : INFO : SwitchController : <<<<<<< 's_left_flipper_eos' active >>>>>>>
2025-04-26 17:59:00,951 : INFO : SwitchController : <<<<<<< 's_right_flipper' active >>>>>>>
2025-04-26 17:59:00,973 : INFO : SwitchController : <<<<<<< 's_right_flipper_eos' inactive >>>>>>>
2025-04-26 17:59:00,979 : INFO : SwitchController : <<<<<<< 's_right_flipper' inactive >>>>>>>
2025-04-26 17:59:01,028 : INFO : SwitchController : <<<<<<< 's_right_flipper_eos' active >>>>>>>
2025-04-26 17:59:01,179 : INFO : SwitchController : <<<<<<< 's_left_flipper' active >>>>>>>
2025-04-26 17:59:01,201 : INFO : SwitchController : <<<<<<< 's_left_flipper_eos' inactive >>>>>>>
2025-04-26 17:59:01,259 : INFO : SwitchController : <<<<<<< 's_left_flipper' inactive >>>>>>>
2025-04-26 17:59:01,301 : INFO : SwitchController : <<<<<<< 's_left_flipper_eos' active >>>>>>>
2025-04-26 17:59:01,304 : INFO : SwitchController : <<<<<<< 's_right_flipper' active >>>>>>>
2025-04-26 17:59:01,315 : INFO : SwitchController : <<<<<<< 's_right_flipper' inactive >>>>>>>
2025-04-26 17:59:01,334 : INFO : SwitchController : <<<<<<< 's_right_flipper_eos' inactive >>>>>>>
2025-04-26 17:59:01,369 : INFO : SwitchController : <<<<<<< 's_right_flipper_eos' active >>>>>>>
2025-04-26 17:59:02,448 : INFO : SwitchController : <<<<<<< 's_right_flipper' active >>>>>>>
2025-04-26 17:59:02,470 : INFO : SwitchController : <<<<<<< 's_right_flipper_eos' inactive >>>>>>>
2025-04-26 17:59:02,520 : INFO : SwitchController : <<<<<<< 's_right_flipper' inactive >>>>>>>
2025-04-26 17:59:02,564 : INFO : SwitchController : <<<<<<< 's_right_flipper_eos' active >>>>>>>
2025-04-26 17:59:03,732 : INFO : SwitchController : <<<<<<< 's_left_flipper' active >>>>>>>
2025-04-26 17:59:03,754 : INFO : SwitchController : <<<<<<< 's_left_flipper_eos' inactive >>>>>>>
2025-04-26 17:59:03,773 : INFO : SwitchController : <<<<<<< 's_left_flipper' inactive >>>>>>>
2025-04-26 17:59:03,814 : INFO : SwitchController : <<<<<<< 's_left_flipper_eos' active >>>>>>>
2025-04-26 17:59:47,880 : INFO : SwitchController : <<<<<<< 's_right_flipper' active >>>>>>>
2025-04-26 17:59:47,903 : INFO : SwitchController : <<<<<<< 's_right_flipper_eos' inactive >>>>>>>
2025-04-26 17:59:47,961 : INFO : SwitchController : <<<<<<< 's_right_flipper' inactive >>>>>>>
2025-04-26 17:59:48,004 : INFO : SwitchController : <<<<<<< 's_right_flipper_eos' active >>>>>>>
2025-04-26 17:59:48,335 : INFO : SwitchController : <<<<<<< 's_left_flipper' active >>>>>>>
2025-04-26 17:59:48,357 : INFO : SwitchController : <<<<<<< 's_left_flipper_eos' inactive >>>>>>>
2025-04-26 17:59:48,406 : INFO : SwitchController : <<<<<<< 's_left_flipper' inactive >>>>>>>
2025-04-26 17:59:48,446 : INFO : SwitchController : <<<<<<< 's_left_flipper_eos' active >>>>>>>
2025-04-26 18:01:14,570 : INFO : SwitchController : <<<<<<< 's_left_flipper' active >>>>>>>
2025-04-26 18:01:14,596 : INFO : SwitchController : <<<<<<< 's_left_flipper_eos' inactive >>>>>>>
2025-04-26 18:01:14,703 : INFO : SwitchController : <<<<<<< 's_left_flipper' inactive >>>>>>>
2025-04-26 18:01:14,741 : INFO : SwitchController : <<<<<<< 's_left_flipper_eos' active >>>>>>>
2025-04-26 18:02:00,757 : INFO : SwitchController : <<<<<<< 's_left_flipper' active >>>>>>>
2025-04-26 18:02:00,782 : INFO : SwitchController : <<<<<<< 's_left_flipper_eos' inactive >>>>>>>
2025-04-26 18:02:00,892 : INFO : SwitchController : <<<<<<< 's_left_flipper' inactive >>>>>>>
2025-04-26 18:02:00,933 : INFO : SwitchController : <<<<<<< 's_left_flipper_eos' active >>>>>>>
2025-04-26 18:02:20,857 : INFO : SwitchController : <<<<<<< 's_left_flipper' active >>>>>>>
2025-04-26 18:02:20,886 : INFO : SwitchController : <<<<<<< 's_left_flipper_eos' inactive >>>>>>>
2025-04-26 18:02:20,988 : INFO : SwitchController : <<<<<<< 's_left_flipper' inactive >>>>>>>
2025-04-26 18:02:21,025 : INFO : SwitchController : <<<<<<< 's_left_flipper_eos' active >>>>>>>
2025-04-26 18:02:24,458 : INFO : SwitchController : <<<<<<< 's_left_flipper' active >>>>>>>
2025-04-26 18:02:24,480 : INFO : SwitchController : <<<<<<< 's_left_flipper_eos' inactive >>>>>>>
2025-04-26 18:02:24,604 : INFO : SwitchController : <<<<<<< 's_left_flipper' inactive >>>>>>>
2025-04-26 18:02:24,646 : INFO : SwitchController : <<<<<<< 's_left_flipper_eos' active >>>>>>>
2025-04-26 18:02:27,758 : INFO : SwitchController : <<<<<<< 's_right_flipper' active >>>>>>>
2025-04-26 18:02:27,785 : INFO : SwitchController : <<<<<<< 's_right_flipper_eos' inactive >>>>>>>
2025-04-26 18:02:27,908 : INFO : SwitchController : <<<<<<< 's_right_flipper' inactive >>>>>>>
2025-04-26 18:02:27,950 : INFO : SwitchController : <<<<<<< 's_right_flipper_eos' active >>>>>>>
2025-04-26 18:02:35,786 : INFO : SwitchController : <<<<<<< 's_left_flipper' active >>>>>>>
2025-04-26 18:02:35,815 : INFO : SwitchController : <<<<<<< 's_left_flipper_eos' inactive >>>>>>>
2025-04-26 18:02:35,911 : INFO : SwitchController : <<<<<<< 's_left_flipper' inactive >>>>>>>
2025-04-26 18:02:35,953 : INFO : SwitchController : <<<<<<< 's_left_flipper_eos' active >>>>>>>
2025-04-26 18:02:37,754 : INFO : SwitchController : <<<<<<< 's_right_flipper' active >>>>>>>
2025-04-26 18:02:37,787 : INFO : SwitchController : <<<<<<< 's_right_flipper_eos' inactive >>>>>>>
2025-04-26 18:02:37,935 : INFO : SwitchController : <<<<<<< 's_right_flipper' inactive >>>>>>>
2025-04-26 18:02:37,978 : INFO : SwitchController : <<<<<<< 's_right_flipper_eos' active >>>>>>>
2025-04-26 18:02:39,702 : INFO : SwitchController : <<<<<<< 's_right_flipper' active >>>>>>>
2025-04-26 18:02:39,728 : INFO : SwitchController : <<<<<<< 's_right_flipper_eos' inactive >>>>>>>
2025-04-26 18:02:39,858 : INFO : SwitchController : <<<<<<< 's_right_flipper' inactive >>>>>>>
2025-04-26 18:02:39,898 : INFO : SwitchController : <<<<<<< 's_right_flipper_eos' active >>>>>>>
2025-04-26 18:02:48,399 : INFO : SwitchController : <<<<<<< 's_left_flipper' active >>>>>>>
2025-04-26 18:02:48,439 : INFO : SwitchController : <<<<<<< 's_left_flipper_eos' inactive >>>>>>>
2025-04-26 18:02:48,514 : INFO : SwitchController : <<<<<<< 's_left_flipper' inactive >>>>>>>
2025-04-26 18:02:48,553 : INFO : SwitchController : <<<<<<< 's_left_flipper_eos' active >>>>>>>
2025-04-26 18:02:52,190 : INFO : SwitchController : <<<<<<< 's_left_flipper' active >>>>>>>
2025-04-26 18:02:52,227 : INFO : SwitchController : <<<<<<< 's_left_flipper_eos' inactive >>>>>>>
2025-04-26 18:02:52,282 : INFO : SwitchController : <<<<<<< 's_left_flipper' inactive >>>>>>>
2025-04-26 18:02:52,322 : INFO : SwitchController : <<<<<<< 's_left_flipper_eos' active >>>>>>>
