2025-06-04 20:45:29,455 : INFO : root : Loading config.
2025-06-04 20:45:29,457 : INFO : YamlMultifileConfigLoader : Machine config file #1: config.yaml
2025-06-04 20:45:29,457 : WARNING : ConfigProcessor : Config file in cache changed: /home/pinpi/toedragons-pinball/config/config.yaml
2025-06-04 20:45:29,457 : INFO : ConfigProcessor : Loading config from file /home/pinpi/pinpi/lib/python3.11/site-packages/mpf/mpfconfig.yaml.
2025-06-04 20:45:29,503 : INFO : ConfigProcessor : Loading config: /home/pinpi/pinpi/lib/python3.11/site-packages/mpf/mpfconfig.yaml
2025-06-04 20:45:29,504 : INFO : ConfigProcessor : Loading config from file /home/pinpi/toedragons-pinball/config/config.yaml.
2025-06-04 20:45:29,515 : INFO : ConfigProcessor : Loading config: /home/pinpi/toedragons-pinball/config/config.yaml
2025-06-04 20:45:29,516 : INFO : ConfigProcessor : Config file cache created: /tmp/9121053a167b3a0609222a4623987891.mpf_cache
2025-06-04 20:45:29,548 : INFO : ConfigProcessor : Loading config from cache: /tmp/66ef204c87633dc02ca3efd475778ed9.mpf_cache
2025-06-04 20:45:29,548 : INFO : ConfigProcessor : Loading config from cache: /tmp/74f2825223a7abe8c76a0d15a1753cf2.mpf_cache
2025-06-04 20:45:29,549 : INFO : Machine : Mission Pinball Framework Core Engine v0.80.0.dev7
2025-06-04 20:45:29,549 : INFO : Machine : Command line arguments: {'no_load_cache': False, 'create_config_cache': True, 'bcp': False, 'configfile': ['config.yaml'], 'force_assets_load': False, 'platform_integration_test': False, 'jsonlogging': False, 'logfile': 'logs/2025-06-04-20-45-29-mpf-pinpi.log', 'pause': False, 'production': False, 'text_ui': True, 'loglevel': 15, 'consoleloglevel': 20, 'force_platform': None, 'syslog_address': None, 'full_logfile_path': '/home/pinpi/toedragons-pinball/logs/2025-06-04-20-45-29-mpf-pinpi.log'}
2025-06-04 20:45:29,549 : INFO : Machine : MPF path: /home/pinpi/pinpi/lib/python3.11/site-packages/mpf
2025-06-04 20:45:29,549 : INFO : Machine : Machine path: /home/pinpi/toedragons-pinball
2025-06-04 20:45:29,549 : INFO : Machine : Platform: linux
2025-06-04 20:45:29,549 : INFO : Machine : Python executable location: /home/pinpi/pinpi/bin/python
2025-06-04 20:45:29,549 : INFO : Machine : Python version: 3.11.2 (64-bit)
2025-06-04 20:45:29,550 : INFO : Machine : Initializing MPF...
2025-06-04 20:45:29,594 : INFO : FAST [NET] : Trying to connect to /dev/ttyAMA2 at 921600bps
2025-06-04 20:45:29,595 : INFO : FAST [NET] : Connected to /dev/ttyAMA2 at 921600bps
2025-06-04 20:45:29,596 : INFO : FAST [NET] : Connected to FP-CPU-2000 with firmware v02.26
2025-06-04 20:45:29,598 : INFO : FAST [NET] : Registered I/O Board 0: Model: FP-I/O-0024, Firmware: 01.10, Switches: 24, Drivers: 8
2025-06-04 20:45:29,599 : INFO : FAST [NET] : Registered I/O Board 1: Model: FP-I/O-0804, Firmware: 01.10, Switches: 8, Drivers: 4
2025-06-04 20:45:29,600 : INFO : FAST [NET] : Registered I/O Board 2: Model: FP-I/O-3208, Firmware: 01.10, Switches: 32, Drivers: 8
2025-06-04 20:45:29,601 : INFO : FAST [NET] : Registered I/O Board 3: Model: FP-I/O-0804, Firmware: 01.10, Switches: 8, Drivers: 4
2025-06-04 20:45:29,601 : INFO : EventManager : Event: ======'machine_var_credits_string'====== Args={'value': 'FREE PLAY', 'prev_value': None, 'change': True}
2025-06-04 20:45:29,608 : INFO : EventManager : Event: ======'machine_var_master_volume'====== Args={'value': 0.5, 'prev_value': None, 'change': True}
2025-06-04 20:45:29,608 : INFO : EventManager : Event: ======'machine_var_mpf_version'====== Args={'value': 'Mission Pinball Framework v0.80.0.dev7', 'prev_value': None, 'change': True}
2025-06-04 20:45:29,608 : INFO : EventManager : Event: ======'machine_var_mpf_extended_version'====== Args={'value': 'Mission Pinball Framework v0.80.0.dev7, Config version:6, Show version: 6, BCP version:1.1', 'prev_value': None, 'change': True}
2025-06-04 20:45:29,608 : INFO : EventManager : Event: ======'machine_var_python_version'====== Args={'value': '3.11.2', 'prev_value': None, 'change': True}
2025-06-04 20:45:29,610 : INFO : EventManager : Event: ======'machine_var_platform'====== Args={'value': 'Linux-6.6.51+rpt-rpi-2712-aarch64-with-glibc2.36', 'prev_value': None, 'change': True}
2025-06-04 20:45:29,610 : INFO : EventManager : Event: ======'machine_var_platform_system'====== Args={'value': 'Linux', 'prev_value': None, 'change': True}
2025-06-04 20:45:29,611 : INFO : EventManager : Event: ======'machine_var_platform_release'====== Args={'value': '6.6.51+rpt-rpi-2712', 'prev_value': None, 'change': True}
2025-06-04 20:45:29,611 : INFO : EventManager : Event: ======'machine_var_platform_version'====== Args={'value': '#1 SMP PREEMPT Debian 1:6.6.51-1+rpt3 (2024-10-08)', 'prev_value': None, 'change': True}
2025-06-04 20:45:29,611 : INFO : EventManager : Event: ======'machine_var_platform_machine'====== Args={'value': 'aarch64', 'prev_value': None, 'change': True}
2025-06-04 20:45:29,611 : INFO : EventManager : Event: ======'machine_var_log_file_path'====== Args={'value': '/home/pinpi/toedragons-pinball/logs/2025-06-04-20-45-29-mpf-pinpi.log', 'prev_value': None, 'change': True}
2025-06-04 20:45:29,611 : INFO : EventManager : Event: ======'init_phase_1'====== Args={}
2025-06-04 20:45:29,693 : INFO : SwitchController : <<<<<<< 's_left_flipper_eos' active >>>>>>>
2025-06-04 20:45:29,693 : INFO : SwitchController : <<<<<<< 's_right_flipper_eos' active >>>>>>>
2025-06-04 20:45:29,693 : INFO : EventManager : Event: ======'init_phase_2'====== Args={}
2025-06-04 20:45:29,693 : INFO : SwitchController : Found active switch: (40, [FAST Platform Interface]) <switch.s_left_flipper_eos>
2025-06-04 20:45:29,693 : INFO : SwitchController : Found active switch: (44, [FAST Platform Interface]) <switch.s_right_flipper_eos>
2025-06-04 20:45:29,697 : INFO : EventManager : Event: ======'init_phase_3'====== Args={}
2025-06-04 20:45:29,698 : INFO : EventManager : Event: ======'init_phase_4'====== Args={}
2025-06-04 20:45:29,699 : INFO : EventManager : Event: ======'machine_var_audits_switches_s_left_flipper_eos'====== Args={'value': 0, 'prev_value': None, 'change': True}
2025-06-04 20:45:29,699 : INFO : EventManager : Event: ======'machine_var_audits_switches_s_right_flipper'====== Args={'value': 0, 'prev_value': None, 'change': True}
2025-06-04 20:45:29,699 : INFO : EventManager : Event: ======'machine_var_audits_switches_s_start_button'====== Args={'value': 0, 'prev_value': None, 'change': True}
2025-06-04 20:45:29,699 : INFO : EventManager : Event: ======'machine_var_audits_switches_s_left_flipper'====== Args={'value': 0, 'prev_value': None, 'change': True}
2025-06-04 20:45:29,699 : INFO : EventManager : Event: ======'machine_var_audits_switches_s_left_slingshot'====== Args={'value': 0, 'prev_value': None, 'change': True}
2025-06-04 20:45:29,700 : INFO : EventManager : Event: ======'machine_var_audits_switches_s_right_flipper_eos'====== Args={'value': 0, 'prev_value': None, 'change': True}
2025-06-04 20:45:29,700 : INFO : EventManager : Event: ======'machine_var_audits_switches_s_right_slingshot'====== Args={'value': 0, 'prev_value': None, 'change': True}
2025-06-04 20:45:29,700 : INFO : EventManager : Event: ======'machine_var_audits_events_game_started'====== Args={'value': 0, 'prev_value': None, 'change': True}
2025-06-04 20:45:29,700 : INFO : EventManager : Event: ======'machine_var_audits_events_game_ended'====== Args={'value': 0, 'prev_value': None, 'change': True}
2025-06-04 20:45:29,700 : INFO : EventManager : Event: ======'machine_var_audits_player_score'====== Args={'value': {'top': [], 'average': 0, 'total': 0}, 'prev_value': None, 'change': True}
2025-06-04 20:45:29,700 : INFO : EventManager : Event: ======'init_phase_5'====== Args={}
2025-06-04 20:45:29,700 : INFO : EventManager : Event: ======'init_done'====== Args={}
2025-06-04 20:45:29,700 : INFO : EventManager : Event: ======'machine_reset_phase_1'====== Args={}
2025-06-04 20:45:29,700 : INFO : EventManager : Event: ======'machine_reset_phase_2'====== Args={}
2025-06-04 20:45:29,700 : INFO : EventManager : Event: ======'machine_reset_phase_3'====== Args={}
2025-06-04 20:45:29,701 : INFO : EventManager : Event: ======'reset_complete'====== Args={}
2025-06-04 20:45:29,701 : INFO : EventManager : Event: ======'mode_attract_will_start'====== Args={}
2025-06-04 20:45:29,702 : INFO : EventManager : Event: ======'mode_attract_starting'====== Args={}
2025-06-04 20:45:29,702 : INFO : Mode.attract : Started. Priority: 10
2025-06-04 20:45:29,702 : INFO : EventManager : Event: ======'modes_active_modes_changed'====== Args={}
2025-06-04 20:45:29,702 : INFO : EventManager : Event: ======'mode_attract_started'====== Args={}
2025-06-04 20:45:29,702 : INFO : EventManager : Event: ======'collecting_balls_complete'====== Args={}
2025-06-04 20:45:29,702 : INFO : Machine : Starting the main run loop with active modes: [<Mode.attract>]
2025-06-04 20:45:31,873 : INFO : SwitchController : <<<<<<< 's_start_button' active >>>>>>>
2025-06-04 20:45:31,873 : INFO : EventManager : Event: ======'playfield_active'====== Args={'source': 'ac_ball_trough'}
2025-06-04 20:45:31,873 : INFO : EventManager : Event: ======'unexpected_ball_on_playfield'====== Args={}
2025-06-04 20:45:31,873 : INFO : EventManager : Event: ======'playfield_active'====== Args={'source': 'ac_auto_plunger'}
2025-06-04 20:45:31,873 : INFO : EventManager : Event: ======'unexpected_ball_on_playfield'====== Args={}
2025-06-04 20:45:31,902 : INFO : SwitchController : <<<<<<< 's_right_flipper_eos' inactive >>>>>>>
2025-06-04 20:45:31,916 : INFO : SwitchController : <<<<<<< 's_right_flipper_eos' active >>>>>>>
2025-06-04 20:45:31,938 : INFO : SwitchController : <<<<<<< 's_start_button' inactive >>>>>>>
2025-06-04 20:45:32,215 : INFO : SwitchController : <<<<<<< 's_right_flipper_eos' inactive >>>>>>>
2025-06-04 20:45:32,222 : INFO : SwitchController : <<<<<<< 's_right_flipper_eos' active >>>>>>>
2025-06-04 20:45:33,949 : INFO : SwitchController : <<<<<<< 's_right_flipper' active >>>>>>>
2025-06-04 20:45:33,976 : INFO : SwitchController : <<<<<<< 's_right_flipper_eos' inactive >>>>>>>
2025-06-04 20:45:33,984 : INFO : SwitchController : <<<<<<< 's_right_flipper_eos' active >>>>>>>
2025-06-04 20:45:33,990 : INFO : SwitchController : <<<<<<< 's_right_flipper_eos' inactive >>>>>>>
2025-06-04 20:45:34,060 : INFO : SwitchController : <<<<<<< 's_right_flipper' inactive >>>>>>>
2025-06-04 20:45:36,579 : INFO : SwitchController : <<<<<<< 's_left_flipper' active >>>>>>>
2025-06-04 20:45:36,605 : INFO : SwitchController : <<<<<<< 's_left_flipper_eos' inactive >>>>>>>
2025-06-04 20:45:36,719 : INFO : SwitchController : <<<<<<< 's_left_flipper' inactive >>>>>>>
2025-06-04 20:45:36,761 : INFO : SwitchController : <<<<<<< 's_left_flipper_eos' active >>>>>>>
2025-06-04 20:45:39,004 : INFO : SwitchController : <<<<<<< 's_right_flipper' active >>>>>>>
2025-06-04 20:45:39,137 : INFO : SwitchController : <<<<<<< 's_right_flipper' inactive >>>>>>>
2025-06-04 20:45:42,440 : INFO : SwitchController : <<<<<<< 's_right_flipper' active >>>>>>>
2025-06-04 20:45:42,581 : INFO : SwitchController : <<<<<<< 's_right_flipper' inactive >>>>>>>
2025-06-04 20:45:45,268 : INFO : SwitchController : <<<<<<< 's_right_flipper' active >>>>>>>
2025-06-04 20:45:45,365 : INFO : SwitchController : <<<<<<< 's_right_flipper' inactive >>>>>>>
2025-06-04 20:45:47,022 : INFO : SwitchController : <<<<<<< 's_left_flipper' active >>>>>>>
2025-06-04 20:45:47,044 : INFO : SwitchController : <<<<<<< 's_left_flipper_eos' inactive >>>>>>>
2025-06-04 20:45:47,125 : INFO : SwitchController : <<<<<<< 's_left_flipper' inactive >>>>>>>
2025-06-04 20:45:47,165 : INFO : SwitchController : <<<<<<< 's_left_flipper_eos' active >>>>>>>
2025-06-04 20:45:48,031 : INFO : SwitchController : <<<<<<< 's_left_flipper' active >>>>>>>
2025-06-04 20:45:48,053 : INFO : SwitchController : <<<<<<< 's_left_flipper_eos' inactive >>>>>>>
2025-06-04 20:45:48,174 : INFO : SwitchController : <<<<<<< 's_left_flipper' inactive >>>>>>>
2025-06-04 20:45:48,213 : INFO : SwitchController : <<<<<<< 's_left_flipper_eos' active >>>>>>>
2025-06-04 20:45:50,684 : INFO : SwitchController : <<<<<<< 's_left_flipper' active >>>>>>>
2025-06-04 20:45:50,719 : INFO : SwitchController : <<<<<<< 's_left_flipper_eos' inactive >>>>>>>
2025-06-04 20:45:50,825 : INFO : SwitchController : <<<<<<< 's_left_flipper' inactive >>>>>>>
2025-06-04 20:45:50,865 : INFO : SwitchController : <<<<<<< 's_left_flipper_eos' active >>>>>>>
2025-06-04 20:45:51,699 : INFO : SwitchController : <<<<<<< 's_left_flipper' active >>>>>>>
2025-06-04 20:45:51,721 : INFO : SwitchController : <<<<<<< 's_left_flipper_eos' inactive >>>>>>>
2025-06-04 20:45:51,810 : INFO : SwitchController : <<<<<<< 's_left_flipper' inactive >>>>>>>
2025-06-04 20:45:51,853 : INFO : SwitchController : <<<<<<< 's_left_flipper_eos' active >>>>>>>
2025-06-04 20:45:52,225 : INFO : SwitchController : <<<<<<< 's_right_flipper' active >>>>>>>
2025-06-04 20:45:52,378 : INFO : SwitchController : <<<<<<< 's_right_flipper' inactive >>>>>>>
2025-06-04 20:45:52,871 : INFO : SwitchController : <<<<<<< 's_right_flipper' active >>>>>>>
2025-06-04 20:45:52,989 : INFO : SwitchController : <<<<<<< 's_right_flipper' inactive >>>>>>>
2025-06-04 20:45:53,658 : INFO : SwitchController : <<<<<<< 's_right_flipper' active >>>>>>>
2025-06-04 20:45:53,788 : INFO : SwitchController : <<<<<<< 's_right_flipper' inactive >>>>>>>
2025-06-04 20:45:57,783 : INFO : SwitchController : <<<<<<< 's_right_flipper' active >>>>>>>
2025-06-04 20:45:57,893 : INFO : SwitchController : <<<<<<< 's_right_flipper' inactive >>>>>>>
2025-06-04 20:45:57,948 : INFO : SwitchController : <<<<<<< 's_right_flipper_eos' active >>>>>>>
2025-06-04 20:45:57,954 : INFO : SwitchController : <<<<<<< 's_right_flipper_eos' inactive >>>>>>>
2025-06-04 20:45:58,882 : INFO : SwitchController : <<<<<<< 's_left_flipper' active >>>>>>>
2025-06-04 20:45:58,904 : INFO : SwitchController : <<<<<<< 's_left_flipper_eos' inactive >>>>>>>
2025-06-04 20:45:59,016 : INFO : SwitchController : <<<<<<< 's_left_flipper' inactive >>>>>>>
2025-06-04 20:45:59,058 : INFO : SwitchController : <<<<<<< 's_left_flipper_eos' active >>>>>>>
2025-06-04 20:45:59,645 : INFO : SwitchController : <<<<<<< 's_right_flipper' active >>>>>>>
2025-06-04 20:45:59,754 : INFO : SwitchController : <<<<<<< 's_right_flipper' inactive >>>>>>>
2025-06-04 20:46:00,133 : INFO : SwitchController : <<<<<<< 's_right_flipper' active >>>>>>>
2025-06-04 20:46:00,265 : INFO : SwitchController : <<<<<<< 's_right_flipper' inactive >>>>>>>
2025-06-04 20:46:03,069 : INFO : SwitchController : <<<<<<< 's_left_flipper' active >>>>>>>
2025-06-04 20:46:03,091 : INFO : SwitchController : <<<<<<< 's_left_flipper_eos' inactive >>>>>>>
2025-06-04 20:46:03,168 : INFO : SwitchController : <<<<<<< 's_left_flipper' inactive >>>>>>>
2025-06-04 20:46:03,209 : INFO : SwitchController : <<<<<<< 's_left_flipper_eos' active >>>>>>>
2025-06-04 20:46:05,651 : INFO : SwitchController : <<<<<<< 's_right_flipper' active >>>>>>>
2025-06-04 20:46:05,805 : INFO : SwitchController : <<<<<<< 's_right_flipper' inactive >>>>>>>
2025-06-04 20:46:20,734 : INFO : SwitchController : <<<<<<< 's_start_button' active >>>>>>>
2025-06-04 20:46:20,734 : INFO : EventManager : Event: ======'playfield_active'====== Args={'source': 'ac_ball_trough'}
2025-06-04 20:46:20,734 : INFO : EventManager : Event: ======'unexpected_ball_on_playfield'====== Args={}
2025-06-04 20:46:20,734 : INFO : EventManager : Event: ======'playfield_active'====== Args={'source': 'ac_auto_plunger'}
2025-06-04 20:46:20,734 : INFO : EventManager : Event: ======'unexpected_ball_on_playfield'====== Args={}
2025-06-04 20:46:20,856 : INFO : SwitchController : <<<<<<< 's_start_button' inactive >>>>>>>
2025-06-04 20:46:21,607 : INFO : SwitchController : <<<<<<< 's_start_button' active >>>>>>>
2025-06-04 20:46:21,607 : INFO : EventManager : Event: ======'playfield_active'====== Args={'source': 'ac_ball_trough'}
2025-06-04 20:46:21,607 : INFO : EventManager : Event: ======'unexpected_ball_on_playfield'====== Args={}
2025-06-04 20:46:21,607 : INFO : EventManager : Event: ======'playfield_active'====== Args={'source': 'ac_auto_plunger'}
2025-06-04 20:46:21,607 : INFO : EventManager : Event: ======'unexpected_ball_on_playfield'====== Args={}
2025-06-04 20:46:21,757 : INFO : SwitchController : <<<<<<< 's_start_button' inactive >>>>>>>
2025-06-04 20:46:23,802 : INFO : SwitchController : <<<<<<< 's_right_flipper' active >>>>>>>
2025-06-04 20:46:23,851 : INFO : SwitchController : <<<<<<< 's_right_flipper' inactive >>>>>>>
2025-06-04 20:46:23,904 : INFO : SwitchController : <<<<<<< 's_right_flipper_eos' active >>>>>>>
2025-06-04 20:46:23,933 : INFO : SwitchController : <<<<<<< 's_right_flipper_eos' inactive >>>>>>>
2025-06-04 20:46:23,975 : INFO : SwitchController : <<<<<<< 's_right_flipper' active >>>>>>>
2025-06-04 20:46:24,066 : INFO : SwitchController : <<<<<<< 's_right_flipper' inactive >>>>>>>
2025-06-04 20:46:24,120 : INFO : SwitchController : <<<<<<< 's_right_flipper_eos' active >>>>>>>
2025-06-04 20:46:24,140 : INFO : SwitchController : <<<<<<< 's_right_flipper_eos' inactive >>>>>>>
2025-06-04 20:46:26,929 : INFO : SwitchController : <<<<<<< 's_start_button' active >>>>>>>
2025-06-04 20:46:26,929 : INFO : EventManager : Event: ======'playfield_active'====== Args={'source': 'ac_ball_trough'}
2025-06-04 20:46:26,929 : INFO : EventManager : Event: ======'unexpected_ball_on_playfield'====== Args={}
2025-06-04 20:46:26,929 : INFO : EventManager : Event: ======'playfield_active'====== Args={'source': 'ac_auto_plunger'}
2025-06-04 20:46:26,929 : INFO : EventManager : Event: ======'unexpected_ball_on_playfield'====== Args={}
2025-06-04 20:46:27,057 : INFO : SwitchController : <<<<<<< 's_start_button' inactive >>>>>>>
2025-06-04 20:46:27,797 : INFO : SwitchController : <<<<<<< 's_start_button' active >>>>>>>
2025-06-04 20:46:27,797 : INFO : EventManager : Event: ======'playfield_active'====== Args={'source': 'ac_ball_trough'}
2025-06-04 20:46:27,797 : INFO : EventManager : Event: ======'unexpected_ball_on_playfield'====== Args={}
2025-06-04 20:46:27,797 : INFO : EventManager : Event: ======'playfield_active'====== Args={'source': 'ac_auto_plunger'}
2025-06-04 20:46:27,797 : INFO : EventManager : Event: ======'unexpected_ball_on_playfield'====== Args={}
2025-06-04 20:46:27,901 : INFO : SwitchController : <<<<<<< 's_start_button' inactive >>>>>>>
2025-06-04 20:46:28,981 : INFO : SwitchController : <<<<<<< 's_start_button' active >>>>>>>
2025-06-04 20:46:28,981 : INFO : EventManager : Event: ======'playfield_active'====== Args={'source': 'ac_ball_trough'}
2025-06-04 20:46:28,982 : INFO : EventManager : Event: ======'unexpected_ball_on_playfield'====== Args={}
2025-06-04 20:46:28,982 : INFO : EventManager : Event: ======'playfield_active'====== Args={'source': 'ac_auto_plunger'}
2025-06-04 20:46:28,982 : INFO : EventManager : Event: ======'unexpected_ball_on_playfield'====== Args={}
2025-06-04 20:46:29,095 : INFO : SwitchController : <<<<<<< 's_start_button' inactive >>>>>>>
2025-06-04 20:46:31,010 : INFO : SwitchController : <<<<<<< 's_start_button' active >>>>>>>
2025-06-04 20:46:31,010 : INFO : EventManager : Event: ======'playfield_active'====== Args={'source': 'ac_ball_trough'}
2025-06-04 20:46:31,011 : INFO : EventManager : Event: ======'unexpected_ball_on_playfield'====== Args={}
2025-06-04 20:46:31,011 : INFO : EventManager : Event: ======'playfield_active'====== Args={'source': 'ac_auto_plunger'}
2025-06-04 20:46:31,011 : INFO : EventManager : Event: ======'unexpected_ball_on_playfield'====== Args={}
2025-06-04 20:46:31,135 : INFO : SwitchController : <<<<<<< 's_start_button' inactive >>>>>>>
2025-06-04 20:46:32,422 : INFO : SwitchController : <<<<<<< 's_start_button' active >>>>>>>
2025-06-04 20:46:32,422 : INFO : EventManager : Event: ======'playfield_active'====== Args={'source': 'ac_ball_trough'}
2025-06-04 20:46:32,422 : INFO : EventManager : Event: ======'unexpected_ball_on_playfield'====== Args={}
2025-06-04 20:46:32,422 : INFO : EventManager : Event: ======'playfield_active'====== Args={'source': 'ac_auto_plunger'}
2025-06-04 20:46:32,422 : INFO : EventManager : Event: ======'unexpected_ball_on_playfield'====== Args={}
2025-06-04 20:46:32,520 : INFO : SwitchController : <<<<<<< 's_start_button' inactive >>>>>>>
2025-06-04 20:46:33,856 : INFO : SwitchController : <<<<<<< 's_left_flipper' active >>>>>>>
2025-06-04 20:46:33,884 : INFO : SwitchController : <<<<<<< 's_left_flipper_eos' inactive >>>>>>>
2025-06-04 20:46:33,974 : INFO : SwitchController : <<<<<<< 's_left_flipper' inactive >>>>>>>
2025-06-04 20:46:34,014 : INFO : SwitchController : <<<<<<< 's_left_flipper_eos' active >>>>>>>
2025-06-04 20:46:34,988 : INFO : SwitchController : <<<<<<< 's_right_flipper' active >>>>>>>
2025-06-04 20:46:35,120 : INFO : SwitchController : <<<<<<< 's_right_flipper' inactive >>>>>>>
2025-06-04 20:46:40,350 : INFO : SwitchController : <<<<<<< 's_right_flipper' active >>>>>>>
2025-06-04 20:46:40,501 : INFO : SwitchController : <<<<<<< 's_right_flipper' inactive >>>>>>>
2025-06-04 20:46:44,612 : INFO : SwitchController : <<<<<<< 's_right_flipper' active >>>>>>>
2025-06-04 20:46:44,741 : INFO : SwitchController : <<<<<<< 's_right_flipper' inactive >>>>>>>
2025-06-04 20:46:44,850 : INFO : SwitchController : <<<<<<< 's_left_flipper' active >>>>>>>
2025-06-04 20:46:44,873 : INFO : SwitchController : <<<<<<< 's_left_flipper_eos' inactive >>>>>>>
2025-06-04 20:46:44,961 : INFO : SwitchController : <<<<<<< 's_left_flipper' inactive >>>>>>>
2025-06-04 20:46:45,003 : INFO : SwitchController : <<<<<<< 's_left_flipper_eos' active >>>>>>>
2025-06-04 20:47:19,518 : INFO : SwitchController : <<<<<<< 's_left_flipper' active >>>>>>>
2025-06-04 20:47:19,539 : INFO : SwitchController : <<<<<<< 's_left_flipper_eos' inactive >>>>>>>
2025-06-04 20:47:19,569 : INFO : SwitchController : <<<<<<< 's_left_flipper' inactive >>>>>>>
2025-06-04 20:47:19,611 : INFO : SwitchController : <<<<<<< 's_left_flipper_eos' active >>>>>>>
2025-06-04 20:47:19,784 : INFO : SwitchController : <<<<<<< 's_right_flipper' active >>>>>>>
2025-06-04 20:47:19,823 : INFO : SwitchController : <<<<<<< 's_right_flipper' inactive >>>>>>>
2025-06-04 20:47:21,060 : INFO : SwitchController : <<<<<<< 's_start_button' active >>>>>>>
2025-06-04 20:47:21,060 : INFO : EventManager : Event: ======'playfield_active'====== Args={'source': 'ac_ball_trough'}
2025-06-04 20:47:21,060 : INFO : EventManager : Event: ======'unexpected_ball_on_playfield'====== Args={}
2025-06-04 20:47:21,060 : INFO : EventManager : Event: ======'playfield_active'====== Args={'source': 'ac_auto_plunger'}
2025-06-04 20:47:21,060 : INFO : EventManager : Event: ======'unexpected_ball_on_playfield'====== Args={}
2025-06-04 20:47:21,231 : INFO : SwitchController : <<<<<<< 's_start_button' inactive >>>>>>>
2025-06-04 20:47:22,003 : INFO : SwitchController : <<<<<<< 's_start_button' active >>>>>>>
2025-06-04 20:47:22,004 : INFO : EventManager : Event: ======'playfield_active'====== Args={'source': 'ac_ball_trough'}
2025-06-04 20:47:22,004 : INFO : EventManager : Event: ======'unexpected_ball_on_playfield'====== Args={}
2025-06-04 20:47:22,004 : INFO : EventManager : Event: ======'playfield_active'====== Args={'source': 'ac_auto_plunger'}
2025-06-04 20:47:22,004 : INFO : EventManager : Event: ======'unexpected_ball_on_playfield'====== Args={}
2025-06-04 20:47:22,133 : INFO : SwitchController : <<<<<<< 's_start_button' inactive >>>>>>>
2025-06-04 20:47:23,714 : INFO : SwitchController : <<<<<<< 's_right_flipper' active >>>>>>>
2025-06-04 20:47:23,909 : INFO : SwitchController : <<<<<<< 's_right_flipper' inactive >>>>>>>
2025-06-04 20:47:25,912 : INFO : SwitchController : <<<<<<< 's_right_flipper' active >>>>>>>
2025-06-04 20:47:26,296 : INFO : SwitchController : <<<<<<< 's_right_flipper' inactive >>>>>>>
2025-06-04 20:47:26,727 : INFO : SwitchController : <<<<<<< 's_right_flipper' active >>>>>>>
2025-06-04 20:47:26,933 : INFO : SwitchController : <<<<<<< 's_right_flipper' inactive >>>>>>>
2025-06-04 20:47:28,092 : INFO : SwitchController : <<<<<<< 's_left_flipper' active >>>>>>>
2025-06-04 20:47:28,117 : INFO : SwitchController : <<<<<<< 's_left_flipper_eos' inactive >>>>>>>
2025-06-04 20:47:28,232 : INFO : SwitchController : <<<<<<< 's_left_flipper' inactive >>>>>>>
2025-06-04 20:47:28,272 : INFO : SwitchController : <<<<<<< 's_left_flipper_eos' active >>>>>>>
2025-06-04 20:47:29,021 : INFO : SwitchController : <<<<<<< 's_right_flipper' active >>>>>>>
2025-06-04 20:47:29,138 : INFO : SwitchController : <<<<<<< 's_right_flipper' inactive >>>>>>>
2025-06-04 20:47:29,926 : INFO : SwitchController : <<<<<<< 's_right_flipper' active >>>>>>>
2025-06-04 20:47:30,041 : INFO : SwitchController : <<<<<<< 's_right_flipper' inactive >>>>>>>
2025-06-04 20:47:31,397 : INFO : SwitchController : <<<<<<< 's_right_flipper' active >>>>>>>
2025-06-04 20:47:31,508 : INFO : SwitchController : <<<<<<< 's_right_flipper' inactive >>>>>>>
2025-06-04 20:47:32,858 : INFO : SwitchController : <<<<<<< 's_left_flipper' active >>>>>>>
2025-06-04 20:47:32,881 : INFO : SwitchController : <<<<<<< 's_left_flipper_eos' inactive >>>>>>>
2025-06-04 20:47:32,956 : INFO : SwitchController : <<<<<<< 's_left_flipper' inactive >>>>>>>
2025-06-04 20:47:32,997 : INFO : SwitchController : <<<<<<< 's_left_flipper_eos' active >>>>>>>
2025-06-04 20:47:33,134 : INFO : SwitchController : <<<<<<< 's_right_flipper' active >>>>>>>
2025-06-04 20:47:33,191 : INFO : SwitchController : <<<<<<< 's_right_flipper' inactive >>>>>>>
2025-06-04 20:47:33,650 : INFO : SwitchController : <<<<<<< 's_left_flipper' active >>>>>>>
2025-06-04 20:47:33,687 : INFO : SwitchController : <<<<<<< 's_left_flipper_eos' inactive >>>>>>>
2025-06-04 20:47:33,738 : INFO : SwitchController : <<<<<<< 's_left_flipper' inactive >>>>>>>
2025-06-04 20:47:33,778 : INFO : SwitchController : <<<<<<< 's_left_flipper_eos' active >>>>>>>
2025-06-04 20:47:35,633 : INFO : SwitchController : <<<<<<< 's_left_slingshot' active >>>>>>>
2025-06-04 20:47:35,634 : INFO : EventManager : Event: ======'playfield_active'====== Args={'source': 'ac_left_slingshot'}
2025-06-04 20:47:35,634 : INFO : EventManager : Event: ======'unexpected_ball_on_playfield'====== Args={}
2025-06-04 20:47:35,641 : INFO : SwitchController : <<<<<<< 's_left_slingshot' inactive >>>>>>>
2025-06-04 20:47:39,257 : INFO : SwitchController : <<<<<<< 's_right_slingshot' active >>>>>>>
2025-06-04 20:47:39,257 : INFO : EventManager : Event: ======'playfield_active'====== Args={'source': 'ac_right_slingshot'}
2025-06-04 20:47:39,257 : INFO : EventManager : Event: ======'unexpected_ball_on_playfield'====== Args={}
2025-06-04 20:47:39,261 : INFO : SwitchController : <<<<<<< 's_right_slingshot' inactive >>>>>>>
2025-06-04 20:47:48,367 : INFO : Machine : Shutting down...
2025-06-04 20:47:48,367 : INFO : EventManager : Event: ======'shutdown'====== Args={}
2025-06-04 20:47:48,469 : INFO : root : MPF run loop ended.
