2025-04-20 20:19:52,144 : INFO : root : Loading config.
2025-04-20 20:19:52,378 : INFO : ConfigProcessor : Config spec file cache created: /tmp/config_spec.mpf_cache
2025-04-20 20:19:52,378 : INFO : YamlMultifileConfigLoader : Machine config file #1: config.yaml
2025-04-20 20:19:52,378 : INFO : ConfigProcessor : Loading config from file /home/pinpi/pinpi/lib/python3.11/site-packages/mpf/mpfconfig.yaml.
2025-04-20 20:19:52,441 : INFO : ConfigProcessor : Loading config: /home/pinpi/pinpi/lib/python3.11/site-packages/mpf/mpfconfig.yaml
2025-04-20 20:19:52,442 : INFO : ConfigProcessor : Loading config from file /home/pinpi/toedragons-pinball/config/config.yaml.
2025-04-20 20:19:52,450 : INFO : ConfigProcessor : Loading config: /home/pinpi/toedragons-pinball/config/config.yaml
2025-04-20 20:19:52,451 : INFO : ConfigProcessor : Config file cache created: /tmp/9121053a167b3a0609222a4623987891.mpf_cache
2025-04-20 20:19:52,534 : INFO : ConfigProcessor : Loading config from file /home/pinpi/pinpi/lib/python3.11/site-packages/mpf/modes/attract/config/attract.yaml.
2025-04-20 20:19:52,535 : INFO : ConfigProcessor : Loading config: /home/pinpi/pinpi/lib/python3.11/site-packages/mpf/modes/attract/config/attract.yaml
2025-04-20 20:19:52,536 : INFO : ConfigProcessor : Config file cache created: /tmp/66ef204c87633dc02ca3efd475778ed9.mpf_cache
2025-04-20 20:19:52,536 : INFO : ConfigProcessor : Loading config from file /home/pinpi/pinpi/lib/python3.11/site-packages/mpf/modes/game/config/game.yaml.
2025-04-20 20:19:52,538 : INFO : ConfigProcessor : Loading config: /home/pinpi/pinpi/lib/python3.11/site-packages/mpf/modes/game/config/game.yaml
2025-04-20 20:19:52,538 : INFO : ConfigProcessor : Config file cache created: /tmp/74f2825223a7abe8c76a0d15a1753cf2.mpf_cache
2025-04-20 20:19:52,538 : INFO : Machine : Mission Pinball Framework Core Engine v0.80.0.dev7
2025-04-20 20:19:52,538 : INFO : Machine : Command line arguments: {'no_load_cache': False, 'create_config_cache': True, 'bcp': False, 'configfile': ['config.yaml'], 'force_assets_load': False, 'platform_integration_test': False, 'jsonlogging': False, 'logfile': 'logs/2025-04-20-20-19-52-mpf-pinpi.log', 'pause': False, 'production': False, 'text_ui': True, 'loglevel': 15, 'consoleloglevel': 20, 'force_platform': None, 'syslog_address': None, 'full_logfile_path': '/home/pinpi/toedragons-pinball/logs/2025-04-20-20-19-52-mpf-pinpi.log'}
2025-04-20 20:19:52,538 : INFO : Machine : MPF path: /home/pinpi/pinpi/lib/python3.11/site-packages/mpf
2025-04-20 20:19:52,538 : INFO : Machine : Machine path: /home/pinpi/toedragons-pinball
2025-04-20 20:19:52,538 : INFO : Machine : Platform: linux
2025-04-20 20:19:52,538 : INFO : Machine : Python executable location: /home/pinpi/pinpi/bin/python
2025-04-20 20:19:52,538 : INFO : Machine : Python version: 3.11.2 (64-bit)
2025-04-20 20:19:52,539 : INFO : Machine : Initializing MPF...
2025-04-20 20:19:52,663 : INFO : FAST [NET] : Trying to connect to /dev/ttyAMA2 at 921600bps
2025-04-20 20:19:52,664 : INFO : FAST [NET] : Connected to /dev/ttyAMA2 at 921600bps
2025-04-20 20:19:52,666 : INFO : FAST [NET] : Connected to FP-CPU-2000 with firmware v02.26
2025-04-20 20:19:52,667 : INFO : FAST [NET] : Registered I/O Board 0: Model: FP-I/O-3208, Firmware: 01.10, Switches: 32, Drivers: 8
2025-04-20 20:19:52,667 : INFO : EventManager : Event: ======'machine_var_credits_string'====== Args={'value': 'FREE PLAY', 'prev_value': None, 'change': True}
2025-04-20 20:19:52,682 : INFO : EventManager : Event: ======'machine_var_master_volume'====== Args={'value': 0.5, 'prev_value': None, 'change': True}
2025-04-20 20:19:52,682 : INFO : EventManager : Event: ======'machine_var_mpf_version'====== Args={'value': 'Mission Pinball Framework v0.80.0.dev7', 'prev_value': None, 'change': True}
2025-04-20 20:19:52,682 : INFO : EventManager : Event: ======'machine_var_mpf_extended_version'====== Args={'value': 'Mission Pinball Framework v0.80.0.dev7, Config version:6, Show version: 6, BCP version:1.1', 'prev_value': None, 'change': True}
2025-04-20 20:19:52,682 : INFO : EventManager : Event: ======'machine_var_python_version'====== Args={'value': '3.11.2', 'prev_value': None, 'change': True}
2025-04-20 20:19:52,683 : INFO : EventManager : Event: ======'machine_var_platform'====== Args={'value': 'Linux-6.6.51+rpt-rpi-2712-aarch64-with-glibc2.36', 'prev_value': None, 'change': True}
2025-04-20 20:19:52,683 : INFO : EventManager : Event: ======'machine_var_platform_system'====== Args={'value': 'Linux', 'prev_value': None, 'change': True}
2025-04-20 20:19:52,683 : INFO : EventManager : Event: ======'machine_var_platform_release'====== Args={'value': '6.6.51+rpt-rpi-2712', 'prev_value': None, 'change': True}
2025-04-20 20:19:52,683 : INFO : EventManager : Event: ======'machine_var_platform_version'====== Args={'value': '#1 SMP PREEMPT Debian 1:6.6.51-1+rpt3 (2024-10-08)', 'prev_value': None, 'change': True}
2025-04-20 20:19:52,683 : INFO : EventManager : Event: ======'machine_var_platform_machine'====== Args={'value': 'aarch64', 'prev_value': None, 'change': True}
2025-04-20 20:19:52,684 : INFO : EventManager : Event: ======'machine_var_log_file_path'====== Args={'value': '/home/pinpi/toedragons-pinball/logs/2025-04-20-20-19-52-mpf-pinpi.log', 'prev_value': None, 'change': True}
2025-04-20 20:19:52,684 : INFO : EventManager : Event: ======'init_phase_1'====== Args={}
2025-04-20 20:19:52,807 : INFO : EventManager : Event: ======'init_phase_2'====== Args={}
2025-04-20 20:19:52,819 : INFO : EventManager : Event: ======'init_phase_3'====== Args={}
2025-04-20 20:19:52,822 : INFO : EventManager : Event: ======'init_phase_4'====== Args={}
2025-04-20 20:19:52,824 : INFO : EventManager : Event: ======'machine_var_audits_switches_s_left_slingshot'====== Args={'value': 0, 'prev_value': None, 'change': True}
2025-04-20 20:19:52,824 : INFO : EventManager : Event: ======'machine_var_audits_switches_s_right_slingshot'====== Args={'value': 0, 'prev_value': None, 'change': True}
2025-04-20 20:19:52,824 : INFO : EventManager : Event: ======'machine_var_audits_switches_s_right_flipper_eos'====== Args={'value': 0, 'prev_value': None, 'change': True}
2025-04-20 20:19:52,824 : INFO : EventManager : Event: ======'machine_var_audits_switches_s_right_flipper'====== Args={'value': 0, 'prev_value': None, 'change': True}
2025-04-20 20:19:52,824 : INFO : EventManager : Event: ======'machine_var_audits_switches_s_left_flipper_eos'====== Args={'value': 0, 'prev_value': None, 'change': True}
2025-04-20 20:19:52,824 : INFO : EventManager : Event: ======'machine_var_audits_switches_s_left_flipper'====== Args={'value': 0, 'prev_value': None, 'change': True}
2025-04-20 20:19:52,824 : INFO : EventManager : Event: ======'machine_var_audits_events_game_started'====== Args={'value': 0, 'prev_value': None, 'change': True}
2025-04-20 20:19:52,824 : INFO : EventManager : Event: ======'machine_var_audits_events_game_ended'====== Args={'value': 0, 'prev_value': None, 'change': True}
2025-04-20 20:19:52,824 : INFO : EventManager : Event: ======'machine_var_audits_player_score'====== Args={'value': {'top': [], 'average': 0, 'total': 0}, 'prev_value': None, 'change': True}
2025-04-20 20:19:52,825 : INFO : EventManager : Event: ======'init_phase_5'====== Args={}
2025-04-20 20:19:52,825 : INFO : EventManager : Event: ======'init_done'====== Args={}
2025-04-20 20:19:52,825 : INFO : EventManager : Event: ======'machine_reset_phase_1'====== Args={}
2025-04-20 20:19:52,826 : INFO : EventManager : Event: ======'machine_reset_phase_2'====== Args={}
2025-04-20 20:19:52,826 : INFO : EventManager : Event: ======'machine_reset_phase_3'====== Args={}
2025-04-20 20:19:52,828 : INFO : EventManager : Event: ======'reset_complete'====== Args={}
2025-04-20 20:19:52,828 : INFO : EventManager : Event: ======'mode_attract_will_start'====== Args={}
2025-04-20 20:19:52,828 : INFO : EventManager : Event: ======'mode_attract_starting'====== Args={}
2025-04-20 20:19:52,828 : INFO : Mode.attract : Started. Priority: 10
2025-04-20 20:19:52,829 : INFO : EventManager : Event: ======'modes_active_modes_changed'====== Args={}
2025-04-20 20:19:52,829 : INFO : EventManager : Event: ======'mode_attract_started'====== Args={}
2025-04-20 20:19:52,829 : INFO : EventManager : Event: ======'collecting_balls_complete'====== Args={}
2025-04-20 20:19:52,829 : INFO : Machine : Starting the main run loop with active modes: [<Mode.attract>]
2025-04-20 20:19:55,152 : INFO : SwitchController : <<<<<<< 's_left_flipper' active >>>>>>>
2025-04-20 20:19:55,344 : INFO : SwitchController : <<<<<<< 's_left_flipper' inactive >>>>>>>
2025-04-20 20:19:56,146 : INFO : SwitchController : <<<<<<< 's_left_flipper' active >>>>>>>
2025-04-20 20:19:56,348 : INFO : SwitchController : <<<<<<< 's_left_flipper' inactive >>>>>>>
2025-04-20 20:19:56,676 : INFO : SwitchController : <<<<<<< 's_left_flipper' active >>>>>>>
2025-04-20 20:19:56,818 : INFO : SwitchController : <<<<<<< 's_left_flipper' inactive >>>>>>>
2025-04-20 20:19:56,984 : INFO : SwitchController : <<<<<<< 's_left_flipper' active >>>>>>>
2025-04-20 20:19:57,150 : INFO : SwitchController : <<<<<<< 's_left_flipper' inactive >>>>>>>
2025-04-20 20:19:57,278 : INFO : SwitchController : <<<<<<< 's_left_flipper' active >>>>>>>
2025-04-20 20:19:57,410 : INFO : SwitchController : <<<<<<< 's_left_flipper' inactive >>>>>>>
2025-04-20 20:19:58,463 : INFO : SwitchController : <<<<<<< 's_left_flipper' active >>>>>>>
2025-04-20 20:19:58,876 : INFO : SwitchController : <<<<<<< 's_left_flipper' inactive >>>>>>>
2025-04-20 20:19:59,021 : INFO : SwitchController : <<<<<<< 's_left_flipper' active >>>>>>>
2025-04-20 20:19:59,277 : INFO : SwitchController : <<<<<<< 's_left_flipper' inactive >>>>>>>
2025-04-20 20:19:59,828 : INFO : SwitchController : <<<<<<< 's_left_flipper' active >>>>>>>
2025-04-20 20:19:59,991 : INFO : SwitchController : <<<<<<< 's_left_flipper' inactive >>>>>>>
2025-04-20 20:20:00,115 : INFO : SwitchController : <<<<<<< 's_left_flipper' active >>>>>>>
2025-04-20 20:20:00,658 : INFO : SwitchController : <<<<<<< 's_left_flipper' inactive >>>>>>>
2025-04-20 20:20:01,032 : INFO : SwitchController : <<<<<<< 's_left_flipper' active >>>>>>>
2025-04-20 20:20:01,045 : INFO : SwitchController : <<<<<<< 's_left_flipper' inactive >>>>>>>
2025-04-20 20:20:01,241 : INFO : SwitchController : <<<<<<< 's_left_flipper' active >>>>>>>
2025-04-20 20:20:01,520 : INFO : SwitchController : <<<<<<< 's_left_flipper' inactive >>>>>>>
2025-04-20 20:20:01,827 : INFO : SwitchController : <<<<<<< 's_left_flipper' active >>>>>>>
2025-04-20 20:20:02,098 : INFO : SwitchController : <<<<<<< 's_left_flipper' inactive >>>>>>>
2025-04-20 20:20:02,417 : INFO : SwitchController : <<<<<<< 's_left_flipper' active >>>>>>>
2025-04-20 20:20:02,586 : INFO : SwitchController : <<<<<<< 's_left_flipper' inactive >>>>>>>
2025-04-20 20:20:02,967 : INFO : SwitchController : <<<<<<< 's_left_flipper' active >>>>>>>
2025-04-20 20:20:03,084 : INFO : SwitchController : <<<<<<< 's_left_flipper' inactive >>>>>>>
2025-04-20 20:20:03,338 : INFO : SwitchController : <<<<<<< 's_left_flipper' active >>>>>>>
2025-04-20 20:20:03,543 : INFO : SwitchController : <<<<<<< 's_left_flipper' inactive >>>>>>>
2025-04-20 20:20:03,797 : INFO : SwitchController : <<<<<<< 's_left_flipper' active >>>>>>>
2025-04-20 20:20:04,002 : INFO : SwitchController : <<<<<<< 's_left_flipper' inactive >>>>>>>
2025-04-20 20:20:04,451 : INFO : SwitchController : <<<<<<< 's_left_flipper' active >>>>>>>
2025-04-20 20:20:04,595 : INFO : SwitchController : <<<<<<< 's_left_flipper' inactive >>>>>>>
2025-04-20 20:20:05,517 : INFO : SwitchController : <<<<<<< 's_left_flipper' active >>>>>>>
2025-04-20 20:20:05,872 : INFO : SwitchController : <<<<<<< 's_left_flipper' inactive >>>>>>>
2025-04-20 20:20:06,532 : INFO : SwitchController : <<<<<<< 's_left_flipper' active >>>>>>>
2025-04-20 20:20:06,660 : INFO : SwitchController : <<<<<<< 's_left_flipper' inactive >>>>>>>
2025-04-20 20:20:06,786 : INFO : SwitchController : <<<<<<< 's_left_flipper' active >>>>>>>
2025-04-20 20:20:06,966 : INFO : SwitchController : <<<<<<< 's_left_flipper' inactive >>>>>>>
2025-04-20 20:20:07,318 : INFO : SwitchController : <<<<<<< 's_left_flipper' active >>>>>>>
2025-04-20 20:20:07,566 : INFO : SwitchController : <<<<<<< 's_left_flipper' inactive >>>>>>>
2025-04-20 20:20:07,763 : INFO : SwitchController : <<<<<<< 's_left_flipper' active >>>>>>>
2025-04-20 20:20:07,918 : INFO : SwitchController : <<<<<<< 's_left_flipper' inactive >>>>>>>
2025-04-20 20:20:17,313 : INFO : Machine : Shutting down...
2025-04-20 20:20:17,314 : INFO : EventManager : Event: ======'shutdown'====== Args={}
2025-04-20 20:20:17,416 : INFO : root : MPF run loop ended.
