2025-05-11 20:52:01,160 : INFO : root : Loading config.
2025-05-11 20:52:01,393 : INFO : ConfigProcessor : Config spec file cache created: /tmp/config_spec.mpf_cache
2025-05-11 20:52:01,393 : INFO : YamlMultifileConfigLoader : Machine config file #1: config.yaml
2025-05-11 20:52:01,394 : INFO : ConfigProcessor : Loading config from file /home/pinpi/pinpi/lib/python3.11/site-packages/mpf/mpfconfig.yaml.
2025-05-11 20:52:01,438 : INFO : ConfigProcessor : Loading config: /home/pinpi/pinpi/lib/python3.11/site-packages/mpf/mpfconfig.yaml
2025-05-11 20:52:01,438 : INFO : ConfigProcessor : Loading config from file /home/pinpi/toedragons-pinball/config/config.yaml.
2025-05-11 20:52:01,447 : INFO : ConfigProcessor : Loading config: /home/pinpi/toedragons-pinball/config/config.yaml
2025-05-11 20:52:01,448 : INFO : ConfigProcessor : Config file cache created: /tmp/9121053a167b3a0609222a4623987891.mpf_cache
2025-05-11 20:52:01,546 : INFO : ConfigProcessor : Loading config from file /home/pinpi/pinpi/lib/python3.11/site-packages/mpf/modes/attract/config/attract.yaml.
2025-05-11 20:52:01,547 : INFO : ConfigProcessor : Loading config: /home/pinpi/pinpi/lib/python3.11/site-packages/mpf/modes/attract/config/attract.yaml
2025-05-11 20:52:01,547 : INFO : ConfigProcessor : Config file cache created: /tmp/66ef204c87633dc02ca3efd475778ed9.mpf_cache
2025-05-11 20:52:01,548 : INFO : ConfigProcessor : Loading config from file /home/pinpi/pinpi/lib/python3.11/site-packages/mpf/modes/game/config/game.yaml.
2025-05-11 20:52:01,549 : INFO : ConfigProcessor : Loading config: /home/pinpi/pinpi/lib/python3.11/site-packages/mpf/modes/game/config/game.yaml
2025-05-11 20:52:01,549 : INFO : ConfigProcessor : Config file cache created: /tmp/74f2825223a7abe8c76a0d15a1753cf2.mpf_cache
2025-05-11 20:52:01,550 : INFO : Machine : Mission Pinball Framework Core Engine v0.80.0.dev7
2025-05-11 20:52:01,550 : INFO : Machine : Command line arguments: {'no_load_cache': False, 'create_config_cache': True, 'bcp': False, 'configfile': ['config.yaml'], 'force_assets_load': False, 'platform_integration_test': False, 'jsonlogging': False, 'logfile': 'logs/2025-05-11-20-52-01-mpf-pinpi.log', 'pause': False, 'production': False, 'text_ui': True, 'loglevel': 15, 'consoleloglevel': 20, 'force_platform': None, 'syslog_address': None, 'full_logfile_path': '/home/pinpi/toedragons-pinball/logs/2025-05-11-20-52-01-mpf-pinpi.log'}
2025-05-11 20:52:01,550 : INFO : Machine : MPF path: /home/pinpi/pinpi/lib/python3.11/site-packages/mpf
2025-05-11 20:52:01,550 : INFO : Machine : Machine path: /home/pinpi/toedragons-pinball
2025-05-11 20:52:01,550 : INFO : Machine : Platform: linux
2025-05-11 20:52:01,550 : INFO : Machine : Python executable location: /home/pinpi/pinpi/bin/python
2025-05-11 20:52:01,550 : INFO : Machine : Python version: 3.11.2 (64-bit)
2025-05-11 20:52:01,550 : INFO : Machine : Initializing MPF...
2025-05-11 20:52:01,695 : INFO : FAST [NET] : Trying to connect to /dev/ttyAMA2 at 921600bps
2025-05-11 20:52:01,696 : INFO : FAST [NET] : Connected to /dev/ttyAMA2 at 921600bps
2025-05-11 20:52:01,697 : INFO : FAST [NET] : Connected to FP-CPU-2000 with firmware v02.26
2025-05-11 20:52:01,699 : INFO : FAST [NET] : Registered I/O Board 0: Model: FP-I/O-3208, Firmware: 01.10, Switches: 32, Drivers: 8
2025-05-11 20:52:01,699 : INFO : EventManager : Event: ======'machine_var_credits_string'====== Args={'value': 'FREE PLAY', 'prev_value': None, 'change': True}
2025-05-11 20:52:01,718 : INFO : EventManager : Event: ======'machine_var_master_volume'====== Args={'value': 0.5, 'prev_value': None, 'change': True}
2025-05-11 20:52:01,718 : INFO : EventManager : Event: ======'machine_var_mpf_version'====== Args={'value': 'Mission Pinball Framework v0.80.0.dev7', 'prev_value': None, 'change': True}
2025-05-11 20:52:01,718 : INFO : EventManager : Event: ======'machine_var_mpf_extended_version'====== Args={'value': 'Mission Pinball Framework v0.80.0.dev7, Config version:6, Show version: 6, BCP version:1.1', 'prev_value': None, 'change': True}
2025-05-11 20:52:01,718 : INFO : EventManager : Event: ======'machine_var_python_version'====== Args={'value': '3.11.2', 'prev_value': None, 'change': True}
2025-05-11 20:52:01,719 : INFO : EventManager : Event: ======'machine_var_platform'====== Args={'value': 'Linux-6.6.51+rpt-rpi-2712-aarch64-with-glibc2.36', 'prev_value': None, 'change': True}
2025-05-11 20:52:01,719 : INFO : EventManager : Event: ======'machine_var_platform_system'====== Args={'value': 'Linux', 'prev_value': None, 'change': True}
2025-05-11 20:52:01,719 : INFO : EventManager : Event: ======'machine_var_platform_release'====== Args={'value': '6.6.51+rpt-rpi-2712', 'prev_value': None, 'change': True}
2025-05-11 20:52:01,719 : INFO : EventManager : Event: ======'machine_var_platform_version'====== Args={'value': '#1 SMP PREEMPT Debian 1:6.6.51-1+rpt3 (2024-10-08)', 'prev_value': None, 'change': True}
2025-05-11 20:52:01,719 : INFO : EventManager : Event: ======'machine_var_platform_machine'====== Args={'value': 'aarch64', 'prev_value': None, 'change': True}
2025-05-11 20:52:01,719 : INFO : EventManager : Event: ======'machine_var_log_file_path'====== Args={'value': '/home/pinpi/toedragons-pinball/logs/2025-05-11-20-52-01-mpf-pinpi.log', 'prev_value': None, 'change': True}
2025-05-11 20:52:01,719 : INFO : EventManager : Event: ======'init_phase_1'====== Args={}
2025-05-11 20:52:01,844 : INFO : SwitchController : <<<<<<< 's_left_flipper_eos' active >>>>>>>
2025-05-11 20:52:01,844 : INFO : EventManager : Event: ======'init_phase_2'====== Args={}
2025-05-11 20:52:01,844 : INFO : SwitchController : Found active switch: (8, [FAST Platform Interface]) <switch.s_left_flipper_eos>
2025-05-11 20:52:01,853 : INFO : EventManager : Event: ======'init_phase_3'====== Args={}
2025-05-11 20:52:01,854 : INFO : EventManager : Event: ======'init_phase_4'====== Args={}
2025-05-11 20:52:01,855 : INFO : EventManager : Event: ======'machine_var_audits_switches_s_start_button'====== Args={'value': 0, 'prev_value': None, 'change': True}
2025-05-11 20:52:01,855 : INFO : EventManager : Event: ======'machine_var_audits_switches_s_left_flipper_eos'====== Args={'value': 0, 'prev_value': None, 'change': True}
2025-05-11 20:52:01,855 : INFO : EventManager : Event: ======'machine_var_audits_switches_s_left_slingshot'====== Args={'value': 0, 'prev_value': None, 'change': True}
2025-05-11 20:52:01,855 : INFO : EventManager : Event: ======'machine_var_audits_switches_s_right_flipper'====== Args={'value': 0, 'prev_value': None, 'change': True}
2025-05-11 20:52:01,855 : INFO : EventManager : Event: ======'machine_var_audits_switches_s_right_flipper_eos'====== Args={'value': 0, 'prev_value': None, 'change': True}
2025-05-11 20:52:01,855 : INFO : EventManager : Event: ======'machine_var_audits_switches_s_right_slingshot'====== Args={'value': 0, 'prev_value': None, 'change': True}
2025-05-11 20:52:01,855 : INFO : EventManager : Event: ======'machine_var_audits_switches_s_left_flipper'====== Args={'value': 0, 'prev_value': None, 'change': True}
2025-05-11 20:52:01,855 : INFO : EventManager : Event: ======'machine_var_audits_events_game_started'====== Args={'value': 0, 'prev_value': None, 'change': True}
2025-05-11 20:52:01,856 : INFO : EventManager : Event: ======'machine_var_audits_events_game_ended'====== Args={'value': 0, 'prev_value': None, 'change': True}
2025-05-11 20:52:01,856 : INFO : EventManager : Event: ======'machine_var_audits_player_score'====== Args={'value': {'top': [], 'average': 0, 'total': 0}, 'prev_value': None, 'change': True}
2025-05-11 20:52:01,856 : INFO : EventManager : Event: ======'init_phase_5'====== Args={}
2025-05-11 20:52:01,859 : INFO : EventManager : Event: ======'init_done'====== Args={}
2025-05-11 20:52:01,859 : INFO : EventManager : Event: ======'machine_reset_phase_1'====== Args={}
2025-05-11 20:52:01,859 : INFO : EventManager : Event: ======'machine_reset_phase_2'====== Args={}
2025-05-11 20:52:01,859 : INFO : EventManager : Event: ======'machine_reset_phase_3'====== Args={}
2025-05-11 20:52:01,860 : INFO : EventManager : Event: ======'reset_complete'====== Args={}
2025-05-11 20:52:01,860 : INFO : EventManager : Event: ======'mode_attract_will_start'====== Args={}
2025-05-11 20:52:01,860 : INFO : EventManager : Event: ======'mode_attract_starting'====== Args={}
2025-05-11 20:52:01,860 : INFO : Mode.attract : Started. Priority: 10
2025-05-11 20:52:01,860 : INFO : EventManager : Event: ======'modes_active_modes_changed'====== Args={}
2025-05-11 20:52:01,860 : INFO : EventManager : Event: ======'mode_attract_started'====== Args={}
2025-05-11 20:52:01,860 : INFO : EventManager : Event: ======'collecting_balls_complete'====== Args={}
2025-05-11 20:52:01,861 : INFO : Machine : Starting the main run loop with active modes: [<Mode.attract>]
2025-05-11 20:52:02,797 : INFO : SwitchController : <<<<<<< 's_left_flipper' active >>>>>>>
2025-05-11 20:52:02,819 : INFO : SwitchController : <<<<<<< 's_left_flipper_eos' inactive >>>>>>>
2025-05-11 20:52:02,826 : INFO : SwitchController : <<<<<<< 's_left_flipper' inactive >>>>>>>
2025-05-11 20:52:02,865 : INFO : SwitchController : <<<<<<< 's_left_flipper_eos' active >>>>>>>
2025-05-11 20:52:03,595 : INFO : SwitchController : <<<<<<< 's_left_flipper' active >>>>>>>
2025-05-11 20:52:03,617 : INFO : SwitchController : <<<<<<< 's_left_flipper_eos' inactive >>>>>>>
2025-05-11 20:52:03,645 : INFO : SwitchController : <<<<<<< 's_left_flipper' inactive >>>>>>>
2025-05-11 20:52:03,687 : INFO : SwitchController : <<<<<<< 's_left_flipper_eos' active >>>>>>>
2025-05-11 20:52:04,742 : INFO : SwitchController : <<<<<<< 's_right_flipper' active >>>>>>>
2025-05-11 20:52:04,758 : INFO : SwitchController : <<<<<<< 's_right_flipper' inactive >>>>>>>
2025-05-11 20:52:06,543 : INFO : SwitchController : <<<<<<< 's_left_flipper' active >>>>>>>
2025-05-11 20:52:06,565 : INFO : SwitchController : <<<<<<< 's_left_flipper_eos' inactive >>>>>>>
2025-05-11 20:52:06,643 : INFO : SwitchController : <<<<<<< 's_left_flipper' inactive >>>>>>>
2025-05-11 20:52:06,687 : INFO : SwitchController : <<<<<<< 's_left_flipper_eos' active >>>>>>>
2025-05-11 20:52:07,242 : INFO : SwitchController : <<<<<<< 's_right_flipper' active >>>>>>>
2025-05-11 20:52:07,261 : INFO : SwitchController : <<<<<<< 's_right_flipper' inactive >>>>>>>
2025-05-11 20:52:08,283 : INFO : SwitchController : <<<<<<< 's_right_flipper' active >>>>>>>
2025-05-11 20:52:08,350 : INFO : SwitchController : <<<<<<< 's_right_flipper' inactive >>>>>>>
2025-05-11 20:52:19,153 : INFO : SwitchController : <<<<<<< 's_left_flipper' active >>>>>>>
2025-05-11 20:52:19,175 : INFO : SwitchController : <<<<<<< 's_left_flipper_eos' inactive >>>>>>>
2025-05-11 20:52:19,410 : INFO : SwitchController : <<<<<<< 's_left_flipper' inactive >>>>>>>
2025-05-11 20:52:19,453 : INFO : SwitchController : <<<<<<< 's_left_flipper_eos' active >>>>>>>
2025-05-11 20:52:23,045 : INFO : SwitchController : <<<<<<< 's_left_flipper' active >>>>>>>
2025-05-11 20:52:23,065 : INFO : SwitchController : <<<<<<< 's_left_flipper_eos' inactive >>>>>>>
2025-05-11 20:52:23,147 : INFO : SwitchController : <<<<<<< 's_left_flipper' inactive >>>>>>>
2025-05-11 20:52:23,191 : INFO : SwitchController : <<<<<<< 's_left_flipper_eos' active >>>>>>>
2025-05-11 20:52:23,306 : INFO : SwitchController : <<<<<<< 's_left_flipper' active >>>>>>>
2025-05-11 20:52:23,328 : INFO : SwitchController : <<<<<<< 's_left_flipper_eos' inactive >>>>>>>
2025-05-11 20:52:23,341 : INFO : SwitchController : <<<<<<< 's_left_flipper' inactive >>>>>>>
2025-05-11 20:52:23,375 : INFO : SwitchController : <<<<<<< 's_left_flipper_eos' active >>>>>>>
2025-05-11 20:52:23,597 : INFO : SwitchController : <<<<<<< 's_left_flipper' active >>>>>>>
2025-05-11 20:52:23,619 : INFO : SwitchController : <<<<<<< 's_left_flipper_eos' inactive >>>>>>>
2025-05-11 20:52:23,656 : INFO : SwitchController : <<<<<<< 's_left_flipper' inactive >>>>>>>
2025-05-11 20:52:23,700 : INFO : SwitchController : <<<<<<< 's_left_flipper_eos' active >>>>>>>
2025-05-11 20:52:35,718 : INFO : SwitchController : <<<<<<< 's_right_flipper' active >>>>>>>
2025-05-11 20:52:35,903 : INFO : SwitchController : <<<<<<< 's_right_flipper' inactive >>>>>>>
2025-05-11 20:52:35,976 : INFO : SwitchController : <<<<<<< 's_right_flipper' active >>>>>>>
2025-05-11 20:52:35,994 : INFO : SwitchController : <<<<<<< 's_right_flipper' inactive >>>>>>>
2025-05-11 20:52:36,001 : INFO : SwitchController : <<<<<<< 's_right_flipper' active >>>>>>>
2025-05-11 20:52:36,007 : INFO : SwitchController : <<<<<<< 's_right_flipper' inactive >>>>>>>
2025-05-11 20:52:37,637 : INFO : SwitchController : <<<<<<< 's_right_flipper' active >>>>>>>
2025-05-11 20:52:37,672 : INFO : SwitchController : <<<<<<< 's_right_flipper' inactive >>>>>>>
2025-05-11 20:52:39,479 : INFO : SwitchController : <<<<<<< 's_right_flipper' active >>>>>>>
2025-05-11 20:52:40,129 : INFO : SwitchController : <<<<<<< 's_right_flipper' inactive >>>>>>>
2025-05-11 20:52:40,289 : INFO : SwitchController : <<<<<<< 's_right_flipper' active >>>>>>>
2025-05-11 20:52:40,389 : INFO : SwitchController : <<<<<<< 's_right_flipper' inactive >>>>>>>
2025-05-11 20:52:40,406 : INFO : SwitchController : <<<<<<< 's_right_flipper' active >>>>>>>
2025-05-11 20:52:43,547 : INFO : SwitchController : <<<<<<< 's_right_flipper' inactive >>>>>>>
2025-05-11 20:52:43,927 : INFO : SwitchController : <<<<<<< 's_right_flipper' active >>>>>>>
2025-05-11 20:52:44,146 : INFO : SwitchController : <<<<<<< 's_right_flipper' inactive >>>>>>>
2025-05-11 20:52:47,353 : INFO : SwitchController : <<<<<<< 's_right_flipper' active >>>>>>>
2025-05-11 20:52:47,459 : INFO : SwitchController : <<<<<<< 's_right_flipper' inactive >>>>>>>
2025-05-11 20:52:57,347 : INFO : SwitchController : <<<<<<< 's_right_flipper' active >>>>>>>
2025-05-11 20:52:57,601 : INFO : SwitchController : <<<<<<< 's_right_flipper' inactive >>>>>>>
2025-05-11 20:53:00,475 : INFO : SwitchController : <<<<<<< 's_right_flipper' active >>>>>>>
2025-05-11 20:53:00,559 : INFO : SwitchController : <<<<<<< 's_right_flipper' inactive >>>>>>>
2025-05-11 20:53:00,682 : INFO : SwitchController : <<<<<<< 's_right_flipper' active >>>>>>>
2025-05-11 20:53:00,729 : INFO : SwitchController : <<<<<<< 's_right_flipper' inactive >>>>>>>
2025-05-11 20:53:00,846 : INFO : SwitchController : <<<<<<< 's_right_flipper' active >>>>>>>
2025-05-11 20:53:00,895 : INFO : SwitchController : <<<<<<< 's_right_flipper' inactive >>>>>>>
2025-05-11 20:53:01,524 : INFO : SwitchController : <<<<<<< 's_left_flipper' active >>>>>>>
2025-05-11 20:53:01,546 : INFO : SwitchController : <<<<<<< 's_left_flipper_eos' inactive >>>>>>>
2025-05-11 20:53:01,594 : INFO : SwitchController : <<<<<<< 's_left_flipper' inactive >>>>>>>
2025-05-11 20:53:01,637 : INFO : SwitchController : <<<<<<< 's_left_flipper_eos' active >>>>>>>
2025-05-11 20:53:01,734 : INFO : SwitchController : <<<<<<< 's_right_flipper' active >>>>>>>
2025-05-11 20:53:01,788 : INFO : SwitchController : <<<<<<< 's_right_flipper' inactive >>>>>>>
2025-05-11 20:53:01,838 : INFO : SwitchController : <<<<<<< 's_right_flipper_eos' active >>>>>>>
2025-05-11 20:53:01,950 : INFO : SwitchController : <<<<<<< 's_left_flipper' active >>>>>>>
2025-05-11 20:53:01,972 : INFO : SwitchController : <<<<<<< 's_left_flipper_eos' inactive >>>>>>>
2025-05-11 20:53:01,976 : INFO : SwitchController : <<<<<<< 's_right_flipper_eos' inactive >>>>>>>
2025-05-11 20:53:02,039 : INFO : SwitchController : <<<<<<< 's_left_flipper' inactive >>>>>>>
2025-05-11 20:53:02,081 : INFO : SwitchController : <<<<<<< 's_left_flipper_eos' active >>>>>>>
2025-05-11 20:53:02,407 : INFO : SwitchController : <<<<<<< 's_right_flipper' active >>>>>>>
2025-05-11 20:53:02,474 : INFO : SwitchController : <<<<<<< 's_right_flipper' inactive >>>>>>>
2025-05-11 20:53:02,532 : INFO : SwitchController : <<<<<<< 's_right_flipper_eos' active >>>>>>>
2025-05-11 20:53:02,605 : INFO : SwitchController : <<<<<<< 's_left_flipper' active >>>>>>>
2025-05-11 20:53:02,618 : INFO : SwitchController : <<<<<<< 's_left_flipper' inactive >>>>>>>
2025-05-11 20:53:02,627 : INFO : SwitchController : <<<<<<< 's_left_flipper_eos' inactive >>>>>>>
2025-05-11 20:53:02,632 : INFO : SwitchController : <<<<<<< 's_right_flipper_eos' inactive >>>>>>>
2025-05-11 20:53:02,646 : INFO : SwitchController : <<<<<<< 's_right_flipper_eos' active >>>>>>>
2025-05-11 20:53:02,646 : INFO : SwitchController : <<<<<<< 's_left_flipper_eos' active >>>>>>>
2025-05-11 20:53:02,702 : INFO : SwitchController : <<<<<<< 's_right_flipper' active >>>>>>>
2025-05-11 20:53:02,725 : INFO : SwitchController : <<<<<<< 's_right_flipper_eos' inactive >>>>>>>
2025-05-11 20:53:02,742 : INFO : SwitchController : <<<<<<< 's_right_flipper' inactive >>>>>>>
2025-05-11 20:53:02,782 : INFO : SwitchController : <<<<<<< 's_left_flipper' active >>>>>>>
2025-05-11 20:53:02,804 : INFO : SwitchController : <<<<<<< 's_left_flipper_eos' inactive >>>>>>>
2025-05-11 20:53:02,869 : INFO : SwitchController : <<<<<<< 's_left_flipper' inactive >>>>>>>
2025-05-11 20:53:02,912 : INFO : SwitchController : <<<<<<< 's_left_flipper_eos' active >>>>>>>
2025-05-11 20:53:03,027 : INFO : SwitchController : <<<<<<< 's_right_flipper' active >>>>>>>
2025-05-11 20:53:03,163 : INFO : SwitchController : <<<<<<< 's_right_flipper' inactive >>>>>>>
2025-05-11 20:53:03,442 : INFO : SwitchController : <<<<<<< 's_left_flipper' active >>>>>>>
2025-05-11 20:53:03,465 : INFO : SwitchController : <<<<<<< 's_left_flipper_eos' inactive >>>>>>>
2025-05-11 20:53:03,478 : INFO : SwitchController : <<<<<<< 's_right_flipper' active >>>>>>>
2025-05-11 20:53:03,495 : INFO : SwitchController : <<<<<<< 's_left_flipper' inactive >>>>>>>
2025-05-11 20:53:03,528 : INFO : SwitchController : <<<<<<< 's_right_flipper' inactive >>>>>>>
2025-05-11 20:53:03,536 : INFO : SwitchController : <<<<<<< 's_left_flipper_eos' active >>>>>>>
2025-05-11 20:53:03,669 : INFO : SwitchController : <<<<<<< 's_left_flipper' active >>>>>>>
2025-05-11 20:53:03,685 : INFO : SwitchController : <<<<<<< 's_right_flipper' active >>>>>>>
2025-05-11 20:53:03,690 : INFO : SwitchController : <<<<<<< 's_left_flipper_eos' inactive >>>>>>>
2025-05-11 20:53:03,751 : INFO : SwitchController : <<<<<<< 's_left_flipper' inactive >>>>>>>
2025-05-11 20:53:03,767 : INFO : SwitchController : <<<<<<< 's_right_flipper' inactive >>>>>>>
2025-05-11 20:53:03,795 : INFO : SwitchController : <<<<<<< 's_left_flipper_eos' active >>>>>>>
2025-05-11 20:53:08,351 : INFO : SwitchController : <<<<<<< 's_left_flipper' active >>>>>>>
2025-05-11 20:53:08,373 : INFO : SwitchController : <<<<<<< 's_left_flipper_eos' inactive >>>>>>>
2025-05-11 20:53:08,393 : INFO : SwitchController : <<<<<<< 's_left_flipper' inactive >>>>>>>
2025-05-11 20:53:08,436 : INFO : SwitchController : <<<<<<< 's_left_flipper_eos' active >>>>>>>
2025-05-11 20:53:08,536 : INFO : SwitchController : <<<<<<< 's_left_flipper' active >>>>>>>
2025-05-11 20:53:08,558 : INFO : SwitchController : <<<<<<< 's_left_flipper_eos' inactive >>>>>>>
2025-05-11 20:53:08,607 : INFO : SwitchController : <<<<<<< 's_left_flipper' inactive >>>>>>>
2025-05-11 20:53:08,649 : INFO : SwitchController : <<<<<<< 's_left_flipper_eos' active >>>>>>>
2025-05-11 20:53:09,503 : INFO : SwitchController : <<<<<<< 's_right_flipper' active >>>>>>>
2025-05-11 20:53:09,541 : INFO : SwitchController : <<<<<<< 's_right_flipper' inactive >>>>>>>
2025-05-11 20:53:10,656 : INFO : SwitchController : <<<<<<< 's_right_flipper' active >>>>>>>
2025-05-11 20:53:10,712 : INFO : SwitchController : <<<<<<< 's_right_flipper' inactive >>>>>>>
2025-05-11 20:53:12,338 : INFO : SwitchController : <<<<<<< 's_right_flipper' active >>>>>>>
2025-05-11 20:53:12,385 : INFO : SwitchController : <<<<<<< 's_right_flipper' inactive >>>>>>>
2025-05-11 20:53:12,527 : INFO : SwitchController : <<<<<<< 's_right_flipper' active >>>>>>>
2025-05-11 20:53:12,565 : INFO : SwitchController : <<<<<<< 's_right_flipper' inactive >>>>>>>
2025-05-11 20:53:12,683 : INFO : SwitchController : <<<<<<< 's_right_flipper' active >>>>>>>
2025-05-11 20:53:12,720 : INFO : SwitchController : <<<<<<< 's_right_flipper' inactive >>>>>>>
2025-05-11 20:53:12,844 : INFO : SwitchController : <<<<<<< 's_right_flipper' active >>>>>>>
2025-05-11 20:53:12,883 : INFO : SwitchController : <<<<<<< 's_right_flipper' inactive >>>>>>>
2025-05-11 20:53:26,545 : INFO : SwitchController : <<<<<<< 's_left_flipper' active >>>>>>>
2025-05-11 20:53:26,567 : INFO : SwitchController : <<<<<<< 's_left_flipper_eos' inactive >>>>>>>
2025-05-11 20:53:26,738 : INFO : SwitchController : <<<<<<< 's_left_flipper' inactive >>>>>>>
2025-05-11 20:53:26,779 : INFO : SwitchController : <<<<<<< 's_left_flipper_eos' active >>>>>>>
2025-05-11 20:53:28,557 : INFO : SwitchController : <<<<<<< 's_right_flipper' active >>>>>>>
2025-05-11 20:53:28,671 : INFO : SwitchController : <<<<<<< 's_right_flipper' inactive >>>>>>>
2025-05-11 20:53:30,047 : INFO : SwitchController : <<<<<<< 's_left_flipper' active >>>>>>>
2025-05-11 20:53:30,068 : INFO : SwitchController : <<<<<<< 's_left_flipper_eos' inactive >>>>>>>
2025-05-11 20:53:30,109 : INFO : SwitchController : <<<<<<< 's_left_flipper' inactive >>>>>>>
2025-05-11 20:53:30,150 : INFO : SwitchController : <<<<<<< 's_left_flipper_eos' active >>>>>>>
2025-05-11 20:53:32,271 : INFO : SwitchController : <<<<<<< 's_right_flipper' active >>>>>>>
2025-05-11 20:53:32,369 : INFO : SwitchController : <<<<<<< 's_right_flipper' inactive >>>>>>>
2025-05-11 20:53:59,166 : INFO : SwitchController : <<<<<<< 's_right_flipper' active >>>>>>>
2025-05-11 20:53:59,303 : INFO : SwitchController : <<<<<<< 's_right_flipper' inactive >>>>>>>
2025-05-11 20:54:00,043 : INFO : SwitchController : <<<<<<< 's_left_flipper' active >>>>>>>
2025-05-11 20:54:00,065 : INFO : SwitchController : <<<<<<< 's_left_flipper_eos' inactive >>>>>>>
2025-05-11 20:54:00,216 : INFO : SwitchController : <<<<<<< 's_left_flipper' inactive >>>>>>>
2025-05-11 20:54:00,257 : INFO : SwitchController : <<<<<<< 's_left_flipper_eos' active >>>>>>>
2025-05-11 20:54:00,311 : INFO : SwitchController : <<<<<<< 's_right_flipper' active >>>>>>>
2025-05-11 20:54:00,427 : INFO : SwitchController : <<<<<<< 's_right_flipper' inactive >>>>>>>
2025-05-11 20:54:01,785 : INFO : SwitchController : <<<<<<< 's_right_flipper' active >>>>>>>
2025-05-11 20:54:01,905 : INFO : SwitchController : <<<<<<< 's_right_flipper' inactive >>>>>>>
2025-05-11 20:54:05,326 : INFO : SwitchController : <<<<<<< 's_left_flipper' active >>>>>>>
2025-05-11 20:54:05,348 : INFO : SwitchController : <<<<<<< 's_left_flipper_eos' inactive >>>>>>>
2025-05-11 20:54:05,450 : INFO : SwitchController : <<<<<<< 's_left_flipper' inactive >>>>>>>
2025-05-11 20:54:05,494 : INFO : SwitchController : <<<<<<< 's_left_flipper_eos' active >>>>>>>
2025-05-11 20:54:06,265 : INFO : SwitchController : <<<<<<< 's_left_flipper' active >>>>>>>
2025-05-11 20:54:06,289 : INFO : SwitchController : <<<<<<< 's_left_flipper_eos' inactive >>>>>>>
2025-05-11 20:54:06,408 : INFO : SwitchController : <<<<<<< 's_left_flipper' inactive >>>>>>>
2025-05-11 20:54:06,449 : INFO : SwitchController : <<<<<<< 's_left_flipper_eos' active >>>>>>>
2025-05-11 20:54:11,302 : INFO : SwitchController : <<<<<<< 's_left_flipper' active >>>>>>>
2025-05-11 20:54:11,342 : INFO : SwitchController : <<<<<<< 's_left_flipper_eos' inactive >>>>>>>
2025-05-11 20:54:11,446 : INFO : SwitchController : <<<<<<< 's_left_flipper' inactive >>>>>>>
2025-05-11 20:54:11,486 : INFO : SwitchController : <<<<<<< 's_left_flipper_eos' active >>>>>>>
2025-05-11 20:54:20,488 : INFO : SwitchController : <<<<<<< 's_left_slingshot' active >>>>>>>
2025-05-11 20:54:20,489 : INFO : EventManager : Event: ======'playfield_active'====== Args={'source': 'ac_left_slingshot'}
2025-05-11 20:54:20,489 : INFO : EventManager : Event: ======'unexpected_ball_on_playfield'====== Args={}
2025-05-11 20:54:20,506 : INFO : SwitchController : <<<<<<< 's_left_slingshot' inactive >>>>>>>
2025-05-11 20:54:22,866 : INFO : SwitchController : <<<<<<< 's_right_slingshot' active >>>>>>>
2025-05-11 20:54:22,866 : INFO : EventManager : Event: ======'playfield_active'====== Args={'source': 'ac_right_slingshot'}
2025-05-11 20:54:22,866 : INFO : EventManager : Event: ======'unexpected_ball_on_playfield'====== Args={}
2025-05-11 20:54:22,870 : INFO : SwitchController : <<<<<<< 's_right_slingshot' inactive >>>>>>>
2025-05-11 20:54:24,330 : INFO : SwitchController : <<<<<<< 's_left_flipper' active >>>>>>>
2025-05-11 20:54:24,340 : INFO : SwitchController : <<<<<<< 's_left_flipper' inactive >>>>>>>
2025-05-11 20:54:24,355 : INFO : SwitchController : <<<<<<< 's_left_flipper_eos' inactive >>>>>>>
2025-05-11 20:54:24,390 : INFO : SwitchController : <<<<<<< 's_left_flipper_eos' active >>>>>>>
2025-05-11 20:54:24,549 : INFO : SwitchController : <<<<<<< 's_left_flipper' active >>>>>>>
2025-05-11 20:54:24,571 : INFO : SwitchController : <<<<<<< 's_left_flipper_eos' inactive >>>>>>>
2025-05-11 20:54:24,590 : INFO : SwitchController : <<<<<<< 's_left_flipper' inactive >>>>>>>
2025-05-11 20:54:24,631 : INFO : SwitchController : <<<<<<< 's_left_flipper_eos' active >>>>>>>
2025-05-11 20:54:54,852 : INFO : SwitchController : <<<<<<< 's_right_slingshot' active >>>>>>>
2025-05-11 20:54:54,852 : INFO : EventManager : Event: ======'playfield_active'====== Args={'source': 'ac_right_slingshot'}
2025-05-11 20:54:54,853 : INFO : EventManager : Event: ======'unexpected_ball_on_playfield'====== Args={}
2025-05-11 20:54:54,869 : INFO : SwitchController : <<<<<<< 's_right_slingshot' inactive >>>>>>>
2025-05-11 20:54:56,802 : INFO : SwitchController : <<<<<<< 's_right_slingshot' active >>>>>>>
2025-05-11 20:54:56,802 : INFO : EventManager : Event: ======'playfield_active'====== Args={'source': 'ac_right_slingshot'}
2025-05-11 20:54:56,802 : INFO : EventManager : Event: ======'unexpected_ball_on_playfield'====== Args={}
2025-05-11 20:54:56,817 : INFO : SwitchController : <<<<<<< 's_right_slingshot' inactive >>>>>>>
2025-05-11 20:55:01,554 : INFO : SwitchController : <<<<<<< 's_right_slingshot' active >>>>>>>
2025-05-11 20:55:01,554 : INFO : EventManager : Event: ======'playfield_active'====== Args={'source': 'ac_right_slingshot'}
2025-05-11 20:55:01,554 : INFO : EventManager : Event: ======'unexpected_ball_on_playfield'====== Args={}
2025-05-11 20:55:01,569 : INFO : SwitchController : <<<<<<< 's_right_slingshot' inactive >>>>>>>
2025-05-11 20:55:04,736 : INFO : SwitchController : <<<<<<< 's_right_slingshot' active >>>>>>>
2025-05-11 20:55:04,736 : INFO : EventManager : Event: ======'playfield_active'====== Args={'source': 'ac_right_slingshot'}
2025-05-11 20:55:04,736 : INFO : EventManager : Event: ======'unexpected_ball_on_playfield'====== Args={}
2025-05-11 20:55:04,745 : INFO : SwitchController : <<<<<<< 's_right_slingshot' inactive >>>>>>>
2025-05-11 20:55:09,470 : INFO : SwitchController : <<<<<<< 's_left_slingshot' active >>>>>>>
2025-05-11 20:55:09,470 : INFO : EventManager : Event: ======'playfield_active'====== Args={'source': 'ac_left_slingshot'}
2025-05-11 20:55:09,470 : INFO : EventManager : Event: ======'unexpected_ball_on_playfield'====== Args={}
2025-05-11 20:55:09,486 : INFO : SwitchController : <<<<<<< 's_left_slingshot' inactive >>>>>>>
2025-05-11 20:55:13,055 : INFO : SwitchController : <<<<<<< 's_left_slingshot' active >>>>>>>
2025-05-11 20:55:13,055 : INFO : EventManager : Event: ======'playfield_active'====== Args={'source': 'ac_left_slingshot'}
2025-05-11 20:55:13,055 : INFO : EventManager : Event: ======'unexpected_ball_on_playfield'====== Args={}
2025-05-11 20:55:13,070 : INFO : SwitchController : <<<<<<< 's_left_slingshot' inactive >>>>>>>
2025-05-11 20:55:13,326 : INFO : SwitchController : <<<<<<< 's_left_slingshot' active >>>>>>>
2025-05-11 20:55:13,326 : INFO : EventManager : Event: ======'playfield_active'====== Args={'source': 'ac_left_slingshot'}
2025-05-11 20:55:13,326 : INFO : EventManager : Event: ======'unexpected_ball_on_playfield'====== Args={}
2025-05-11 20:55:13,342 : INFO : SwitchController : <<<<<<< 's_left_slingshot' inactive >>>>>>>
2025-05-11 20:55:14,894 : INFO : SwitchController : <<<<<<< 's_right_slingshot' active >>>>>>>
2025-05-11 20:55:14,894 : INFO : EventManager : Event: ======'playfield_active'====== Args={'source': 'ac_right_slingshot'}
2025-05-11 20:55:14,894 : INFO : EventManager : Event: ======'unexpected_ball_on_playfield'====== Args={}
2025-05-11 20:55:14,909 : INFO : SwitchController : <<<<<<< 's_right_slingshot' inactive >>>>>>>
2025-05-11 20:55:17,020 : INFO : SwitchController : <<<<<<< 's_right_slingshot' active >>>>>>>
2025-05-11 20:55:17,021 : INFO : EventManager : Event: ======'playfield_active'====== Args={'source': 'ac_right_slingshot'}
2025-05-11 20:55:17,021 : INFO : EventManager : Event: ======'unexpected_ball_on_playfield'====== Args={}
2025-05-11 20:55:17,038 : INFO : SwitchController : <<<<<<< 's_right_slingshot' inactive >>>>>>>
