2025-05-11 12:27:11,121 : INFO : root : Loading config.
2025-05-11 12:27:11,353 : INFO : ConfigProcessor : Config spec file cache created: /tmp/config_spec.mpf_cache
2025-05-11 12:27:11,353 : INFO : YamlMultifileConfigLoader : Machine config file #1: config.yaml
2025-05-11 12:27:11,354 : INFO : ConfigProcessor : Loading config from file /home/pinpi/pinpi/lib/python3.11/site-packages/mpf/mpfconfig.yaml.
2025-05-11 12:27:11,398 : INFO : ConfigProcessor : Loading config: /home/pinpi/pinpi/lib/python3.11/site-packages/mpf/mpfconfig.yaml
2025-05-11 12:27:11,398 : INFO : ConfigProcessor : Loading config from file /home/pinpi/toedragons-pinball/config/config.yaml.
2025-05-11 12:27:11,407 : INFO : ConfigProcessor : Loading config: /home/pinpi/toedragons-pinball/config/config.yaml
2025-05-11 12:27:11,408 : INFO : ConfigProcessor : Config file cache created: /tmp/9121053a167b3a0609222a4623987891.mpf_cache
2025-05-11 12:27:11,501 : INFO : ConfigProcessor : Loading config from file /home/pinpi/pinpi/lib/python3.11/site-packages/mpf/modes/attract/config/attract.yaml.
2025-05-11 12:27:11,503 : INFO : ConfigProcessor : Loading config: /home/pinpi/pinpi/lib/python3.11/site-packages/mpf/modes/attract/config/attract.yaml
2025-05-11 12:27:11,503 : INFO : ConfigProcessor : Config file cache created: /tmp/66ef204c87633dc02ca3efd475778ed9.mpf_cache
2025-05-11 12:27:11,504 : INFO : ConfigProcessor : Loading config from file /home/pinpi/pinpi/lib/python3.11/site-packages/mpf/modes/game/config/game.yaml.
2025-05-11 12:27:11,505 : INFO : ConfigProcessor : Loading config: /home/pinpi/pinpi/lib/python3.11/site-packages/mpf/modes/game/config/game.yaml
2025-05-11 12:27:11,505 : INFO : ConfigProcessor : Config file cache created: /tmp/74f2825223a7abe8c76a0d15a1753cf2.mpf_cache
2025-05-11 12:27:11,506 : INFO : Machine : Mission Pinball Framework Core Engine v0.80.0.dev7
2025-05-11 12:27:11,506 : INFO : Machine : Command line arguments: {'no_load_cache': False, 'create_config_cache': True, 'bcp': False, 'configfile': ['config.yaml'], 'force_assets_load': False, 'platform_integration_test': False, 'jsonlogging': False, 'logfile': 'logs/2025-05-11-12-27-11-mpf-pinpi.log', 'pause': False, 'production': False, 'text_ui': True, 'loglevel': 15, 'consoleloglevel': 20, 'force_platform': None, 'syslog_address': None, 'full_logfile_path': '/home/pinpi/toedragons-pinball/logs/2025-05-11-12-27-11-mpf-pinpi.log'}
2025-05-11 12:27:11,506 : INFO : Machine : MPF path: /home/pinpi/pinpi/lib/python3.11/site-packages/mpf
2025-05-11 12:27:11,506 : INFO : Machine : Machine path: /home/pinpi/toedragons-pinball
2025-05-11 12:27:11,506 : INFO : Machine : Platform: linux
2025-05-11 12:27:11,506 : INFO : Machine : Python executable location: /home/pinpi/pinpi/bin/python
2025-05-11 12:27:11,506 : INFO : Machine : Python version: 3.11.2 (64-bit)
2025-05-11 12:27:11,507 : INFO : Machine : Initializing MPF...
2025-05-11 12:27:11,645 : INFO : FAST [NET] : Trying to connect to /dev/ttyAMA2 at 921600bps
2025-05-11 12:27:11,645 : INFO : FAST [NET] : Connected to /dev/ttyAMA2 at 921600bps
2025-05-11 12:27:11,647 : INFO : FAST [NET] : Connected to FP-CPU-2000 with firmware v02.26
2025-05-11 12:27:11,648 : INFO : FAST [NET] : Registered I/O Board 0: Model: FP-I/O-3208, Firmware: 01.10, Switches: 32, Drivers: 8
2025-05-11 12:27:11,649 : INFO : EventManager : Event: ======'machine_var_credits_string'====== Args={'value': 'FREE PLAY', 'prev_value': None, 'change': True}
2025-05-11 12:27:11,669 : INFO : EventManager : Event: ======'machine_var_master_volume'====== Args={'value': 0.5, 'prev_value': None, 'change': True}
2025-05-11 12:27:11,669 : INFO : EventManager : Event: ======'machine_var_mpf_version'====== Args={'value': 'Mission Pinball Framework v0.80.0.dev7', 'prev_value': None, 'change': True}
2025-05-11 12:27:11,669 : INFO : EventManager : Event: ======'machine_var_mpf_extended_version'====== Args={'value': 'Mission Pinball Framework v0.80.0.dev7, Config version:6, Show version: 6, BCP version:1.1', 'prev_value': None, 'change': True}
2025-05-11 12:27:11,669 : INFO : EventManager : Event: ======'machine_var_python_version'====== Args={'value': '3.11.2', 'prev_value': None, 'change': True}
2025-05-11 12:27:11,670 : INFO : EventManager : Event: ======'machine_var_platform'====== Args={'value': 'Linux-6.6.51+rpt-rpi-2712-aarch64-with-glibc2.36', 'prev_value': None, 'change': True}
2025-05-11 12:27:11,670 : INFO : EventManager : Event: ======'machine_var_platform_system'====== Args={'value': 'Linux', 'prev_value': None, 'change': True}
2025-05-11 12:27:11,670 : INFO : EventManager : Event: ======'machine_var_platform_release'====== Args={'value': '6.6.51+rpt-rpi-2712', 'prev_value': None, 'change': True}
2025-05-11 12:27:11,670 : INFO : EventManager : Event: ======'machine_var_platform_version'====== Args={'value': '#1 SMP PREEMPT Debian 1:6.6.51-1+rpt3 (2024-10-08)', 'prev_value': None, 'change': True}
2025-05-11 12:27:11,670 : INFO : EventManager : Event: ======'machine_var_platform_machine'====== Args={'value': 'aarch64', 'prev_value': None, 'change': True}
2025-05-11 12:27:11,670 : INFO : EventManager : Event: ======'machine_var_log_file_path'====== Args={'value': '/home/pinpi/toedragons-pinball/logs/2025-05-11-12-27-11-mpf-pinpi.log', 'prev_value': None, 'change': True}
2025-05-11 12:27:11,670 : INFO : EventManager : Event: ======'init_phase_1'====== Args={}
2025-05-11 12:27:11,802 : INFO : SwitchController : <<<<<<< 's_left_flipper_eos' active >>>>>>>
2025-05-11 12:27:11,802 : INFO : SwitchController : <<<<<<< 's_right_flipper_eos' active >>>>>>>
2025-05-11 12:27:11,803 : INFO : EventManager : Event: ======'init_phase_2'====== Args={}
2025-05-11 12:27:11,803 : INFO : SwitchController : Found active switch: (8, [FAST Platform Interface]) <switch.s_left_flipper_eos>
2025-05-11 12:27:11,803 : INFO : SwitchController : Found active switch: (12, [FAST Platform Interface]) <switch.s_right_flipper_eos>
2025-05-11 12:27:11,810 : INFO : EventManager : Event: ======'init_phase_3'====== Args={}
2025-05-11 12:27:11,812 : INFO : EventManager : Event: ======'init_phase_4'====== Args={}
2025-05-11 12:27:11,813 : INFO : EventManager : Event: ======'machine_var_audits_switches_s_right_flipper'====== Args={'value': 0, 'prev_value': None, 'change': True}
2025-05-11 12:27:11,813 : INFO : EventManager : Event: ======'machine_var_audits_switches_s_right_slingshot'====== Args={'value': 0, 'prev_value': None, 'change': True}
2025-05-11 12:27:11,813 : INFO : EventManager : Event: ======'machine_var_audits_switches_s_start_button'====== Args={'value': 0, 'prev_value': None, 'change': True}
2025-05-11 12:27:11,813 : INFO : EventManager : Event: ======'machine_var_audits_switches_s_left_flipper_eos'====== Args={'value': 0, 'prev_value': None, 'change': True}
2025-05-11 12:27:11,813 : INFO : EventManager : Event: ======'machine_var_audits_switches_s_left_flipper'====== Args={'value': 0, 'prev_value': None, 'change': True}
2025-05-11 12:27:11,813 : INFO : EventManager : Event: ======'machine_var_audits_switches_s_left_slingshot'====== Args={'value': 0, 'prev_value': None, 'change': True}
2025-05-11 12:27:11,813 : INFO : EventManager : Event: ======'machine_var_audits_switches_s_right_flipper_eos'====== Args={'value': 0, 'prev_value': None, 'change': True}
2025-05-11 12:27:11,813 : INFO : EventManager : Event: ======'machine_var_audits_events_game_started'====== Args={'value': 0, 'prev_value': None, 'change': True}
2025-05-11 12:27:11,813 : INFO : EventManager : Event: ======'machine_var_audits_events_game_ended'====== Args={'value': 0, 'prev_value': None, 'change': True}
2025-05-11 12:27:11,813 : INFO : EventManager : Event: ======'machine_var_audits_player_score'====== Args={'value': {'top': [], 'average': 0, 'total': 0}, 'prev_value': None, 'change': True}
2025-05-11 12:27:11,814 : INFO : EventManager : Event: ======'init_phase_5'====== Args={}
2025-05-11 12:27:11,817 : INFO : EventManager : Event: ======'init_done'====== Args={}
2025-05-11 12:27:11,817 : INFO : EventManager : Event: ======'machine_reset_phase_1'====== Args={}
2025-05-11 12:27:11,817 : INFO : EventManager : Event: ======'machine_reset_phase_2'====== Args={}
2025-05-11 12:27:11,817 : INFO : EventManager : Event: ======'machine_reset_phase_3'====== Args={}
2025-05-11 12:27:11,818 : INFO : EventManager : Event: ======'reset_complete'====== Args={}
2025-05-11 12:27:11,818 : INFO : EventManager : Event: ======'mode_attract_will_start'====== Args={}
2025-05-11 12:27:11,818 : INFO : EventManager : Event: ======'mode_attract_starting'====== Args={}
2025-05-11 12:27:11,818 : INFO : Mode.attract : Started. Priority: 10
2025-05-11 12:27:11,819 : INFO : EventManager : Event: ======'modes_active_modes_changed'====== Args={}
2025-05-11 12:27:11,819 : INFO : EventManager : Event: ======'mode_attract_started'====== Args={}
2025-05-11 12:27:11,819 : INFO : EventManager : Event: ======'collecting_balls_complete'====== Args={}
2025-05-11 12:27:11,819 : INFO : Machine : Starting the main run loop with active modes: [<Mode.attract>]
2025-05-11 12:27:14,767 : INFO : SwitchController : <<<<<<< 's_right_flipper' active >>>>>>>
2025-05-11 12:27:14,790 : INFO : SwitchController : <<<<<<< 's_right_flipper_eos' inactive >>>>>>>
2025-05-11 12:27:14,841 : INFO : SwitchController : <<<<<<< 's_right_flipper' inactive >>>>>>>
2025-05-11 12:27:14,895 : INFO : SwitchController : <<<<<<< 's_right_flipper_eos' active >>>>>>>
2025-05-11 12:27:14,912 : INFO : SwitchController : <<<<<<< 's_right_flipper_eos' inactive >>>>>>>
2025-05-11 12:27:14,996 : INFO : SwitchController : <<<<<<< 's_left_flipper' active >>>>>>>
2025-05-11 12:27:15,017 : INFO : SwitchController : <<<<<<< 's_left_flipper_eos' inactive >>>>>>>
2025-05-11 12:27:15,118 : INFO : SwitchController : <<<<<<< 's_left_flipper' inactive >>>>>>>
2025-05-11 12:27:15,158 : INFO : SwitchController : <<<<<<< 's_left_flipper_eos' active >>>>>>>
2025-05-11 12:27:15,523 : INFO : SwitchController : <<<<<<< 's_right_flipper' active >>>>>>>
2025-05-11 12:27:15,585 : INFO : SwitchController : <<<<<<< 's_right_flipper' inactive >>>>>>>
2025-05-11 12:27:15,659 : INFO : SwitchController : <<<<<<< 's_left_flipper' active >>>>>>>
2025-05-11 12:27:15,681 : INFO : SwitchController : <<<<<<< 's_left_flipper_eos' inactive >>>>>>>
2025-05-11 12:27:15,737 : INFO : SwitchController : <<<<<<< 's_left_flipper' inactive >>>>>>>
2025-05-11 12:27:15,755 : INFO : SwitchController : <<<<<<< 's_right_flipper' active >>>>>>>
2025-05-11 12:27:15,780 : INFO : SwitchController : <<<<<<< 's_left_flipper_eos' active >>>>>>>
2025-05-11 12:27:15,813 : INFO : SwitchController : <<<<<<< 's_right_flipper' inactive >>>>>>>
2025-05-11 12:27:15,898 : INFO : SwitchController : <<<<<<< 's_left_flipper' active >>>>>>>
2025-05-11 12:27:15,920 : INFO : SwitchController : <<<<<<< 's_left_flipper_eos' inactive >>>>>>>
2025-05-11 12:27:15,943 : INFO : SwitchController : <<<<<<< 's_left_flipper' inactive >>>>>>>
2025-05-11 12:27:15,988 : INFO : SwitchController : <<<<<<< 's_left_flipper_eos' active >>>>>>>
2025-05-11 12:27:16,929 : INFO : SwitchController : <<<<<<< 's_start_button' active >>>>>>>
2025-05-11 12:27:16,929 : INFO : EventManager : Event: ======'playfield_active'====== Args={'source': 'ac_ball_trough'}
2025-05-11 12:27:16,929 : INFO : EventManager : Event: ======'unexpected_ball_on_playfield'====== Args={}
2025-05-11 12:27:17,105 : INFO : SwitchController : <<<<<<< 's_start_button' inactive >>>>>>>
2025-05-11 12:27:18,090 : INFO : SwitchController : <<<<<<< 's_start_button' active >>>>>>>
2025-05-11 12:27:18,090 : INFO : EventManager : Event: ======'playfield_active'====== Args={'source': 'ac_ball_trough'}
2025-05-11 12:27:18,090 : INFO : EventManager : Event: ======'unexpected_ball_on_playfield'====== Args={}
2025-05-11 12:27:18,310 : INFO : SwitchController : <<<<<<< 's_start_button' inactive >>>>>>>
2025-05-11 12:27:32,572 : INFO : SwitchController : <<<<<<< 's_right_flipper' active >>>>>>>
2025-05-11 12:27:32,743 : INFO : SwitchController : <<<<<<< 's_right_flipper' inactive >>>>>>>
2025-05-11 12:31:02,836 : INFO : SwitchController : <<<<<<< 's_start_button' active >>>>>>>
2025-05-11 12:31:02,836 : INFO : EventManager : Event: ======'playfield_active'====== Args={'source': 'ac_ball_trough'}
2025-05-11 12:31:02,836 : INFO : EventManager : Event: ======'unexpected_ball_on_playfield'====== Args={}
2025-05-11 12:31:02,988 : INFO : SwitchController : <<<<<<< 's_start_button' inactive >>>>>>>
2025-05-11 12:34:38,197 : INFO : SwitchController : <<<<<<< 's_start_button' active >>>>>>>
2025-05-11 12:34:38,197 : INFO : EventManager : Event: ======'playfield_active'====== Args={'source': 'ac_ball_trough'}
2025-05-11 12:34:38,197 : INFO : EventManager : Event: ======'unexpected_ball_on_playfield'====== Args={}
2025-05-11 12:34:38,365 : INFO : SwitchController : <<<<<<< 's_start_button' inactive >>>>>>>
2025-05-11 12:36:40,620 : INFO : SwitchController : <<<<<<< 's_right_flipper' active >>>>>>>
2025-05-11 12:36:40,773 : INFO : SwitchController : <<<<<<< 's_right_flipper' inactive >>>>>>>
2025-05-11 12:36:42,791 : INFO : SwitchController : <<<<<<< 's_right_flipper' active >>>>>>>
2025-05-11 12:36:42,932 : INFO : SwitchController : <<<<<<< 's_right_flipper' inactive >>>>>>>
2025-05-11 12:36:44,886 : INFO : SwitchController : <<<<<<< 's_right_flipper' active >>>>>>>
2025-05-11 12:36:45,040 : INFO : SwitchController : <<<<<<< 's_right_flipper' inactive >>>>>>>
2025-05-11 12:36:45,631 : INFO : SwitchController : <<<<<<< 's_right_flipper' active >>>>>>>
2025-05-11 12:36:45,741 : INFO : SwitchController : <<<<<<< 's_right_flipper' inactive >>>>>>>
2025-05-11 12:36:51,567 : INFO : SwitchController : <<<<<<< 's_right_flipper' active >>>>>>>
2025-05-11 12:36:51,675 : INFO : SwitchController : <<<<<<< 's_right_flipper' inactive >>>>>>>
2025-05-11 12:36:52,915 : INFO : SwitchController : <<<<<<< 's_start_button' active >>>>>>>
2025-05-11 12:36:52,915 : INFO : EventManager : Event: ======'playfield_active'====== Args={'source': 'ac_ball_trough'}
2025-05-11 12:36:52,915 : INFO : EventManager : Event: ======'unexpected_ball_on_playfield'====== Args={}
2025-05-11 12:36:53,067 : INFO : SwitchController : <<<<<<< 's_start_button' inactive >>>>>>>
2025-05-11 12:36:55,787 : INFO : SwitchController : <<<<<<< 's_right_flipper' active >>>>>>>
2025-05-11 12:36:55,929 : INFO : SwitchController : <<<<<<< 's_right_flipper' inactive >>>>>>>
2025-05-11 12:37:02,343 : INFO : SwitchController : <<<<<<< 's_start_button' active >>>>>>>
2025-05-11 12:37:02,344 : INFO : EventManager : Event: ======'playfield_active'====== Args={'source': 'ac_ball_trough'}
2025-05-11 12:37:02,344 : INFO : EventManager : Event: ======'unexpected_ball_on_playfield'====== Args={}
2025-05-11 12:37:02,477 : INFO : SwitchController : <<<<<<< 's_start_button' inactive >>>>>>>
2025-05-11 12:37:04,817 : INFO : SwitchController : <<<<<<< 's_right_flipper' active >>>>>>>
2025-05-11 12:37:04,947 : INFO : SwitchController : <<<<<<< 's_right_flipper' inactive >>>>>>>
2025-05-11 12:37:06,894 : INFO : SwitchController : <<<<<<< 's_right_flipper' active >>>>>>>
2025-05-11 12:37:07,006 : INFO : SwitchController : <<<<<<< 's_right_flipper' inactive >>>>>>>
2025-05-11 12:37:08,500 : INFO : SwitchController : <<<<<<< 's_left_flipper' active >>>>>>>
2025-05-11 12:37:08,522 : INFO : SwitchController : <<<<<<< 's_left_flipper_eos' inactive >>>>>>>
2025-05-11 12:37:08,943 : INFO : SwitchController : <<<<<<< 's_left_flipper' inactive >>>>>>>
2025-05-11 12:37:08,984 : INFO : SwitchController : <<<<<<< 's_left_flipper_eos' active >>>>>>>
2025-05-11 12:37:09,267 : INFO : SwitchController : <<<<<<< 's_left_flipper' active >>>>>>>
2025-05-11 12:37:09,296 : INFO : SwitchController : <<<<<<< 's_left_flipper_eos' inactive >>>>>>>
2025-05-11 12:37:09,424 : INFO : SwitchController : <<<<<<< 's_left_flipper' inactive >>>>>>>
2025-05-11 12:37:09,464 : INFO : SwitchController : <<<<<<< 's_left_flipper_eos' active >>>>>>>
2025-05-11 12:37:11,468 : INFO : SwitchController : <<<<<<< 's_right_flipper' active >>>>>>>
2025-05-11 12:37:13,226 : INFO : SwitchController : <<<<<<< 's_right_flipper' inactive >>>>>>>
2025-05-11 12:37:13,957 : INFO : SwitchController : <<<<<<< 's_right_flipper' active >>>>>>>
2025-05-11 12:37:14,103 : INFO : SwitchController : <<<<<<< 's_right_flipper' inactive >>>>>>>
2025-05-11 12:37:16,222 : INFO : SwitchController : <<<<<<< 's_right_flipper' active >>>>>>>
2025-05-11 12:37:16,428 : INFO : SwitchController : <<<<<<< 's_right_flipper' inactive >>>>>>>
2025-05-11 12:37:18,641 : INFO : SwitchController : <<<<<<< 's_start_button' active >>>>>>>
2025-05-11 12:37:18,641 : INFO : EventManager : Event: ======'playfield_active'====== Args={'source': 'ac_ball_trough'}
2025-05-11 12:37:18,641 : INFO : EventManager : Event: ======'unexpected_ball_on_playfield'====== Args={}
2025-05-11 12:37:18,734 : INFO : SwitchController : <<<<<<< 's_start_button' inactive >>>>>>>
2025-05-11 12:37:28,391 : INFO : SwitchController : <<<<<<< 's_right_flipper' active >>>>>>>
2025-05-11 12:37:28,454 : INFO : SwitchController : <<<<<<< 's_right_flipper' inactive >>>>>>>
2025-05-11 12:40:17,851 : INFO : SwitchController : <<<<<<< 's_start_button' active >>>>>>>
2025-05-11 12:40:17,851 : INFO : EventManager : Event: ======'playfield_active'====== Args={'source': 'ac_ball_trough'}
2025-05-11 12:40:17,851 : INFO : EventManager : Event: ======'unexpected_ball_on_playfield'====== Args={}
2025-05-11 12:40:18,009 : INFO : SwitchController : <<<<<<< 's_start_button' inactive >>>>>>>
2025-05-11 12:40:19,019 : INFO : SwitchController : <<<<<<< 's_start_button' active >>>>>>>
2025-05-11 12:40:19,019 : INFO : EventManager : Event: ======'playfield_active'====== Args={'source': 'ac_ball_trough'}
2025-05-11 12:40:19,019 : INFO : EventManager : Event: ======'unexpected_ball_on_playfield'====== Args={}
2025-05-11 12:40:19,123 : INFO : SwitchController : <<<<<<< 's_start_button' inactive >>>>>>>
2025-05-11 12:40:21,942 : INFO : SwitchController : <<<<<<< 's_right_flipper' active >>>>>>>
2025-05-11 12:40:22,026 : INFO : SwitchController : <<<<<<< 's_right_flipper' inactive >>>>>>>
2025-05-11 12:40:23,369 : INFO : SwitchController : <<<<<<< 's_right_flipper' active >>>>>>>
2025-05-11 12:40:23,440 : INFO : SwitchController : <<<<<<< 's_right_flipper' inactive >>>>>>>
2025-05-11 12:40:23,985 : INFO : SwitchController : <<<<<<< 's_right_flipper' active >>>>>>>
2025-05-11 12:40:24,137 : INFO : SwitchController : <<<<<<< 's_right_flipper' inactive >>>>>>>
2025-05-11 12:40:26,558 : INFO : SwitchController : <<<<<<< 's_start_button' active >>>>>>>
2025-05-11 12:40:26,558 : INFO : EventManager : Event: ======'playfield_active'====== Args={'source': 'ac_ball_trough'}
2025-05-11 12:40:26,558 : INFO : EventManager : Event: ======'unexpected_ball_on_playfield'====== Args={}
2025-05-11 12:40:26,732 : INFO : SwitchController : <<<<<<< 's_start_button' inactive >>>>>>>
2025-05-11 12:40:28,520 : INFO : SwitchController : <<<<<<< 's_right_flipper' active >>>>>>>
2025-05-11 12:40:28,636 : INFO : SwitchController : <<<<<<< 's_right_flipper' inactive >>>>>>>
2025-05-11 12:40:34,054 : INFO : SwitchController : <<<<<<< 's_left_flipper' active >>>>>>>
2025-05-11 12:40:34,087 : INFO : SwitchController : <<<<<<< 's_left_flipper_eos' inactive >>>>>>>
2025-05-11 12:40:34,198 : INFO : SwitchController : <<<<<<< 's_left_flipper' inactive >>>>>>>
2025-05-11 12:40:34,241 : INFO : SwitchController : <<<<<<< 's_left_flipper_eos' active >>>>>>>
2025-05-11 12:40:36,269 : INFO : SwitchController : <<<<<<< 's_right_flipper' active >>>>>>>
2025-05-11 12:40:36,276 : INFO : SwitchController : <<<<<<< 's_right_flipper' inactive >>>>>>>
2025-05-11 12:40:36,325 : INFO : SwitchController : <<<<<<< 's_right_flipper' active >>>>>>>
2025-05-11 12:40:36,477 : INFO : SwitchController : <<<<<<< 's_right_flipper' inactive >>>>>>>
2025-05-11 12:40:36,531 : INFO : SwitchController : <<<<<<< 's_right_flipper_eos' active >>>>>>>
2025-05-11 12:40:36,545 : INFO : SwitchController : <<<<<<< 's_right_flipper_eos' inactive >>>>>>>
2025-05-11 12:40:40,165 : INFO : SwitchController : <<<<<<< 's_start_button' active >>>>>>>
2025-05-11 12:40:40,166 : INFO : EventManager : Event: ======'playfield_active'====== Args={'source': 'ac_ball_trough'}
2025-05-11 12:40:40,166 : INFO : EventManager : Event: ======'unexpected_ball_on_playfield'====== Args={}
2025-05-11 12:40:40,265 : INFO : SwitchController : <<<<<<< 's_start_button' inactive >>>>>>>
2025-05-11 12:40:50,923 : INFO : SwitchController : <<<<<<< 's_right_flipper' active >>>>>>>
2025-05-11 12:40:51,037 : INFO : SwitchController : <<<<<<< 's_right_flipper' inactive >>>>>>>
2025-05-11 12:41:04,840 : INFO : SwitchController : <<<<<<< 's_left_slingshot' active >>>>>>>
2025-05-11 12:41:04,841 : INFO : EventManager : Event: ======'playfield_active'====== Args={'source': 'ac_left_slingshot'}
2025-05-11 12:41:04,841 : INFO : EventManager : Event: ======'unexpected_ball_on_playfield'====== Args={}
2025-05-11 12:41:04,850 : INFO : SwitchController : <<<<<<< 's_left_slingshot' inactive >>>>>>>
2025-05-11 12:41:05,262 : INFO : SwitchController : <<<<<<< 's_left_slingshot' active >>>>>>>
2025-05-11 12:41:05,263 : INFO : EventManager : Event: ======'playfield_active'====== Args={'source': 'ac_left_slingshot'}
2025-05-11 12:41:05,263 : INFO : EventManager : Event: ======'unexpected_ball_on_playfield'====== Args={}
2025-05-11 12:41:05,277 : INFO : SwitchController : <<<<<<< 's_left_slingshot' inactive >>>>>>>
2025-05-11 12:41:08,908 : INFO : SwitchController : <<<<<<< 's_left_slingshot' active >>>>>>>
2025-05-11 12:41:08,908 : INFO : EventManager : Event: ======'playfield_active'====== Args={'source': 'ac_left_slingshot'}
2025-05-11 12:41:08,908 : INFO : EventManager : Event: ======'unexpected_ball_on_playfield'====== Args={}
2025-05-11 12:41:08,926 : INFO : SwitchController : <<<<<<< 's_left_slingshot' inactive >>>>>>>
2025-05-11 12:41:10,545 : INFO : SwitchController : <<<<<<< 's_right_slingshot' active >>>>>>>
2025-05-11 12:41:10,545 : INFO : EventManager : Event: ======'playfield_active'====== Args={'source': 'ac_right_slingshot'}
2025-05-11 12:41:10,545 : INFO : EventManager : Event: ======'unexpected_ball_on_playfield'====== Args={}
2025-05-11 12:41:10,554 : INFO : SwitchController : <<<<<<< 's_right_slingshot' inactive >>>>>>>
2025-05-11 12:41:13,126 : INFO : SwitchController : <<<<<<< 's_left_slingshot' active >>>>>>>
2025-05-11 12:41:13,126 : INFO : EventManager : Event: ======'playfield_active'====== Args={'source': 'ac_left_slingshot'}
2025-05-11 12:41:13,126 : INFO : EventManager : Event: ======'unexpected_ball_on_playfield'====== Args={}
2025-05-11 12:41:13,141 : INFO : SwitchController : <<<<<<< 's_left_slingshot' inactive >>>>>>>
