2025-04-20 18:36:49,110 : INFO : root : Loading config.
2025-04-20 18:36:49,113 : INFO : YamlMultifileConfigLoader : Machine config file #1: config.yaml
2025-04-20 18:36:49,113 : WARNING : ConfigProcessor : Config file in cache changed: /home/pinpi/toedragons-pinball/config/config.yaml
2025-04-20 18:36:49,113 : INFO : ConfigProcessor : Loading config from file /home/pinpi/pinpi/lib/python3.11/site-packages/mpf/mpfconfig.yaml.
2025-04-20 18:36:49,159 : INFO : ConfigProcessor : Loading config: /home/pinpi/pinpi/lib/python3.11/site-packages/mpf/mpfconfig.yaml
2025-04-20 18:36:49,159 : INFO : ConfigProcessor : Loading config from file /home/pinpi/toedragons-pinball/config/config.yaml.
2025-04-20 18:36:49,166 : INFO : ConfigProcessor : Loading config: /home/pinpi/toedragons-pinball/config/config.yaml
2025-04-20 18:36:49,167 : INFO : ConfigProcessor : Config file cache created: /tmp/9121053a167b3a0609222a4623987891.mpf_cache
2025-04-20 18:36:49,199 : INFO : ConfigProcessor : Loading config from cache: /tmp/66ef204c87633dc02ca3efd475778ed9.mpf_cache
2025-04-20 18:36:49,199 : INFO : ConfigProcessor : Loading config from cache: /tmp/74f2825223a7abe8c76a0d15a1753cf2.mpf_cache
2025-04-20 18:36:49,199 : INFO : Machine : Mission Pinball Framework Core Engine v0.80.0.dev7
2025-04-20 18:36:49,199 : INFO : Machine : Command line arguments: {'no_load_cache': False, 'create_config_cache': True, 'bcp': False, 'configfile': ['config.yaml'], 'force_assets_load': False, 'platform_integration_test': False, 'jsonlogging': False, 'logfile': 'logs/2025-04-20-18-36-49-mpf-pinpi.log', 'pause': False, 'production': False, 'text_ui': True, 'loglevel': 15, 'consoleloglevel': 20, 'force_platform': None, 'syslog_address': None, 'full_logfile_path': '/home/pinpi/toedragons-pinball/logs/2025-04-20-18-36-49-mpf-pinpi.log'}
2025-04-20 18:36:49,199 : INFO : Machine : MPF path: /home/pinpi/pinpi/lib/python3.11/site-packages/mpf
2025-04-20 18:36:49,199 : INFO : Machine : Machine path: /home/pinpi/toedragons-pinball
2025-04-20 18:36:49,199 : INFO : Machine : Platform: linux
2025-04-20 18:36:49,199 : INFO : Machine : Python executable location: /home/pinpi/pinpi/bin/python
2025-04-20 18:36:49,199 : INFO : Machine : Python version: 3.11.2 (64-bit)
2025-04-20 18:36:49,200 : INFO : Machine : Initializing MPF...
2025-04-20 18:36:49,245 : INFO : FAST [NET] : Trying to connect to /dev/ttyAMA2 at 921600bps
2025-04-20 18:36:49,246 : INFO : FAST [NET] : Connected to /dev/ttyAMA2 at 921600bps
2025-04-20 18:36:49,248 : INFO : FAST [NET] : Connected to FP-CPU-2000 with firmware v02.26
2025-04-20 18:36:49,249 : INFO : FAST [NET] : Registered I/O Board 0: Model: FP-I/O-3208, Firmware: 01.10, Switches: 32, Drivers: 8
2025-04-20 18:36:49,249 : INFO : EventManager : Event: ======'machine_var_credits_string'====== Args={'value': 'FREE PLAY', 'prev_value': None, 'change': True}
2025-04-20 18:36:49,256 : INFO : EventManager : Event: ======'machine_var_master_volume'====== Args={'value': 0.5, 'prev_value': None, 'change': True}
2025-04-20 18:36:49,256 : INFO : EventManager : Event: ======'machine_var_mpf_version'====== Args={'value': 'Mission Pinball Framework v0.80.0.dev7', 'prev_value': None, 'change': True}
2025-04-20 18:36:49,256 : INFO : EventManager : Event: ======'machine_var_mpf_extended_version'====== Args={'value': 'Mission Pinball Framework v0.80.0.dev7, Config version:6, Show version: 6, BCP version:1.1', 'prev_value': None, 'change': True}
2025-04-20 18:36:49,256 : INFO : EventManager : Event: ======'machine_var_python_version'====== Args={'value': '3.11.2', 'prev_value': None, 'change': True}
2025-04-20 18:36:49,257 : INFO : EventManager : Event: ======'machine_var_platform'====== Args={'value': 'Linux-6.6.51+rpt-rpi-2712-aarch64-with-glibc2.36', 'prev_value': None, 'change': True}
2025-04-20 18:36:49,257 : INFO : EventManager : Event: ======'machine_var_platform_system'====== Args={'value': 'Linux', 'prev_value': None, 'change': True}
2025-04-20 18:36:49,257 : INFO : EventManager : Event: ======'machine_var_platform_release'====== Args={'value': '6.6.51+rpt-rpi-2712', 'prev_value': None, 'change': True}
2025-04-20 18:36:49,257 : INFO : EventManager : Event: ======'machine_var_platform_version'====== Args={'value': '#1 SMP PREEMPT Debian 1:6.6.51-1+rpt3 (2024-10-08)', 'prev_value': None, 'change': True}
2025-04-20 18:36:49,258 : INFO : EventManager : Event: ======'machine_var_platform_machine'====== Args={'value': 'aarch64', 'prev_value': None, 'change': True}
2025-04-20 18:36:49,258 : INFO : EventManager : Event: ======'machine_var_log_file_path'====== Args={'value': '/home/pinpi/toedragons-pinball/logs/2025-04-20-18-36-49-mpf-pinpi.log', 'prev_value': None, 'change': True}
2025-04-20 18:36:49,258 : INFO : EventManager : Event: ======'init_phase_1'====== Args={}
2025-04-20 18:36:49,336 : INFO : SwitchController : <<<<<<< 's_08' active >>>>>>>
2025-04-20 18:36:49,337 : INFO : SwitchController : <<<<<<< 's_12' active >>>>>>>
2025-04-20 18:36:49,337 : INFO : EventManager : Event: ======'init_phase_2'====== Args={}
2025-04-20 18:36:49,337 : INFO : SwitchController : Found active switch: (8, [FAST Platform Interface]) <switch.s_08>
2025-04-20 18:36:49,337 : INFO : SwitchController : Found active switch: (12, [FAST Platform Interface]) <switch.s_12>
2025-04-20 18:36:49,340 : INFO : EventManager : Event: ======'init_phase_3'====== Args={}
2025-04-20 18:36:49,341 : INFO : EventManager : Event: ======'init_phase_4'====== Args={}
2025-04-20 18:36:49,342 : ERROR : asyncio : Exception in callback EventManager._queue_task_done(<Task finishe...witch.s_01>')>)
handle: <Handle EventManager._queue_task_done(<Task finishe...witch.s_01>')>)>
Traceback (most recent call last):
  File "/usr/lib/python3.11/asyncio/events.py", line 80, in _run
    self._context.run(self._callback, *self._args)
  File "/home/pinpi/pinpi/lib/python3.11/site-packages/mpf/core/events.py", line 795, in _queue_task_done
    future.result()
  File "/home/pinpi/pinpi/lib/python3.11/site-packages/mpf/core/events.py", line 708, in _run_handlers_sequential
    handler.callback(queue=queue, **merged_kwargs)
  File "/home/pinpi/pinpi/lib/python3.11/site-packages/mpf/devices/switch.py", line 81, in _check_duplicate_switch_numbers
    raise AssertionError(
AssertionError: Duplicate switch number 1 for switch <switch.s_01>
2025-04-20 18:36:49,343 : INFO : Machine : Starting the main run loop with active modes: []
2025-04-20 18:36:49,343 : WARNING : Machine : Attract mode is not active, game will not be playable. Please check your attract mode configuration.
2025-04-20 18:36:49,343 : INFO : Machine : Shutting down...
2025-04-20 18:36:49,344 : INFO : EventManager : Event: ======'shutdown'====== Args={}
2025-04-20 18:36:50,447 : ERROR : Machine : Runtime Exception
Traceback (most recent call last):
  File "/home/pinpi/pinpi/lib/python3.11/site-packages/mpf/core/machine.py", line 808, in _run_loop
    raise self._exception['exception']
  File "/usr/lib/python3.11/asyncio/events.py", line 80, in _run
    self._context.run(self._callback, *self._args)
  File "/home/pinpi/pinpi/lib/python3.11/site-packages/mpf/core/events.py", line 795, in _queue_task_done
    future.result()
  File "/home/pinpi/pinpi/lib/python3.11/site-packages/mpf/core/events.py", line 708, in _run_handlers_sequential
    handler.callback(queue=queue, **merged_kwargs)
  File "/home/pinpi/pinpi/lib/python3.11/site-packages/mpf/devices/switch.py", line 81, in _check_duplicate_switch_numbers
    raise AssertionError(
AssertionError: Duplicate switch number 1 for switch <switch.s_01>
2025-04-20 18:36:50,448 : INFO : root : MPF run loop ended.
