2026-04-11 19:39:01,498 : INFO : root : Loading config.
2026-04-11 19:39:01,500 : INFO : YamlMultifileConfigLoader : Machine config file #1: config.yaml
2026-04-11 19:39:01,501 : INFO : ConfigProcessor : Loading config from cache: /tmp/9121053a167b3a0609222a4623987891.mpf_cache
2026-04-11 19:39:01,541 : INFO : ConfigProcessor : Loading config from cache: /tmp/66ef204c87633dc02ca3efd475778ed9.mpf_cache
2026-04-11 19:39:01,541 : INFO : ConfigProcessor : Loading config from cache: /tmp/74f2825223a7abe8c76a0d15a1753cf2.mpf_cache
2026-04-11 19:39:01,541 : INFO : Machine : Mission Pinball Framework Core Engine v0.80.0.dev7
2026-04-11 19:39:01,541 : INFO : Machine : Command line arguments: {'no_load_cache': False, 'create_config_cache': True, 'bcp': False, 'configfile': ['config.yaml'], 'force_assets_load': False, 'platform_integration_test': False, 'jsonlogging': False, 'logfile': 'logs/2026-04-11-19-39-01-mpf-pinpi.log', 'pause': False, 'production': False, 'text_ui': True, 'loglevel': 15, 'consoleloglevel': 20, 'force_platform': None, 'syslog_address': None, 'full_logfile_path': '/home/pinpi/toedragons-pinball/logs/2026-04-11-19-39-01-mpf-pinpi.log'}
2026-04-11 19:39:01,541 : INFO : Machine : MPF path: /home/pinpi/pinpi/lib/python3.11/site-packages/mpf
2026-04-11 19:39:01,541 : INFO : Machine : Machine path: /home/pinpi/toedragons-pinball
2026-04-11 19:39:01,541 : INFO : Machine : Platform: linux
2026-04-11 19:39:01,542 : INFO : Machine : Python executable location: /home/pinpi/pinpi/bin/python
2026-04-11 19:39:01,542 : INFO : Machine : Python version: 3.11.2 (64-bit)
2026-04-11 19:39:01,542 : INFO : Machine : Initializing MPF...
2026-04-11 19:39:01,587 : INFO : FAST [NET] : Trying to connect to /dev/ttyAMA2 at 921600bps
2026-04-11 19:39:01,588 : INFO : FAST [NET] : Connected to /dev/ttyAMA2 at 921600bps
2026-04-11 19:39:01,590 : INFO : FAST [NET] : Connected to FP-CPU-2000 with firmware v02.26
2026-04-11 19:39:01,591 : INFO : FAST [NET] : Registered I/O Board 0: Model: FP-I/O-0024, Firmware: 01.10, Switches: 24, Drivers: 8
2026-04-11 19:39:01,592 : INFO : FAST [NET] : Registered I/O Board 1: Model: FP-I/O-0804, Firmware: 01.10, Switches: 8, Drivers: 4
2026-04-11 19:39:01,593 : INFO : FAST [NET] : Registered I/O Board 2: Model: FP-I/O-3208, Firmware: 01.10, Switches: 32, Drivers: 8
2026-04-11 19:39:01,594 : INFO : FAST [NET] : Registered I/O Board 3: Model: FP-I/O-0804, Firmware: 01.10, Switches: 8, Drivers: 4
2026-04-11 19:39:01,595 : INFO : EventManager : Event: ======'machine_var_credits_string'====== Args={'value': 'FREE PLAY', 'prev_value': None, 'change': True}
2026-04-11 19:39:01,605 : INFO : EventManager : Event: ======'machine_var_master_volume'====== Args={'value': 0.5, 'prev_value': None, 'change': True}
2026-04-11 19:39:01,605 : INFO : EventManager : Event: ======'machine_var_mpf_version'====== Args={'value': 'Mission Pinball Framework v0.80.0.dev7', 'prev_value': None, 'change': True}
2026-04-11 19:39:01,605 : INFO : EventManager : Event: ======'machine_var_mpf_extended_version'====== Args={'value': 'Mission Pinball Framework v0.80.0.dev7, Config version:6, Show version: 6, BCP version:1.1', 'prev_value': None, 'change': True}
2026-04-11 19:39:01,605 : INFO : EventManager : Event: ======'machine_var_python_version'====== Args={'value': '3.11.2', 'prev_value': None, 'change': True}
2026-04-11 19:39:01,606 : INFO : EventManager : Event: ======'machine_var_platform'====== Args={'value': 'Linux-6.6.51+rpt-rpi-2712-aarch64-with-glibc2.36', 'prev_value': None, 'change': True}
2026-04-11 19:39:01,606 : INFO : EventManager : Event: ======'machine_var_platform_system'====== Args={'value': 'Linux', 'prev_value': None, 'change': True}
2026-04-11 19:39:01,606 : INFO : EventManager : Event: ======'machine_var_platform_release'====== Args={'value': '6.6.51+rpt-rpi-2712', 'prev_value': None, 'change': True}
2026-04-11 19:39:01,606 : INFO : EventManager : Event: ======'machine_var_platform_version'====== Args={'value': '#1 SMP PREEMPT Debian 1:6.6.51-1+rpt3 (2024-10-08)', 'prev_value': None, 'change': True}
2026-04-11 19:39:01,606 : INFO : EventManager : Event: ======'machine_var_platform_machine'====== Args={'value': 'aarch64', 'prev_value': None, 'change': True}
2026-04-11 19:39:01,606 : INFO : EventManager : Event: ======'machine_var_log_file_path'====== Args={'value': '/home/pinpi/toedragons-pinball/logs/2026-04-11-19-39-01-mpf-pinpi.log', 'prev_value': None, 'change': True}
2026-04-11 19:39:01,606 : INFO : EventManager : Event: ======'init_phase_1'====== Args={}
2026-04-11 19:39:01,695 : INFO : EventManager : Event: ======'init_phase_2'====== Args={}
2026-04-11 19:39:01,710 : INFO : EventManager : Event: ======'init_phase_3'====== Args={}
2026-04-11 19:39:01,713 : INFO : EventManager : Event: ======'init_phase_4'====== Args={}
2026-04-11 19:39:01,713 : INFO : EventManager : Event: ======'machine_var_audits_switches_s_start_button'====== Args={'value': 0, 'prev_value': None, 'change': True}
2026-04-11 19:39:01,714 : INFO : EventManager : Event: ======'machine_var_audits_switches_s_goal_left'====== Args={'value': 0, 'prev_value': None, 'change': True}
2026-04-11 19:39:01,714 : INFO : EventManager : Event: ======'machine_var_audits_switches_s_goal_right'====== Args={'value': 0, 'prev_value': None, 'change': True}
2026-04-11 19:39:01,714 : INFO : EventManager : Event: ======'machine_var_audits_switches_s_right_slingshot'====== Args={'value': 0, 'prev_value': None, 'change': True}
2026-04-11 19:39:01,714 : INFO : EventManager : Event: ======'machine_var_audits_switches_s_goal_center'====== Args={'value': 0, 'prev_value': None, 'change': True}
2026-04-11 19:39:01,714 : INFO : EventManager : Event: ======'machine_var_audits_switches_s_right_flipper_eos'====== Args={'value': 0, 'prev_value': None, 'change': True}
2026-04-11 19:39:01,714 : INFO : EventManager : Event: ======'machine_var_audits_switches_s_left_flipper'====== Args={'value': 0, 'prev_value': None, 'change': True}
2026-04-11 19:39:01,714 : INFO : EventManager : Event: ======'machine_var_audits_switches_s_right_flipper'====== Args={'value': 0, 'prev_value': None, 'change': True}
2026-04-11 19:39:01,714 : INFO : EventManager : Event: ======'machine_var_audits_switches_s_left_slingshot'====== Args={'value': 0, 'prev_value': None, 'change': True}
2026-04-11 19:39:01,714 : INFO : EventManager : Event: ======'machine_var_audits_switches_s_left_flipper_eos'====== Args={'value': 0, 'prev_value': None, 'change': True}
2026-04-11 19:39:01,714 : INFO : EventManager : Event: ======'machine_var_audits_events_game_started'====== Args={'value': 0, 'prev_value': None, 'change': True}
2026-04-11 19:39:01,714 : INFO : EventManager : Event: ======'machine_var_audits_events_game_ended'====== Args={'value': 0, 'prev_value': None, 'change': True}
2026-04-11 19:39:01,714 : INFO : EventManager : Event: ======'machine_var_audits_player_score'====== Args={'value': {'top': [], 'average': 0, 'total': 0}, 'prev_value': None, 'change': True}
2026-04-11 19:39:01,714 : INFO : EventManager : Event: ======'init_phase_5'====== Args={}
2026-04-11 19:39:01,715 : INFO : EventManager : Event: ======'init_done'====== Args={}
2026-04-11 19:39:01,715 : INFO : EventManager : Event: ======'machine_reset_phase_1'====== Args={}
2026-04-11 19:39:01,715 : INFO : EventManager : Event: ======'machine_reset_phase_2'====== Args={}
2026-04-11 19:39:01,715 : INFO : EventManager : Event: ======'machine_reset_phase_3'====== Args={}
2026-04-11 19:39:01,716 : INFO : EventManager : Event: ======'reset_complete'====== Args={}
2026-04-11 19:39:01,716 : INFO : EventManager : Event: ======'mode_attract_will_start'====== Args={}
2026-04-11 19:39:01,717 : INFO : EventManager : Event: ======'mode_attract_starting'====== Args={}
2026-04-11 19:39:01,717 : INFO : Mode.attract : Started. Priority: 10
2026-04-11 19:39:01,717 : INFO : EventManager : Event: ======'modes_active_modes_changed'====== Args={}
2026-04-11 19:39:01,717 : INFO : EventManager : Event: ======'mode_attract_started'====== Args={}
2026-04-11 19:39:01,717 : INFO : EventManager : Event: ======'collecting_balls_complete'====== Args={}
2026-04-11 19:39:01,717 : INFO : Machine : Starting the main run loop with active modes: [<Mode.attract>]
2026-04-11 19:39:04,054 : INFO : SwitchController : <<<<<<< 's_left_flipper' active >>>>>>>
2026-04-11 19:39:04,135 : INFO : SwitchController : <<<<<<< 's_left_flipper' inactive >>>>>>>
2026-04-11 19:39:04,941 : INFO : SwitchController : <<<<<<< 's_left_flipper' active >>>>>>>
2026-04-11 19:39:05,036 : INFO : SwitchController : <<<<<<< 's_left_flipper' inactive >>>>>>>
2026-04-11 19:39:05,856 : INFO : SwitchController : <<<<<<< 's_left_flipper' active >>>>>>>
2026-04-11 19:39:05,902 : INFO : SwitchController : <<<<<<< 's_left_flipper' inactive >>>>>>>
2026-04-11 19:39:06,891 : INFO : SwitchController : <<<<<<< 's_left_flipper' active >>>>>>>
2026-04-11 19:39:06,982 : INFO : SwitchController : <<<<<<< 's_left_flipper' inactive >>>>>>>
2026-04-11 19:39:07,871 : INFO : SwitchController : <<<<<<< 's_left_flipper' active >>>>>>>
2026-04-11 19:39:07,938 : INFO : SwitchController : <<<<<<< 's_left_flipper' inactive >>>>>>>
2026-04-11 19:39:12,087 : INFO : SwitchController : <<<<<<< 's_left_flipper' active >>>>>>>
2026-04-11 19:39:12,177 : INFO : SwitchController : <<<<<<< 's_left_flipper' inactive >>>>>>>
2026-04-11 19:39:22,851 : INFO : SwitchController : <<<<<<< 's_left_flipper' active >>>>>>>
2026-04-11 19:39:22,942 : INFO : SwitchController : <<<<<<< 's_left_flipper' inactive >>>>>>>
2026-04-11 19:39:26,991 : INFO : SwitchController : <<<<<<< 's_left_flipper' active >>>>>>>
2026-04-11 19:39:27,078 : INFO : SwitchController : <<<<<<< 's_left_flipper' inactive >>>>>>>
2026-04-11 19:39:27,182 : INFO : SwitchController : <<<<<<< 's_right_flipper_eos' active >>>>>>>
2026-04-11 19:39:47,106 : INFO : SwitchController : <<<<<<< 's_left_flipper' active >>>>>>>
2026-04-11 19:39:47,206 : INFO : SwitchController : <<<<<<< 's_left_flipper' inactive >>>>>>>
2026-04-11 19:39:49,965 : INFO : SwitchController : <<<<<<< 's_left_flipper' active >>>>>>>
2026-04-11 19:39:50,074 : INFO : SwitchController : <<<<<<< 's_left_flipper' inactive >>>>>>>
2026-04-11 19:39:52,389 : INFO : SwitchController : <<<<<<< 's_left_flipper' active >>>>>>>
2026-04-11 19:39:52,525 : INFO : SwitchController : <<<<<<< 's_left_flipper' inactive >>>>>>>
2026-04-11 19:39:57,442 : INFO : SwitchController : <<<<<<< 's_left_flipper' active >>>>>>>
2026-04-11 19:39:57,583 : INFO : SwitchController : <<<<<<< 's_left_flipper' inactive >>>>>>>
2026-04-11 19:40:20,803 : INFO : SwitchController : <<<<<<< 's_left_flipper' active >>>>>>>
2026-04-11 19:40:20,882 : INFO : SwitchController : <<<<<<< 's_left_flipper' inactive >>>>>>>
2026-04-11 19:40:44,410 : INFO : SwitchController : <<<<<<< 's_left_flipper' active >>>>>>>
2026-04-11 19:40:44,533 : INFO : SwitchController : <<<<<<< 's_left_flipper' inactive >>>>>>>
2026-04-11 19:40:45,074 : INFO : SwitchController : <<<<<<< 's_right_flipper_eos' inactive >>>>>>>
2026-04-11 19:44:32,497 : INFO : SwitchController : <<<<<<< 's_left_flipper' active >>>>>>>
2026-04-11 19:44:32,573 : INFO : SwitchController : <<<<<<< 's_left_flipper' inactive >>>>>>>
2026-04-11 19:44:37,905 : INFO : SwitchController : <<<<<<< 's_left_flipper' active >>>>>>>
2026-04-11 19:44:37,984 : INFO : SwitchController : <<<<<<< 's_left_flipper' inactive >>>>>>>
2026-04-11 19:44:49,643 : INFO : SwitchController : <<<<<<< 's_left_flipper' active >>>>>>>
2026-04-11 19:44:49,749 : INFO : SwitchController : <<<<<<< 's_left_flipper' inactive >>>>>>>
2026-04-11 19:45:02,574 : INFO : SwitchController : <<<<<<< 's_left_flipper' active >>>>>>>
2026-04-11 19:45:02,683 : INFO : SwitchController : <<<<<<< 's_left_flipper' inactive >>>>>>>
2026-04-11 19:45:28,869 : INFO : Machine : Shutting down...
2026-04-11 19:45:28,869 : INFO : EventManager : Event: ======'shutdown'====== Args={}
2026-04-11 19:45:28,971 : INFO : root : MPF run loop ended.
