2026-04-17 20:49:49,667 : INFO : root : Loading config.
2026-04-17 20:49:49,925 : INFO : ConfigProcessor : Config spec file cache created: /tmp/config_spec.mpf_cache
2026-04-17 20:49:49,926 : INFO : YamlMultifileConfigLoader : Machine config file #1: config.yaml
2026-04-17 20:49:49,926 : INFO : ConfigProcessor : Loading config from file /home/pinpi/pinpi/lib/python3.11/site-packages/mpf/mpfconfig.yaml.
2026-04-17 20:49:50,007 : INFO : ConfigProcessor : Loading config: /home/pinpi/pinpi/lib/python3.11/site-packages/mpf/mpfconfig.yaml
2026-04-17 20:49:50,008 : INFO : ConfigProcessor : Loading config from file /home/pinpi/toedragons-pinball/config/config.yaml.
2026-04-17 20:49:50,023 : INFO : ConfigProcessor : Loading config: /home/pinpi/toedragons-pinball/config/config.yaml
2026-04-17 20:49:50,024 : INFO : ConfigProcessor : Config file cache created: /tmp/9121053a167b3a0609222a4623987891.mpf_cache
2026-04-17 20:49:50,614 : INFO : ConfigProcessor : Loading config from file /home/pinpi/pinpi/lib/python3.11/site-packages/mpf/modes/attract/config/attract.yaml.
2026-04-17 20:49:50,619 : INFO : ConfigProcessor : Loading config: /home/pinpi/pinpi/lib/python3.11/site-packages/mpf/modes/attract/config/attract.yaml
2026-04-17 20:49:50,619 : INFO : ConfigProcessor : Config file cache created: /tmp/66ef204c87633dc02ca3efd475778ed9.mpf_cache
2026-04-17 20:49:50,619 : INFO : ConfigProcessor : Loading config from file /home/pinpi/pinpi/lib/python3.11/site-packages/mpf/modes/game/config/game.yaml.
2026-04-17 20:49:50,623 : INFO : ConfigProcessor : Loading config: /home/pinpi/pinpi/lib/python3.11/site-packages/mpf/modes/game/config/game.yaml
2026-04-17 20:49:50,623 : INFO : ConfigProcessor : Config file cache created: /tmp/74f2825223a7abe8c76a0d15a1753cf2.mpf_cache
2026-04-17 20:49:50,624 : INFO : Machine : Mission Pinball Framework Core Engine v0.80.0.dev7
2026-04-17 20:49:50,624 : INFO : Machine : Command line arguments: {'no_load_cache': False, 'create_config_cache': True, 'bcp': False, 'configfile': ['config.yaml'], 'force_assets_load': False, 'platform_integration_test': False, 'jsonlogging': False, 'logfile': 'logs/2026-04-17-20-49-49-mpf-pinpi.log', 'pause': False, 'production': False, 'text_ui': True, 'loglevel': 15, 'consoleloglevel': 20, 'force_platform': None, 'syslog_address': None, 'full_logfile_path': '/home/pinpi/toedragons-pinball/logs/2026-04-17-20-49-49-mpf-pinpi.log'}
2026-04-17 20:49:50,624 : INFO : Machine : MPF path: /home/pinpi/pinpi/lib/python3.11/site-packages/mpf
2026-04-17 20:49:50,624 : INFO : Machine : Machine path: /home/pinpi/toedragons-pinball
2026-04-17 20:49:50,624 : INFO : Machine : Platform: linux
2026-04-17 20:49:50,624 : INFO : Machine : Python executable location: /home/pinpi/pinpi/bin/python
2026-04-17 20:49:50,624 : INFO : Machine : Python version: 3.11.2 (64-bit)
2026-04-17 20:49:50,624 : INFO : Machine : Initializing MPF...
2026-04-17 20:49:51,328 : INFO : FAST [NET] : Trying to connect to /dev/ttyAMA2 at 921600bps
2026-04-17 20:49:51,328 : INFO : FAST [NET] : Connected to /dev/ttyAMA2 at 921600bps
2026-04-17 20:49:51,333 : INFO : FAST [NET] : Connected to FP-CPU-2000 with firmware v02.26
2026-04-17 20:49:51,335 : INFO : FAST [NET] : Registered I/O Board 0: Model: FP-I/O-0024, Firmware: 01.10, Switches: 24, Drivers: 8
2026-04-17 20:49:51,337 : INFO : FAST [NET] : Registered I/O Board 1: Model: FP-I/O-0804, Firmware: 01.10, Switches: 8, Drivers: 4
2026-04-17 20:49:51,338 : INFO : FAST [NET] : Registered I/O Board 2: Model: FP-I/O-3208, Firmware: 01.10, Switches: 32, Drivers: 8
2026-04-17 20:49:51,340 : INFO : FAST [NET] : Registered I/O Board 3: Model: FP-I/O-0804, Firmware: 01.10, Switches: 8, Drivers: 4
2026-04-17 20:49:51,340 : INFO : EventManager : Event: ======'machine_var_credits_string'====== Args={'value': 'FREE PLAY', 'prev_value': None, 'change': True}
2026-04-17 20:49:51,435 : INFO : EventManager : Event: ======'machine_var_master_volume'====== Args={'value': 0.5, 'prev_value': None, 'change': True}
2026-04-17 20:49:51,436 : INFO : EventManager : Event: ======'machine_var_mpf_version'====== Args={'value': 'Mission Pinball Framework v0.80.0.dev7', 'prev_value': None, 'change': True}
2026-04-17 20:49:51,436 : INFO : EventManager : Event: ======'machine_var_mpf_extended_version'====== Args={'value': 'Mission Pinball Framework v0.80.0.dev7, Config version:6, Show version: 6, BCP version:1.1', 'prev_value': None, 'change': True}
2026-04-17 20:49:51,436 : INFO : EventManager : Event: ======'machine_var_python_version'====== Args={'value': '3.11.2', 'prev_value': None, 'change': True}
2026-04-17 20:49:51,437 : INFO : EventManager : Event: ======'machine_var_platform'====== Args={'value': 'Linux-6.6.51+rpt-rpi-2712-aarch64-with-glibc2.36', 'prev_value': None, 'change': True}
2026-04-17 20:49:51,437 : INFO : EventManager : Event: ======'machine_var_platform_system'====== Args={'value': 'Linux', 'prev_value': None, 'change': True}
2026-04-17 20:49:51,437 : INFO : EventManager : Event: ======'machine_var_platform_release'====== Args={'value': '6.6.51+rpt-rpi-2712', 'prev_value': None, 'change': True}
2026-04-17 20:49:51,437 : INFO : EventManager : Event: ======'machine_var_platform_version'====== Args={'value': '#1 SMP PREEMPT Debian 1:6.6.51-1+rpt3 (2024-10-08)', 'prev_value': None, 'change': True}
2026-04-17 20:49:51,437 : INFO : EventManager : Event: ======'machine_var_platform_machine'====== Args={'value': 'aarch64', 'prev_value': None, 'change': True}
2026-04-17 20:49:51,437 : INFO : EventManager : Event: ======'machine_var_log_file_path'====== Args={'value': '/home/pinpi/toedragons-pinball/logs/2026-04-17-20-49-49-mpf-pinpi.log', 'prev_value': None, 'change': True}
2026-04-17 20:49:51,437 : INFO : EventManager : Event: ======'init_phase_1'====== Args={}
2026-04-17 20:49:51,626 : INFO : SwitchController : <<<<<<< 's_left_flipper_eos' active >>>>>>>
2026-04-17 20:49:51,626 : INFO : SwitchController : <<<<<<< 's_right_flipper_eos' active >>>>>>>
2026-04-17 20:49:51,626 : INFO : SwitchController : <<<<<<< 's_goal_right' active >>>>>>>
2026-04-17 20:49:51,626 : INFO : SwitchController : <<<<<<< 's_goal_center' active >>>>>>>
2026-04-17 20:49:51,626 : INFO : SwitchController : <<<<<<< 's_goal_left' active >>>>>>>
2026-04-17 20:49:51,626 : INFO : EventManager : Event: ======'init_phase_2'====== Args={}
2026-04-17 20:49:51,626 : INFO : SwitchController : Found active switch: (40, [FAST Platform Interface]) <switch.s_left_flipper_eos>
2026-04-17 20:49:51,626 : INFO : SwitchController : Found active switch: (44, [FAST Platform Interface]) <switch.s_right_flipper_eos>
2026-04-17 20:49:51,626 : INFO : SwitchController : Found active switch: (24, [FAST Platform Interface]) <switch.s_goal_right>
2026-04-17 20:49:51,626 : INFO : SwitchController : Found active switch: (25, [FAST Platform Interface]) <switch.s_goal_center>
2026-04-17 20:49:51,626 : INFO : SwitchController : Found active switch: (26, [FAST Platform Interface]) <switch.s_goal_left>
2026-04-17 20:49:51,661 : INFO : EventManager : Event: ======'init_phase_3'====== Args={}
2026-04-17 20:49:51,664 : INFO : EventManager : Event: ======'init_phase_4'====== Args={}
2026-04-17 20:49:51,665 : INFO : EventManager : Event: ======'machine_var_audits_switches_s_goal_left'====== Args={'value': 0, 'prev_value': None, 'change': True}
2026-04-17 20:49:51,665 : INFO : EventManager : Event: ======'machine_var_audits_switches_s_left_flipper'====== Args={'value': 0, 'prev_value': None, 'change': True}
2026-04-17 20:49:51,665 : INFO : EventManager : Event: ======'machine_var_audits_switches_s_right_flipper'====== Args={'value': 0, 'prev_value': None, 'change': True}
2026-04-17 20:49:51,665 : INFO : EventManager : Event: ======'machine_var_audits_switches_s_left_flipper_eos'====== Args={'value': 0, 'prev_value': None, 'change': True}
2026-04-17 20:49:51,665 : INFO : EventManager : Event: ======'machine_var_audits_switches_s_right_slingshot'====== Args={'value': 0, 'prev_value': None, 'change': True}
2026-04-17 20:49:51,665 : INFO : EventManager : Event: ======'machine_var_audits_switches_s_goal_right'====== Args={'value': 0, 'prev_value': None, 'change': True}
2026-04-17 20:49:51,665 : INFO : EventManager : Event: ======'machine_var_audits_switches_s_start_button'====== Args={'value': 0, 'prev_value': None, 'change': True}
2026-04-17 20:49:51,665 : INFO : EventManager : Event: ======'machine_var_audits_switches_s_left_slingshot'====== Args={'value': 0, 'prev_value': None, 'change': True}
2026-04-17 20:49:51,665 : INFO : EventManager : Event: ======'machine_var_audits_switches_s_goal_center'====== Args={'value': 0, 'prev_value': None, 'change': True}
2026-04-17 20:49:51,665 : INFO : EventManager : Event: ======'machine_var_audits_switches_s_right_flipper_eos'====== Args={'value': 0, 'prev_value': None, 'change': True}
2026-04-17 20:49:51,665 : INFO : EventManager : Event: ======'machine_var_audits_events_game_started'====== Args={'value': 0, 'prev_value': None, 'change': True}
2026-04-17 20:49:51,665 : INFO : EventManager : Event: ======'machine_var_audits_events_game_ended'====== Args={'value': 0, 'prev_value': None, 'change': True}
2026-04-17 20:49:51,665 : INFO : EventManager : Event: ======'machine_var_audits_player_score'====== Args={'value': {'top': [], 'average': 0, 'total': 0}, 'prev_value': None, 'change': True}
2026-04-17 20:49:51,666 : INFO : EventManager : Event: ======'init_phase_5'====== Args={}
2026-04-17 20:49:51,666 : INFO : EventManager : Event: ======'init_done'====== Args={}
2026-04-17 20:49:51,666 : INFO : EventManager : Event: ======'machine_reset_phase_1'====== Args={}
2026-04-17 20:49:51,666 : INFO : EventManager : Event: ======'machine_reset_phase_2'====== Args={}
2026-04-17 20:49:51,666 : INFO : EventManager : Event: ======'machine_reset_phase_3'====== Args={}
2026-04-17 20:49:51,667 : INFO : EventManager : Event: ======'reset_complete'====== Args={}
2026-04-17 20:49:51,668 : INFO : EventManager : Event: ======'mode_attract_will_start'====== Args={}
2026-04-17 20:49:51,668 : INFO : EventManager : Event: ======'mode_attract_starting'====== Args={}
2026-04-17 20:49:51,668 : INFO : Mode.attract : Started. Priority: 10
2026-04-17 20:49:51,668 : INFO : EventManager : Event: ======'modes_active_modes_changed'====== Args={}
2026-04-17 20:49:51,668 : INFO : EventManager : Event: ======'mode_attract_started'====== Args={}
2026-04-17 20:49:51,668 : INFO : EventManager : Event: ======'collecting_balls_complete'====== Args={}
2026-04-17 20:49:51,668 : INFO : Machine : Starting the main run loop with active modes: [<Mode.attract>]
2026-04-17 20:49:54,969 : INFO : SwitchController : <<<<<<< 's_start_button' active >>>>>>>
2026-04-17 20:49:54,969 : INFO : EventManager : Event: ======'playfield_active'====== Args={'source': 'ac_ball_trough'}
2026-04-17 20:49:54,969 : INFO : EventManager : Event: ======'unexpected_ball_on_playfield'====== Args={}
2026-04-17 20:49:54,969 : INFO : EventManager : Event: ======'playfield_active'====== Args={'source': 'ac_goal'}
2026-04-17 20:49:54,969 : INFO : EventManager : Event: ======'unexpected_ball_on_playfield'====== Args={}
2026-04-17 20:49:54,969 : INFO : EventManager : Event: ======'playfield_active'====== Args={'source': 'ac_auto_plunger'}
2026-04-17 20:49:54,969 : INFO : EventManager : Event: ======'unexpected_ball_on_playfield'====== Args={}
2026-04-17 20:49:54,996 : INFO : SwitchController : <<<<<<< 's_right_flipper_eos' inactive >>>>>>>
2026-04-17 20:49:55,055 : INFO : SwitchController : <<<<<<< 's_start_button' inactive >>>>>>>
2026-04-17 20:49:58,571 : INFO : SwitchController : <<<<<<< 's_start_button' active >>>>>>>
2026-04-17 20:49:58,572 : INFO : EventManager : Event: ======'playfield_active'====== Args={'source': 'ac_ball_trough'}
2026-04-17 20:49:58,572 : INFO : EventManager : Event: ======'unexpected_ball_on_playfield'====== Args={}
2026-04-17 20:49:58,572 : INFO : EventManager : Event: ======'playfield_active'====== Args={'source': 'ac_goal'}
2026-04-17 20:49:58,572 : INFO : EventManager : Event: ======'unexpected_ball_on_playfield'====== Args={}
2026-04-17 20:49:58,572 : INFO : EventManager : Event: ======'playfield_active'====== Args={'source': 'ac_auto_plunger'}
2026-04-17 20:49:58,572 : INFO : EventManager : Event: ======'unexpected_ball_on_playfield'====== Args={}
2026-04-17 20:49:58,658 : INFO : SwitchController : <<<<<<< 's_start_button' inactive >>>>>>>
2026-04-17 20:50:00,189 : INFO : SwitchController : <<<<<<< 's_left_flipper' active >>>>>>>
2026-04-17 20:50:00,212 : INFO : SwitchController : <<<<<<< 's_left_flipper_eos' inactive >>>>>>>
2026-04-17 20:50:00,306 : INFO : SwitchController : <<<<<<< 's_left_flipper' inactive >>>>>>>
2026-04-17 20:50:00,352 : INFO : SwitchController : <<<<<<< 's_left_flipper_eos' active >>>>>>>
2026-04-17 20:50:00,529 : INFO : SwitchController : <<<<<<< 's_left_flipper' active >>>>>>>
2026-04-17 20:50:00,553 : INFO : SwitchController : <<<<<<< 's_left_flipper_eos' inactive >>>>>>>
2026-04-17 20:50:00,594 : INFO : SwitchController : <<<<<<< 's_left_flipper' inactive >>>>>>>
2026-04-17 20:50:00,642 : INFO : SwitchController : <<<<<<< 's_left_flipper_eos' active >>>>>>>
2026-04-17 20:50:06,001 : INFO : SwitchController : <<<<<<< 's_right_flipper' active >>>>>>>
2026-04-17 20:50:06,080 : INFO : SwitchController : <<<<<<< 's_right_flipper' inactive >>>>>>>
2026-04-17 20:50:06,230 : INFO : SwitchController : <<<<<<< 's_right_flipper' active >>>>>>>
2026-04-17 20:50:06,288 : INFO : SwitchController : <<<<<<< 's_right_flipper' inactive >>>>>>>
2026-04-17 20:50:06,347 : INFO : SwitchController : <<<<<<< 's_left_flipper' active >>>>>>>
2026-04-17 20:50:06,370 : INFO : SwitchController : <<<<<<< 's_left_flipper_eos' inactive >>>>>>>
2026-04-17 20:50:06,450 : INFO : SwitchController : <<<<<<< 's_left_flipper' inactive >>>>>>>
2026-04-17 20:50:06,498 : INFO : SwitchController : <<<<<<< 's_left_flipper_eos' active >>>>>>>
2026-04-17 20:50:06,633 : INFO : SwitchController : <<<<<<< 's_left_flipper' active >>>>>>>
2026-04-17 20:50:06,656 : INFO : SwitchController : <<<<<<< 's_left_flipper_eos' inactive >>>>>>>
2026-04-17 20:50:06,727 : INFO : SwitchController : <<<<<<< 's_left_flipper' inactive >>>>>>>
2026-04-17 20:50:06,774 : INFO : SwitchController : <<<<<<< 's_left_flipper_eos' active >>>>>>>
2026-04-17 20:50:08,639 : INFO : SwitchController : <<<<<<< 's_start_button' active >>>>>>>
2026-04-17 20:50:08,639 : INFO : EventManager : Event: ======'playfield_active'====== Args={'source': 'ac_ball_trough'}
2026-04-17 20:50:08,639 : INFO : EventManager : Event: ======'unexpected_ball_on_playfield'====== Args={}
2026-04-17 20:50:08,639 : INFO : EventManager : Event: ======'playfield_active'====== Args={'source': 'ac_goal'}
2026-04-17 20:50:08,639 : INFO : EventManager : Event: ======'unexpected_ball_on_playfield'====== Args={}
2026-04-17 20:50:08,639 : INFO : EventManager : Event: ======'playfield_active'====== Args={'source': 'ac_auto_plunger'}
2026-04-17 20:50:08,639 : INFO : EventManager : Event: ======'unexpected_ball_on_playfield'====== Args={}
2026-04-17 20:50:08,753 : INFO : SwitchController : <<<<<<< 's_start_button' inactive >>>>>>>
2026-04-17 20:50:09,897 : INFO : SwitchController : <<<<<<< 's_right_flipper' active >>>>>>>
2026-04-17 20:50:09,938 : INFO : SwitchController : <<<<<<< 's_right_flipper' inactive >>>>>>>
2026-04-17 20:50:09,996 : INFO : SwitchController : <<<<<<< 's_right_flipper_eos' active >>>>>>>
2026-04-17 20:50:10,011 : INFO : SwitchController : <<<<<<< 's_right_flipper_eos' inactive >>>>>>>
2026-04-17 20:50:10,070 : INFO : SwitchController : <<<<<<< 's_right_flipper' active >>>>>>>
2026-04-17 20:50:10,133 : INFO : SwitchController : <<<<<<< 's_right_flipper' inactive >>>>>>>
2026-04-17 20:50:11,182 : INFO : SwitchController : <<<<<<< 's_right_flipper' active >>>>>>>
2026-04-17 20:50:11,352 : INFO : SwitchController : <<<<<<< 's_right_flipper' inactive >>>>>>>
2026-04-17 20:50:12,257 : INFO : SwitchController : <<<<<<< 's_left_flipper' active >>>>>>>
2026-04-17 20:50:12,279 : INFO : SwitchController : <<<<<<< 's_left_flipper_eos' inactive >>>>>>>
2026-04-17 20:50:12,424 : INFO : SwitchController : <<<<<<< 's_left_flipper' inactive >>>>>>>
2026-04-17 20:50:12,469 : INFO : SwitchController : <<<<<<< 's_left_flipper_eos' active >>>>>>>
2026-04-17 20:50:12,861 : INFO : SwitchController : <<<<<<< 's_right_flipper' active >>>>>>>
2026-04-17 20:50:13,024 : INFO : SwitchController : <<<<<<< 's_right_flipper' inactive >>>>>>>
2026-04-17 20:50:17,183 : INFO : SwitchController : <<<<<<< 's_right_flipper' active >>>>>>>
2026-04-17 20:50:17,308 : INFO : SwitchController : <<<<<<< 's_right_flipper' inactive >>>>>>>
2026-04-17 20:50:22,244 : INFO : SwitchController : <<<<<<< 's_right_flipper' active >>>>>>>
2026-04-17 20:50:22,373 : INFO : SwitchController : <<<<<<< 's_right_flipper' inactive >>>>>>>
2026-04-17 20:50:22,424 : INFO : SwitchController : <<<<<<< 's_right_flipper_eos' active >>>>>>>
2026-04-17 20:50:22,443 : INFO : SwitchController : <<<<<<< 's_right_flipper_eos' inactive >>>>>>>
2026-04-17 20:50:22,459 : INFO : SwitchController : <<<<<<< 's_right_flipper_eos' active >>>>>>>
2026-04-17 20:50:25,190 : INFO : SwitchController : <<<<<<< 's_right_flipper' active >>>>>>>
2026-04-17 20:50:25,207 : INFO : SwitchController : <<<<<<< 's_right_flipper_eos' inactive >>>>>>>
2026-04-17 20:50:25,336 : INFO : SwitchController : <<<<<<< 's_right_flipper' inactive >>>>>>>
2026-04-17 20:50:25,378 : INFO : SwitchController : <<<<<<< 's_left_flipper' active >>>>>>>
2026-04-17 20:50:25,404 : INFO : SwitchController : <<<<<<< 's_left_flipper_eos' inactive >>>>>>>
2026-04-17 20:50:25,476 : INFO : SwitchController : <<<<<<< 's_right_flipper_eos' active >>>>>>>
2026-04-17 20:50:25,693 : INFO : SwitchController : <<<<<<< 's_left_flipper' inactive >>>>>>>
2026-04-17 20:50:25,739 : INFO : SwitchController : <<<<<<< 's_left_flipper_eos' active >>>>>>>
2026-04-17 20:50:28,342 : INFO : SwitchController : <<<<<<< 's_right_flipper_eos' inactive >>>>>>>
2026-04-17 20:50:29,142 : INFO : SwitchController : <<<<<<< 's_left_flipper' active >>>>>>>
2026-04-17 20:50:29,164 : INFO : SwitchController : <<<<<<< 's_left_flipper_eos' inactive >>>>>>>
2026-04-17 20:50:29,234 : INFO : SwitchController : <<<<<<< 's_left_flipper' inactive >>>>>>>
2026-04-17 20:50:29,278 : INFO : SwitchController : <<<<<<< 's_left_flipper_eos' active >>>>>>>
2026-04-17 20:50:29,817 : INFO : SwitchController : <<<<<<< 's_left_flipper' active >>>>>>>
2026-04-17 20:50:29,840 : INFO : SwitchController : <<<<<<< 's_left_flipper_eos' inactive >>>>>>>
2026-04-17 20:50:29,926 : INFO : SwitchController : <<<<<<< 's_left_flipper' inactive >>>>>>>
2026-04-17 20:50:29,971 : INFO : SwitchController : <<<<<<< 's_left_flipper_eos' active >>>>>>>
2026-04-17 20:50:31,355 : INFO : SwitchController : <<<<<<< 's_left_flipper' active >>>>>>>
2026-04-17 20:50:31,378 : INFO : SwitchController : <<<<<<< 's_left_flipper_eos' inactive >>>>>>>
2026-04-17 20:50:31,401 : INFO : SwitchController : <<<<<<< 's_left_flipper' inactive >>>>>>>
2026-04-17 20:50:31,446 : INFO : SwitchController : <<<<<<< 's_left_flipper_eos' active >>>>>>>
2026-04-17 20:50:31,708 : INFO : SwitchController : <<<<<<< 's_left_flipper' active >>>>>>>
2026-04-17 20:50:31,731 : INFO : SwitchController : <<<<<<< 's_left_flipper_eos' inactive >>>>>>>
2026-04-17 20:50:31,787 : INFO : SwitchController : <<<<<<< 's_left_flipper' inactive >>>>>>>
2026-04-17 20:50:31,832 : INFO : SwitchController : <<<<<<< 's_left_flipper_eos' active >>>>>>>
2026-04-17 20:50:31,917 : INFO : SwitchController : <<<<<<< 's_left_flipper' active >>>>>>>
2026-04-17 20:50:31,939 : INFO : SwitchController : <<<<<<< 's_left_flipper_eos' inactive >>>>>>>
2026-04-17 20:50:31,982 : INFO : SwitchController : <<<<<<< 's_right_flipper_eos' active >>>>>>>
2026-04-17 20:50:31,995 : INFO : SwitchController : <<<<<<< 's_left_flipper' inactive >>>>>>>
2026-04-17 20:50:32,040 : INFO : SwitchController : <<<<<<< 's_left_flipper_eos' active >>>>>>>
2026-04-17 20:50:32,997 : INFO : SwitchController : <<<<<<< 's_start_button' active >>>>>>>
2026-04-17 20:50:32,997 : INFO : EventManager : Event: ======'playfield_active'====== Args={'source': 'ac_ball_trough'}
2026-04-17 20:50:32,997 : INFO : EventManager : Event: ======'unexpected_ball_on_playfield'====== Args={}
2026-04-17 20:50:32,997 : INFO : EventManager : Event: ======'playfield_active'====== Args={'source': 'ac_goal'}
2026-04-17 20:50:32,997 : INFO : EventManager : Event: ======'unexpected_ball_on_playfield'====== Args={}
2026-04-17 20:50:32,997 : INFO : EventManager : Event: ======'playfield_active'====== Args={'source': 'ac_auto_plunger'}
2026-04-17 20:50:32,997 : INFO : EventManager : Event: ======'unexpected_ball_on_playfield'====== Args={}
2026-04-17 20:50:33,023 : INFO : SwitchController : <<<<<<< 's_right_flipper_eos' inactive >>>>>>>
2026-04-17 20:50:33,061 : INFO : SwitchController : <<<<<<< 's_right_flipper_eos' active >>>>>>>
2026-04-17 20:50:33,077 : INFO : SwitchController : <<<<<<< 's_right_flipper_eos' inactive >>>>>>>
2026-04-17 20:50:33,134 : INFO : SwitchController : <<<<<<< 's_start_button' inactive >>>>>>>
2026-04-17 20:50:47,556 : INFO : SwitchController : <<<<<<< 's_right_flipper' active >>>>>>>
2026-04-17 20:50:47,665 : INFO : SwitchController : <<<<<<< 's_left_flipper' active >>>>>>>
2026-04-17 20:50:47,683 : INFO : SwitchController : <<<<<<< 's_right_flipper' inactive >>>>>>>
2026-04-17 20:50:47,724 : INFO : SwitchController : <<<<<<< 's_left_flipper_eos' inactive >>>>>>>
2026-04-17 20:50:47,784 : INFO : SwitchController : <<<<<<< 's_left_flipper' inactive >>>>>>>
2026-04-17 20:50:47,825 : INFO : SwitchController : <<<<<<< 's_left_flipper_eos' active >>>>>>>
2026-04-17 20:50:49,725 : INFO : SwitchController : <<<<<<< 's_start_button' active >>>>>>>
2026-04-17 20:50:49,726 : INFO : EventManager : Event: ======'playfield_active'====== Args={'source': 'ac_ball_trough'}
2026-04-17 20:50:49,726 : INFO : EventManager : Event: ======'unexpected_ball_on_playfield'====== Args={}
2026-04-17 20:50:49,726 : INFO : EventManager : Event: ======'playfield_active'====== Args={'source': 'ac_goal'}
2026-04-17 20:50:49,726 : INFO : EventManager : Event: ======'unexpected_ball_on_playfield'====== Args={}
2026-04-17 20:50:49,726 : INFO : EventManager : Event: ======'playfield_active'====== Args={'source': 'ac_auto_plunger'}
2026-04-17 20:50:49,726 : INFO : EventManager : Event: ======'unexpected_ball_on_playfield'====== Args={}
2026-04-17 20:50:49,900 : INFO : SwitchController : <<<<<<< 's_start_button' inactive >>>>>>>
2026-04-17 20:51:00,257 : INFO : SwitchController : <<<<<<< 's_left_flipper' active >>>>>>>
2026-04-17 20:51:00,281 : INFO : SwitchController : <<<<<<< 's_left_flipper_eos' inactive >>>>>>>
2026-04-17 20:51:00,374 : INFO : SwitchController : <<<<<<< 's_left_flipper' inactive >>>>>>>
2026-04-17 20:51:00,419 : INFO : SwitchController : <<<<<<< 's_left_flipper_eos' active >>>>>>>
2026-04-17 20:51:01,874 : INFO : SwitchController : <<<<<<< 's_right_flipper' active >>>>>>>
2026-04-17 20:51:02,013 : INFO : SwitchController : <<<<<<< 's_right_flipper' inactive >>>>>>>
2026-04-17 20:51:02,062 : INFO : SwitchController : <<<<<<< 's_right_flipper_eos' active >>>>>>>
2026-04-17 20:51:02,082 : INFO : SwitchController : <<<<<<< 's_right_flipper_eos' inactive >>>>>>>
2026-04-17 20:51:02,098 : INFO : SwitchController : <<<<<<< 's_right_flipper_eos' active >>>>>>>
2026-04-17 20:51:02,982 : INFO : SwitchController : <<<<<<< 's_left_flipper' active >>>>>>>
2026-04-17 20:51:03,008 : INFO : SwitchController : <<<<<<< 's_right_flipper_eos' inactive >>>>>>>
2026-04-17 20:51:03,011 : INFO : SwitchController : <<<<<<< 's_left_flipper_eos' inactive >>>>>>>
2026-04-17 20:51:03,151 : INFO : SwitchController : <<<<<<< 's_left_flipper' inactive >>>>>>>
2026-04-17 20:51:03,197 : INFO : SwitchController : <<<<<<< 's_left_flipper_eos' active >>>>>>>
2026-04-17 20:51:08,559 : INFO : SwitchController : <<<<<<< 's_right_flipper' active >>>>>>>
2026-04-17 20:51:08,697 : INFO : SwitchController : <<<<<<< 's_right_flipper' inactive >>>>>>>
2026-04-17 20:51:08,749 : INFO : SwitchController : <<<<<<< 's_right_flipper_eos' active >>>>>>>
2026-04-17 20:51:11,274 : INFO : SwitchController : <<<<<<< 's_left_flipper' active >>>>>>>
2026-04-17 20:51:11,297 : INFO : SwitchController : <<<<<<< 's_left_flipper_eos' inactive >>>>>>>
2026-04-17 20:51:11,301 : INFO : SwitchController : <<<<<<< 's_right_flipper_eos' inactive >>>>>>>
2026-04-17 20:51:11,313 : INFO : SwitchController : <<<<<<< 's_right_flipper_eos' active >>>>>>>
2026-04-17 20:51:11,422 : INFO : SwitchController : <<<<<<< 's_left_flipper' inactive >>>>>>>
2026-04-17 20:51:11,464 : INFO : SwitchController : <<<<<<< 's_left_flipper_eos' active >>>>>>>
2026-04-17 20:51:12,811 : INFO : SwitchController : <<<<<<< 's_left_flipper' active >>>>>>>
2026-04-17 20:51:12,834 : INFO : SwitchController : <<<<<<< 's_left_flipper_eos' inactive >>>>>>>
2026-04-17 20:51:12,842 : INFO : SwitchController : <<<<<<< 's_right_flipper_eos' inactive >>>>>>>
2026-04-17 20:51:12,848 : INFO : SwitchController : <<<<<<< 's_right_flipper_eos' active >>>>>>>
2026-04-17 20:51:13,006 : INFO : SwitchController : <<<<<<< 's_left_flipper' inactive >>>>>>>
2026-04-17 20:51:13,053 : INFO : SwitchController : <<<<<<< 's_left_flipper_eos' active >>>>>>>
2026-04-17 20:51:14,365 : INFO : SwitchController : <<<<<<< 's_right_flipper' active >>>>>>>
2026-04-17 20:51:14,394 : INFO : SwitchController : <<<<<<< 's_right_flipper_eos' inactive >>>>>>>
2026-04-17 20:51:14,522 : INFO : SwitchController : <<<<<<< 's_right_flipper' inactive >>>>>>>
2026-04-17 20:51:17,589 : INFO : SwitchController : <<<<<<< 's_right_flipper' active >>>>>>>
2026-04-17 20:51:17,775 : INFO : SwitchController : <<<<<<< 's_right_flipper' inactive >>>>>>>
2026-04-17 20:51:19,962 : INFO : SwitchController : <<<<<<< 's_left_flipper' active >>>>>>>
2026-04-17 20:51:19,984 : INFO : SwitchController : <<<<<<< 's_left_flipper_eos' inactive >>>>>>>
2026-04-17 20:51:20,064 : INFO : SwitchController : <<<<<<< 's_left_flipper' inactive >>>>>>>
2026-04-17 20:51:20,108 : INFO : SwitchController : <<<<<<< 's_left_flipper_eos' active >>>>>>>
2026-04-17 20:51:20,542 : INFO : SwitchController : <<<<<<< 's_right_flipper' active >>>>>>>
2026-04-17 20:51:20,712 : INFO : SwitchController : <<<<<<< 's_right_flipper' inactive >>>>>>>
2026-04-17 20:51:21,648 : INFO : SwitchController : <<<<<<< 's_right_flipper' active >>>>>>>
2026-04-17 20:51:21,738 : INFO : SwitchController : <<<<<<< 's_right_flipper' inactive >>>>>>>
2026-04-17 20:51:26,398 : INFO : SwitchController : <<<<<<< 's_right_flipper' active >>>>>>>
2026-04-17 20:51:26,631 : INFO : SwitchController : <<<<<<< 's_right_flipper' inactive >>>>>>>
2026-04-17 20:51:30,544 : INFO : SwitchController : <<<<<<< 's_start_button' active >>>>>>>
2026-04-17 20:51:30,544 : INFO : EventManager : Event: ======'playfield_active'====== Args={'source': 'ac_ball_trough'}
2026-04-17 20:51:30,544 : INFO : EventManager : Event: ======'unexpected_ball_on_playfield'====== Args={}
2026-04-17 20:51:30,544 : INFO : EventManager : Event: ======'playfield_active'====== Args={'source': 'ac_goal'}
2026-04-17 20:51:30,545 : INFO : EventManager : Event: ======'unexpected_ball_on_playfield'====== Args={}
2026-04-17 20:51:30,545 : INFO : EventManager : Event: ======'playfield_active'====== Args={'source': 'ac_auto_plunger'}
2026-04-17 20:51:30,545 : INFO : EventManager : Event: ======'unexpected_ball_on_playfield'====== Args={}
2026-04-17 20:51:30,725 : INFO : SwitchController : <<<<<<< 's_start_button' inactive >>>>>>>
2026-04-17 20:51:35,266 : INFO : SwitchController : <<<<<<< 's_right_flipper' active >>>>>>>
2026-04-17 20:51:35,408 : INFO : SwitchController : <<<<<<< 's_right_flipper' inactive >>>>>>>
2026-04-17 20:51:36,378 : INFO : SwitchController : <<<<<<< 's_left_flipper' active >>>>>>>
2026-04-17 20:51:36,401 : INFO : SwitchController : <<<<<<< 's_left_flipper_eos' inactive >>>>>>>
2026-04-17 20:51:36,719 : INFO : SwitchController : <<<<<<< 's_left_flipper' inactive >>>>>>>
2026-04-17 20:51:36,765 : INFO : SwitchController : <<<<<<< 's_left_flipper_eos' active >>>>>>>
2026-04-17 20:51:37,176 : INFO : SwitchController : <<<<<<< 's_right_flipper' active >>>>>>>
2026-04-17 20:51:37,326 : INFO : SwitchController : <<<<<<< 's_right_flipper' inactive >>>>>>>
2026-04-17 20:51:37,373 : INFO : SwitchController : <<<<<<< 's_right_flipper_eos' active >>>>>>>
2026-04-17 20:51:39,645 : INFO : SwitchController : <<<<<<< 's_left_flipper' active >>>>>>>
2026-04-17 20:51:39,669 : INFO : SwitchController : <<<<<<< 's_left_flipper_eos' inactive >>>>>>>
2026-04-17 20:51:39,677 : INFO : SwitchController : <<<<<<< 's_right_flipper_eos' inactive >>>>>>>
2026-04-17 20:51:39,689 : INFO : SwitchController : <<<<<<< 's_right_flipper_eos' active >>>>>>>
2026-04-17 20:51:39,765 : INFO : SwitchController : <<<<<<< 's_left_flipper' inactive >>>>>>>
2026-04-17 20:51:39,811 : INFO : SwitchController : <<<<<<< 's_left_flipper_eos' active >>>>>>>
2026-04-17 20:51:45,673 : INFO : SwitchController : <<<<<<< 's_right_flipper' active >>>>>>>
2026-04-17 20:51:45,703 : INFO : SwitchController : <<<<<<< 's_right_flipper_eos' inactive >>>>>>>
2026-04-17 20:51:45,834 : INFO : SwitchController : <<<<<<< 's_right_flipper' inactive >>>>>>>
2026-04-17 20:51:47,753 : INFO : SwitchController : <<<<<<< 's_right_flipper' active >>>>>>>
2026-04-17 20:51:47,914 : INFO : SwitchController : <<<<<<< 's_right_flipper' inactive >>>>>>>
2026-04-17 20:51:47,951 : INFO : SwitchController : <<<<<<< 's_left_flipper' active >>>>>>>
2026-04-17 20:51:47,985 : INFO : SwitchController : <<<<<<< 's_left_flipper_eos' inactive >>>>>>>
2026-04-17 20:51:48,077 : INFO : SwitchController : <<<<<<< 's_left_flipper' inactive >>>>>>>
2026-04-17 20:51:48,122 : INFO : SwitchController : <<<<<<< 's_left_flipper_eos' active >>>>>>>
2026-04-17 20:51:49,297 : INFO : SwitchController : <<<<<<< 's_left_flipper' active >>>>>>>
2026-04-17 20:51:49,319 : INFO : SwitchController : <<<<<<< 's_left_flipper_eos' inactive >>>>>>>
2026-04-17 20:51:49,436 : INFO : SwitchController : <<<<<<< 's_left_flipper' inactive >>>>>>>
2026-04-17 20:51:49,482 : INFO : SwitchController : <<<<<<< 's_left_flipper_eos' active >>>>>>>
2026-04-17 20:51:50,505 : INFO : SwitchController : <<<<<<< 's_right_flipper' active >>>>>>>
2026-04-17 20:51:50,679 : INFO : SwitchController : <<<<<<< 's_right_flipper' inactive >>>>>>>
2026-04-17 20:51:51,840 : INFO : SwitchController : <<<<<<< 's_right_flipper' active >>>>>>>
2026-04-17 20:51:52,034 : INFO : SwitchController : <<<<<<< 's_right_flipper' inactive >>>>>>>
2026-04-17 20:51:53,437 : INFO : SwitchController : <<<<<<< 's_left_flipper' active >>>>>>>
2026-04-17 20:51:53,461 : INFO : SwitchController : <<<<<<< 's_left_flipper_eos' inactive >>>>>>>
2026-04-17 20:51:53,594 : INFO : SwitchController : <<<<<<< 's_left_flipper' inactive >>>>>>>
2026-04-17 20:51:53,641 : INFO : SwitchController : <<<<<<< 's_left_flipper_eos' active >>>>>>>
2026-04-17 20:51:55,097 : INFO : SwitchController : <<<<<<< 's_left_flipper' active >>>>>>>
2026-04-17 20:51:55,134 : INFO : SwitchController : <<<<<<< 's_left_flipper_eos' inactive >>>>>>>
2026-04-17 20:51:55,219 : INFO : SwitchController : <<<<<<< 's_left_flipper' inactive >>>>>>>
2026-04-17 20:51:55,260 : INFO : SwitchController : <<<<<<< 's_left_flipper_eos' active >>>>>>>
2026-04-17 20:51:57,585 : INFO : SwitchController : <<<<<<< 's_left_flipper' active >>>>>>>
2026-04-17 20:51:57,612 : INFO : SwitchController : <<<<<<< 's_left_flipper_eos' inactive >>>>>>>
2026-04-17 20:51:57,737 : INFO : SwitchController : <<<<<<< 's_left_flipper' inactive >>>>>>>
2026-04-17 20:51:57,783 : INFO : SwitchController : <<<<<<< 's_left_flipper_eos' active >>>>>>>
2026-04-17 20:51:59,779 : INFO : SwitchController : <<<<<<< 's_left_flipper' active >>>>>>>
2026-04-17 20:51:59,801 : INFO : SwitchController : <<<<<<< 's_left_flipper_eos' inactive >>>>>>>
2026-04-17 20:51:59,941 : INFO : SwitchController : <<<<<<< 's_left_flipper' inactive >>>>>>>
2026-04-17 20:51:59,983 : INFO : SwitchController : <<<<<<< 's_left_flipper_eos' active >>>>>>>
2026-04-17 20:52:04,329 : INFO : SwitchController : <<<<<<< 's_right_flipper' active >>>>>>>
2026-04-17 20:52:04,481 : INFO : SwitchController : <<<<<<< 's_right_flipper' inactive >>>>>>>
2026-04-17 20:52:04,766 : INFO : SwitchController : <<<<<<< 's_right_flipper' active >>>>>>>
2026-04-17 20:52:04,919 : INFO : SwitchController : <<<<<<< 's_right_flipper' inactive >>>>>>>
2026-04-17 20:52:05,266 : INFO : SwitchController : <<<<<<< 's_right_flipper' active >>>>>>>
2026-04-17 20:52:05,427 : INFO : SwitchController : <<<<<<< 's_right_flipper' inactive >>>>>>>
2026-04-17 20:52:07,588 : INFO : SwitchController : <<<<<<< 's_left_flipper' active >>>>>>>
2026-04-17 20:52:07,630 : INFO : SwitchController : <<<<<<< 's_left_flipper_eos' inactive >>>>>>>
2026-04-17 20:52:07,712 : INFO : SwitchController : <<<<<<< 's_left_flipper' inactive >>>>>>>
2026-04-17 20:52:07,753 : INFO : SwitchController : <<<<<<< 's_left_flipper_eos' active >>>>>>>
2026-04-17 20:52:10,039 : INFO : SwitchController : <<<<<<< 's_right_flipper' active >>>>>>>
2026-04-17 20:52:10,187 : INFO : SwitchController : <<<<<<< 's_right_flipper' inactive >>>>>>>
2026-04-17 20:52:11,062 : INFO : SwitchController : <<<<<<< 's_right_flipper' active >>>>>>>
2026-04-17 20:52:11,219 : INFO : SwitchController : <<<<<<< 's_right_flipper' inactive >>>>>>>
2026-04-17 20:52:11,270 : INFO : SwitchController : <<<<<<< 's_right_flipper_eos' active >>>>>>>
2026-04-17 20:52:12,974 : INFO : SwitchController : <<<<<<< 's_left_flipper' active >>>>>>>
2026-04-17 20:52:12,997 : INFO : SwitchController : <<<<<<< 's_left_flipper_eos' inactive >>>>>>>
2026-04-17 20:52:13,002 : INFO : SwitchController : <<<<<<< 's_right_flipper_eos' inactive >>>>>>>
2026-04-17 20:52:13,021 : INFO : SwitchController : <<<<<<< 's_right_flipper_eos' active >>>>>>>
2026-04-17 20:52:13,088 : INFO : SwitchController : <<<<<<< 's_left_flipper' inactive >>>>>>>
2026-04-17 20:52:13,133 : INFO : SwitchController : <<<<<<< 's_left_flipper_eos' active >>>>>>>
2026-04-17 20:52:14,423 : INFO : SwitchController : <<<<<<< 's_left_flipper' active >>>>>>>
2026-04-17 20:52:14,447 : INFO : SwitchController : <<<<<<< 's_left_flipper_eos' inactive >>>>>>>
2026-04-17 20:52:14,451 : INFO : SwitchController : <<<<<<< 's_right_flipper_eos' inactive >>>>>>>
2026-04-17 20:52:14,518 : INFO : SwitchController : <<<<<<< 's_left_flipper' inactive >>>>>>>
2026-04-17 20:52:14,562 : INFO : SwitchController : <<<<<<< 's_left_flipper_eos' active >>>>>>>
2026-04-17 20:52:15,711 : INFO : SwitchController : <<<<<<< 's_left_flipper' active >>>>>>>
2026-04-17 20:52:15,733 : INFO : SwitchController : <<<<<<< 's_left_flipper_eos' inactive >>>>>>>
2026-04-17 20:52:15,840 : INFO : SwitchController : <<<<<<< 's_left_flipper' inactive >>>>>>>
2026-04-17 20:52:15,881 : INFO : SwitchController : <<<<<<< 's_left_flipper_eos' active >>>>>>>
2026-04-17 20:52:16,821 : INFO : SwitchController : <<<<<<< 's_right_flipper' active >>>>>>>
2026-04-17 20:52:16,995 : INFO : SwitchController : <<<<<<< 's_right_flipper' inactive >>>>>>>
2026-04-17 20:52:18,006 : INFO : SwitchController : <<<<<<< 's_right_flipper' active >>>>>>>
2026-04-17 20:52:18,142 : INFO : SwitchController : <<<<<<< 's_right_flipper' inactive >>>>>>>
2026-04-17 20:52:19,151 : INFO : SwitchController : <<<<<<< 's_right_flipper' active >>>>>>>
2026-04-17 20:52:19,292 : INFO : SwitchController : <<<<<<< 's_right_flipper' inactive >>>>>>>
2026-04-17 20:53:27,490 : INFO : SwitchController : <<<<<<< 's_start_button' active >>>>>>>
2026-04-17 20:53:27,491 : INFO : EventManager : Event: ======'playfield_active'====== Args={'source': 'ac_ball_trough'}
2026-04-17 20:53:27,491 : INFO : EventManager : Event: ======'unexpected_ball_on_playfield'====== Args={}
2026-04-17 20:53:27,491 : INFO : EventManager : Event: ======'playfield_active'====== Args={'source': 'ac_goal'}
2026-04-17 20:53:27,491 : INFO : EventManager : Event: ======'unexpected_ball_on_playfield'====== Args={}
2026-04-17 20:53:27,491 : INFO : EventManager : Event: ======'playfield_active'====== Args={'source': 'ac_auto_plunger'}
2026-04-17 20:53:27,491 : INFO : EventManager : Event: ======'unexpected_ball_on_playfield'====== Args={}
2026-04-17 20:53:27,601 : INFO : SwitchController : <<<<<<< 's_start_button' inactive >>>>>>>
2026-04-17 20:53:31,767 : INFO : SwitchController : <<<<<<< 's_right_flipper' active >>>>>>>
2026-04-17 20:53:31,906 : INFO : SwitchController : <<<<<<< 's_right_flipper' inactive >>>>>>>
2026-04-17 20:53:35,127 : INFO : SwitchController : <<<<<<< 's_left_flipper' active >>>>>>>
2026-04-17 20:53:35,150 : INFO : SwitchController : <<<<<<< 's_left_flipper_eos' inactive >>>>>>>
2026-04-17 20:53:35,175 : INFO : SwitchController : <<<<<<< 's_left_flipper' inactive >>>>>>>
2026-04-17 20:53:35,218 : INFO : SwitchController : <<<<<<< 's_left_flipper_eos' active >>>>>>>
2026-04-17 20:53:36,444 : INFO : SwitchController : <<<<<<< 's_right_flipper' active >>>>>>>
2026-04-17 20:53:36,600 : INFO : SwitchController : <<<<<<< 's_right_flipper' inactive >>>>>>>
2026-04-17 20:53:42,536 : INFO : SwitchController : <<<<<<< 's_right_flipper' active >>>>>>>
2026-04-17 20:53:42,672 : INFO : SwitchController : <<<<<<< 's_right_flipper' inactive >>>>>>>
2026-04-17 20:53:42,728 : INFO : SwitchController : <<<<<<< 's_right_flipper_eos' active >>>>>>>
2026-04-17 20:53:42,746 : INFO : SwitchController : <<<<<<< 's_right_flipper_eos' inactive >>>>>>>
2026-04-17 20:53:42,761 : INFO : SwitchController : <<<<<<< 's_right_flipper_eos' active >>>>>>>
2026-04-17 20:53:44,581 : INFO : SwitchController : <<<<<<< 's_left_flipper' active >>>>>>>
2026-04-17 20:53:44,611 : INFO : SwitchController : <<<<<<< 's_left_flipper_eos' inactive >>>>>>>
2026-04-17 20:53:44,617 : INFO : SwitchController : <<<<<<< 's_right_flipper_eos' inactive >>>>>>>
2026-04-17 20:53:44,626 : INFO : SwitchController : <<<<<<< 's_right_flipper_eos' active >>>>>>>
2026-04-17 20:53:44,668 : INFO : SwitchController : <<<<<<< 's_left_flipper' inactive >>>>>>>
2026-04-17 20:53:44,713 : INFO : SwitchController : <<<<<<< 's_left_flipper_eos' active >>>>>>>
2026-04-17 20:54:07,591 : INFO : SwitchController : <<<<<<< 's_right_flipper' active >>>>>>>
2026-04-17 20:54:07,625 : INFO : SwitchController : <<<<<<< 's_right_flipper_eos' inactive >>>>>>>
2026-04-17 20:54:07,718 : INFO : SwitchController : <<<<<<< 's_right_flipper' inactive >>>>>>>
2026-04-17 20:54:07,772 : INFO : SwitchController : <<<<<<< 's_right_flipper_eos' active >>>>>>>
2026-04-17 20:54:09,719 : INFO : SwitchController : <<<<<<< 's_left_flipper' active >>>>>>>
2026-04-17 20:54:09,741 : INFO : SwitchController : <<<<<<< 's_left_flipper_eos' inactive >>>>>>>
2026-04-17 20:54:09,749 : INFO : SwitchController : <<<<<<< 's_right_flipper_eos' inactive >>>>>>>
2026-04-17 20:54:09,762 : INFO : SwitchController : <<<<<<< 's_right_flipper_eos' active >>>>>>>
2026-04-17 20:54:09,797 : INFO : SwitchController : <<<<<<< 's_left_flipper' inactive >>>>>>>
2026-04-17 20:54:09,842 : INFO : SwitchController : <<<<<<< 's_left_flipper_eos' active >>>>>>>
2026-04-17 20:54:13,476 : INFO : SwitchController : <<<<<<< 's_right_flipper' active >>>>>>>
2026-04-17 20:54:13,499 : INFO : SwitchController : <<<<<<< 's_right_flipper_eos' inactive >>>>>>>
2026-04-17 20:54:13,614 : INFO : SwitchController : <<<<<<< 's_left_flipper' active >>>>>>>
2026-04-17 20:54:13,645 : INFO : SwitchController : <<<<<<< 's_right_flipper' inactive >>>>>>>
2026-04-17 20:54:13,690 : INFO : SwitchController : <<<<<<< 's_left_flipper_eos' inactive >>>>>>>
2026-04-17 20:54:13,811 : INFO : SwitchController : <<<<<<< 's_left_flipper' inactive >>>>>>>
2026-04-17 20:54:13,855 : INFO : SwitchController : <<<<<<< 's_left_flipper_eos' active >>>>>>>
2026-04-17 20:54:14,550 : INFO : SwitchController : <<<<<<< 's_right_flipper' active >>>>>>>
2026-04-17 20:54:14,728 : INFO : SwitchController : <<<<<<< 's_right_flipper' inactive >>>>>>>
2026-04-17 20:54:15,057 : INFO : SwitchController : <<<<<<< 's_goal_left' inactive >>>>>>>
2026-04-17 20:54:17,667 : INFO : SwitchController : <<<<<<< 's_right_flipper' active >>>>>>>
2026-04-17 20:54:17,819 : INFO : SwitchController : <<<<<<< 's_right_flipper' inactive >>>>>>>
2026-04-17 20:54:19,778 : INFO : SwitchController : <<<<<<< 's_left_flipper' active >>>>>>>
2026-04-17 20:54:19,807 : INFO : SwitchController : <<<<<<< 's_left_flipper_eos' inactive >>>>>>>
2026-04-17 20:54:19,903 : INFO : SwitchController : <<<<<<< 's_left_flipper' inactive >>>>>>>
2026-04-17 20:54:19,947 : INFO : SwitchController : <<<<<<< 's_left_flipper_eos' active >>>>>>>
2026-04-17 20:54:21,636 : INFO : SwitchController : <<<<<<< 's_left_flipper' active >>>>>>>
2026-04-17 20:54:21,659 : INFO : SwitchController : <<<<<<< 's_left_flipper_eos' inactive >>>>>>>
2026-04-17 20:54:21,755 : INFO : SwitchController : <<<<<<< 's_left_flipper' inactive >>>>>>>
2026-04-17 20:54:21,797 : INFO : SwitchController : <<<<<<< 's_left_flipper_eos' active >>>>>>>
2026-04-17 20:54:22,973 : INFO : SwitchController : <<<<<<< 's_left_flipper' active >>>>>>>
2026-04-17 20:54:23,003 : INFO : SwitchController : <<<<<<< 's_left_flipper_eos' inactive >>>>>>>
2026-04-17 20:54:23,099 : INFO : SwitchController : <<<<<<< 's_left_flipper' inactive >>>>>>>
2026-04-17 20:54:23,141 : INFO : SwitchController : <<<<<<< 's_left_flipper_eos' active >>>>>>>
2026-04-17 20:54:27,521 : INFO : SwitchController : <<<<<<< 's_right_flipper' active >>>>>>>
2026-04-17 20:54:27,671 : INFO : SwitchController : <<<<<<< 's_right_flipper' inactive >>>>>>>
2026-04-17 20:54:28,132 : INFO : SwitchController : <<<<<<< 's_goal_center' inactive >>>>>>>
2026-04-17 20:54:29,173 : INFO : SwitchController : <<<<<<< 's_right_flipper' active >>>>>>>
2026-04-17 20:54:29,480 : INFO : SwitchController : <<<<<<< 's_right_flipper' inactive >>>>>>>
2026-04-17 20:54:29,538 : INFO : SwitchController : <<<<<<< 's_right_flipper_eos' active >>>>>>>
2026-04-17 20:54:29,556 : INFO : SwitchController : <<<<<<< 's_right_flipper_eos' inactive >>>>>>>
2026-04-17 20:54:30,807 : INFO : SwitchController : <<<<<<< 's_left_flipper' active >>>>>>>
2026-04-17 20:54:30,829 : INFO : SwitchController : <<<<<<< 's_left_flipper_eos' inactive >>>>>>>
2026-04-17 20:54:30,848 : INFO : SwitchController : <<<<<<< 's_right_flipper_eos' active >>>>>>>
2026-04-17 20:54:30,917 : INFO : SwitchController : <<<<<<< 's_left_flipper' inactive >>>>>>>
2026-04-17 20:54:30,960 : INFO : SwitchController : <<<<<<< 's_left_flipper_eos' active >>>>>>>
2026-04-17 20:54:31,464 : INFO : SwitchController : <<<<<<< 's_goal_right' inactive >>>>>>>
2026-04-17 20:54:34,179 : INFO : SwitchController : <<<<<<< 's_start_button' active >>>>>>>
2026-04-17 20:54:34,179 : INFO : EventManager : Event: ======'playfield_active'====== Args={'source': 'ac_ball_trough'}
2026-04-17 20:54:34,179 : INFO : EventManager : Event: ======'unexpected_ball_on_playfield'====== Args={}
2026-04-17 20:54:34,180 : INFO : EventManager : Event: ======'playfield_active'====== Args={'source': 'ac_goal'}
2026-04-17 20:54:34,180 : INFO : EventManager : Event: ======'unexpected_ball_on_playfield'====== Args={}
2026-04-17 20:54:34,180 : INFO : EventManager : Event: ======'playfield_active'====== Args={'source': 'ac_auto_plunger'}
2026-04-17 20:54:34,180 : INFO : EventManager : Event: ======'unexpected_ball_on_playfield'====== Args={}
2026-04-17 20:54:34,202 : INFO : SwitchController : <<<<<<< 's_goal_right' active >>>>>>>
2026-04-17 20:54:34,202 : INFO : SwitchController : <<<<<<< 's_goal_center' active >>>>>>>
2026-04-17 20:54:34,202 : INFO : SwitchController : <<<<<<< 's_goal_left' active >>>>>>>
2026-04-17 20:54:34,208 : INFO : SwitchController : <<<<<<< 's_right_flipper_eos' inactive >>>>>>>
2026-04-17 20:54:34,312 : INFO : SwitchController : <<<<<<< 's_start_button' inactive >>>>>>>
2026-04-17 20:54:35,823 : INFO : SwitchController : <<<<<<< 's_right_flipper' active >>>>>>>
2026-04-17 20:54:36,003 : INFO : SwitchController : <<<<<<< 's_right_flipper' inactive >>>>>>>
2026-04-17 20:54:41,586 : INFO : SwitchController : <<<<<<< 's_start_button' active >>>>>>>
2026-04-17 20:54:41,586 : INFO : EventManager : Event: ======'playfield_active'====== Args={'source': 'ac_ball_trough'}
2026-04-17 20:54:41,586 : INFO : EventManager : Event: ======'unexpected_ball_on_playfield'====== Args={}
2026-04-17 20:54:41,586 : INFO : EventManager : Event: ======'playfield_active'====== Args={'source': 'ac_goal'}
2026-04-17 20:54:41,586 : INFO : EventManager : Event: ======'unexpected_ball_on_playfield'====== Args={}
2026-04-17 20:54:41,586 : INFO : EventManager : Event: ======'playfield_active'====== Args={'source': 'ac_auto_plunger'}
2026-04-17 20:54:41,586 : INFO : EventManager : Event: ======'unexpected_ball_on_playfield'====== Args={}
2026-04-17 20:54:41,711 : INFO : SwitchController : <<<<<<< 's_start_button' inactive >>>>>>>
2026-04-17 20:54:45,600 : INFO : SwitchController : <<<<<<< 's_right_flipper' active >>>>>>>
2026-04-17 20:54:45,729 : INFO : SwitchController : <<<<<<< 's_right_flipper' inactive >>>>>>>
2026-04-17 20:54:48,488 : INFO : SwitchController : <<<<<<< 's_right_flipper' active >>>>>>>
2026-04-17 20:54:48,614 : INFO : SwitchController : <<<<<<< 's_right_flipper' inactive >>>>>>>
2026-04-17 20:54:51,553 : INFO : SwitchController : <<<<<<< 's_left_slingshot' active >>>>>>>
2026-04-17 20:54:51,554 : INFO : EventManager : Event: ======'playfield_active'====== Args={'source': 'ac_left_slingshot'}
2026-04-17 20:54:51,554 : INFO : EventManager : Event: ======'unexpected_ball_on_playfield'====== Args={}
2026-04-17 20:54:51,568 : INFO : SwitchController : <<<<<<< 's_left_slingshot' inactive >>>>>>>
2026-04-17 20:54:52,779 : INFO : SwitchController : <<<<<<< 's_left_slingshot' active >>>>>>>
2026-04-17 20:54:52,779 : INFO : EventManager : Event: ======'playfield_active'====== Args={'source': 'ac_left_slingshot'}
2026-04-17 20:54:52,779 : INFO : EventManager : Event: ======'unexpected_ball_on_playfield'====== Args={}
2026-04-17 20:54:52,787 : INFO : SwitchController : <<<<<<< 's_left_slingshot' inactive >>>>>>>
2026-04-17 20:54:54,751 : INFO : SwitchController : <<<<<<< 's_right_slingshot' active >>>>>>>
2026-04-17 20:54:54,751 : INFO : EventManager : Event: ======'playfield_active'====== Args={'source': 'ac_right_slingshot'}
2026-04-17 20:54:54,751 : INFO : EventManager : Event: ======'unexpected_ball_on_playfield'====== Args={}
2026-04-17 20:54:54,759 : INFO : SwitchController : <<<<<<< 's_right_slingshot' inactive >>>>>>>
2026-04-17 20:54:54,923 : INFO : SwitchController : <<<<<<< 's_left_slingshot' active >>>>>>>
2026-04-17 20:54:54,924 : INFO : EventManager : Event: ======'playfield_active'====== Args={'source': 'ac_left_slingshot'}
2026-04-17 20:54:54,924 : INFO : EventManager : Event: ======'unexpected_ball_on_playfield'====== Args={}
2026-04-17 20:54:54,941 : INFO : SwitchController : <<<<<<< 's_left_slingshot' inactive >>>>>>>
2026-04-17 20:54:55,977 : INFO : SwitchController : <<<<<<< 's_left_slingshot' active >>>>>>>
2026-04-17 20:54:55,977 : INFO : EventManager : Event: ======'playfield_active'====== Args={'source': 'ac_left_slingshot'}
2026-04-17 20:54:55,977 : INFO : EventManager : Event: ======'unexpected_ball_on_playfield'====== Args={}
2026-04-17 20:54:55,983 : INFO : SwitchController : <<<<<<< 's_left_slingshot' inactive >>>>>>>
2026-04-17 20:54:56,013 : INFO : SwitchController : <<<<<<< 's_right_flipper_eos' active >>>>>>>
2026-04-17 20:54:59,594 : INFO : SwitchController : <<<<<<< 's_left_slingshot' active >>>>>>>
2026-04-17 20:54:59,595 : INFO : EventManager : Event: ======'playfield_active'====== Args={'source': 'ac_left_slingshot'}
2026-04-17 20:54:59,595 : INFO : EventManager : Event: ======'unexpected_ball_on_playfield'====== Args={}
2026-04-17 20:54:59,602 : INFO : SwitchController : <<<<<<< 's_left_slingshot' inactive >>>>>>>
2026-04-17 20:54:59,618 : INFO : SwitchController : <<<<<<< 's_right_flipper_eos' inactive >>>>>>>
2026-04-17 20:54:59,626 : INFO : SwitchController : <<<<<<< 's_right_flipper_eos' active >>>>>>>
2026-04-17 20:54:59,693 : INFO : SwitchController : <<<<<<< 's_right_slingshot' active >>>>>>>
2026-04-17 20:54:59,693 : INFO : EventManager : Event: ======'playfield_active'====== Args={'source': 'ac_right_slingshot'}
2026-04-17 20:54:59,693 : INFO : EventManager : Event: ======'unexpected_ball_on_playfield'====== Args={}
2026-04-17 20:54:59,707 : INFO : SwitchController : <<<<<<< 's_right_slingshot' inactive >>>>>>>
2026-04-17 20:54:59,715 : INFO : SwitchController : <<<<<<< 's_right_flipper_eos' inactive >>>>>>>
2026-04-17 20:54:59,733 : INFO : SwitchController : <<<<<<< 's_right_flipper_eos' active >>>>>>>
2026-04-17 20:54:59,764 : INFO : SwitchController : <<<<<<< 's_right_flipper_eos' inactive >>>>>>>
2026-04-17 20:54:59,773 : INFO : SwitchController : <<<<<<< 's_right_flipper_eos' active >>>>>>>
2026-04-17 20:54:59,778 : INFO : SwitchController : <<<<<<< 's_left_slingshot' active >>>>>>>
2026-04-17 20:54:59,778 : INFO : EventManager : Event: ======'playfield_active'====== Args={'source': 'ac_left_slingshot'}
2026-04-17 20:54:59,778 : INFO : EventManager : Event: ======'unexpected_ball_on_playfield'====== Args={}
2026-04-17 20:54:59,785 : INFO : SwitchController : <<<<<<< 's_left_slingshot' inactive >>>>>>>
2026-04-17 20:54:59,798 : INFO : SwitchController : <<<<<<< 's_right_flipper_eos' inactive >>>>>>>
2026-04-17 20:54:59,817 : INFO : SwitchController : <<<<<<< 's_right_flipper_eos' active >>>>>>>
2026-04-17 20:55:09,925 : INFO : SwitchController : <<<<<<< 's_right_slingshot' active >>>>>>>
2026-04-17 20:55:09,925 : INFO : EventManager : Event: ======'playfield_active'====== Args={'source': 'ac_right_slingshot'}
2026-04-17 20:55:09,926 : INFO : EventManager : Event: ======'unexpected_ball_on_playfield'====== Args={}
2026-04-17 20:55:09,934 : INFO : SwitchController : <<<<<<< 's_right_slingshot' inactive >>>>>>>
2026-04-17 20:55:09,943 : INFO : SwitchController : <<<<<<< 's_right_flipper_eos' inactive >>>>>>>
2026-04-17 20:55:09,964 : INFO : SwitchController : <<<<<<< 's_right_flipper_eos' active >>>>>>>
2026-04-17 20:55:09,997 : INFO : SwitchController : <<<<<<< 's_right_flipper_eos' inactive >>>>>>>
2026-04-17 20:55:10,009 : INFO : SwitchController : <<<<<<< 's_right_flipper_eos' active >>>>>>>
2026-04-17 20:55:10,081 : INFO : SwitchController : <<<<<<< 's_left_slingshot' active >>>>>>>
2026-04-17 20:55:10,082 : INFO : EventManager : Event: ======'playfield_active'====== Args={'source': 'ac_left_slingshot'}
2026-04-17 20:55:10,082 : INFO : EventManager : Event: ======'unexpected_ball_on_playfield'====== Args={}
2026-04-17 20:55:10,097 : INFO : SwitchController : <<<<<<< 's_left_slingshot' inactive >>>>>>>
2026-04-17 20:55:10,103 : INFO : SwitchController : <<<<<<< 's_right_flipper_eos' inactive >>>>>>>
2026-04-17 20:55:10,123 : INFO : SwitchController : <<<<<<< 's_right_flipper_eos' active >>>>>>>
2026-04-17 20:55:17,699 : INFO : SwitchController : <<<<<<< 's_left_slingshot' active >>>>>>>
2026-04-17 20:55:17,700 : INFO : EventManager : Event: ======'playfield_active'====== Args={'source': 'ac_left_slingshot'}
2026-04-17 20:55:17,700 : INFO : EventManager : Event: ======'unexpected_ball_on_playfield'====== Args={}
2026-04-17 20:55:17,707 : INFO : SwitchController : <<<<<<< 's_left_slingshot' inactive >>>>>>>
2026-04-17 20:55:17,723 : INFO : SwitchController : <<<<<<< 's_right_flipper_eos' inactive >>>>>>>
2026-04-17 20:55:17,737 : INFO : SwitchController : <<<<<<< 's_right_flipper_eos' active >>>>>>>
2026-04-17 20:55:19,380 : INFO : SwitchController : <<<<<<< 's_left_flipper' active >>>>>>>
2026-04-17 20:55:19,403 : INFO : SwitchController : <<<<<<< 's_left_flipper_eos' inactive >>>>>>>
2026-04-17 20:55:19,408 : INFO : SwitchController : <<<<<<< 's_right_flipper_eos' inactive >>>>>>>
2026-04-17 20:55:19,421 : INFO : SwitchController : <<<<<<< 's_right_flipper_eos' active >>>>>>>
2026-04-17 20:55:19,501 : INFO : SwitchController : <<<<<<< 's_left_flipper' inactive >>>>>>>
2026-04-17 20:55:19,543 : INFO : SwitchController : <<<<<<< 's_left_flipper_eos' active >>>>>>>
2026-04-17 20:55:20,875 : INFO : SwitchController : <<<<<<< 's_right_flipper' active >>>>>>>
2026-04-17 20:55:20,898 : INFO : SwitchController : <<<<<<< 's_right_flipper_eos' inactive >>>>>>>
2026-04-17 20:55:20,999 : INFO : SwitchController : <<<<<<< 's_right_flipper' inactive >>>>>>>
2026-04-17 20:55:24,171 : INFO : SwitchController : <<<<<<< 's_right_flipper' active >>>>>>>
2026-04-17 20:55:24,316 : INFO : SwitchController : <<<<<<< 's_right_flipper' inactive >>>>>>>
2026-04-17 20:55:24,487 : INFO : SwitchController : <<<<<<< 's_left_flipper' active >>>>>>>
2026-04-17 20:55:24,510 : INFO : SwitchController : <<<<<<< 's_left_flipper_eos' inactive >>>>>>>
2026-04-17 20:55:24,620 : INFO : SwitchController : <<<<<<< 's_left_flipper' inactive >>>>>>>
2026-04-17 20:55:24,665 : INFO : SwitchController : <<<<<<< 's_left_flipper_eos' active >>>>>>>
2026-04-17 20:55:28,095 : INFO : SwitchController : <<<<<<< 's_goal_center' inactive >>>>>>>
2026-04-17 20:55:28,114 : INFO : SwitchController : <<<<<<< 's_goal_right' inactive >>>>>>>
2026-04-17 20:55:32,817 : INFO : SwitchController : <<<<<<< 's_start_button' active >>>>>>>
2026-04-17 20:55:32,817 : INFO : EventManager : Event: ======'playfield_active'====== Args={'source': 'ac_ball_trough'}
2026-04-17 20:55:32,817 : INFO : EventManager : Event: ======'unexpected_ball_on_playfield'====== Args={}
2026-04-17 20:55:32,817 : INFO : EventManager : Event: ======'playfield_active'====== Args={'source': 'ac_goal'}
2026-04-17 20:55:32,817 : INFO : EventManager : Event: ======'unexpected_ball_on_playfield'====== Args={}
2026-04-17 20:55:32,817 : INFO : EventManager : Event: ======'playfield_active'====== Args={'source': 'ac_auto_plunger'}
2026-04-17 20:55:32,817 : INFO : EventManager : Event: ======'unexpected_ball_on_playfield'====== Args={}
2026-04-17 20:55:32,837 : INFO : SwitchController : <<<<<<< 's_goal_right' active >>>>>>>
2026-04-17 20:55:32,837 : INFO : SwitchController : <<<<<<< 's_goal_center' active >>>>>>>
2026-04-17 20:55:32,984 : INFO : SwitchController : <<<<<<< 's_start_button' inactive >>>>>>>
2026-04-17 20:55:34,269 : INFO : SwitchController : <<<<<<< 's_right_flipper' active >>>>>>>
2026-04-17 20:55:34,421 : INFO : SwitchController : <<<<<<< 's_right_flipper' inactive >>>>>>>
2026-04-17 20:55:36,786 : INFO : SwitchController : <<<<<<< 's_left_flipper' active >>>>>>>
2026-04-17 20:55:36,830 : INFO : SwitchController : <<<<<<< 's_left_flipper_eos' inactive >>>>>>>
2026-04-17 20:55:36,913 : INFO : SwitchController : <<<<<<< 's_left_flipper' inactive >>>>>>>
2026-04-17 20:55:36,954 : INFO : SwitchController : <<<<<<< 's_left_flipper_eos' active >>>>>>>
2026-04-17 20:55:38,057 : INFO : SwitchController : <<<<<<< 's_right_flipper' active >>>>>>>
2026-04-17 20:55:38,195 : INFO : SwitchController : <<<<<<< 's_right_flipper' inactive >>>>>>>
2026-04-17 20:56:32,466 : INFO : SwitchController : <<<<<<< 's_goal_center' inactive >>>>>>>
2026-04-17 20:56:32,486 : INFO : SwitchController : <<<<<<< 's_goal_left' inactive >>>>>>>
2026-04-17 20:56:38,032 : INFO : SwitchController : <<<<<<< 's_start_button' active >>>>>>>
2026-04-17 20:56:38,032 : INFO : EventManager : Event: ======'playfield_active'====== Args={'source': 'ac_ball_trough'}
2026-04-17 20:56:38,032 : INFO : EventManager : Event: ======'unexpected_ball_on_playfield'====== Args={}
2026-04-17 20:56:38,032 : INFO : EventManager : Event: ======'playfield_active'====== Args={'source': 'ac_goal'}
2026-04-17 20:56:38,032 : INFO : EventManager : Event: ======'unexpected_ball_on_playfield'====== Args={}
2026-04-17 20:56:38,032 : INFO : EventManager : Event: ======'playfield_active'====== Args={'source': 'ac_auto_plunger'}
2026-04-17 20:56:38,032 : INFO : EventManager : Event: ======'unexpected_ball_on_playfield'====== Args={}
2026-04-17 20:56:38,052 : INFO : SwitchController : <<<<<<< 's_goal_center' active >>>>>>>
2026-04-17 20:56:38,053 : INFO : SwitchController : <<<<<<< 's_goal_left' active >>>>>>>
2026-04-17 20:56:38,145 : INFO : SwitchController : <<<<<<< 's_start_button' inactive >>>>>>>
2026-04-17 20:56:39,291 : INFO : SwitchController : <<<<<<< 's_start_button' active >>>>>>>
2026-04-17 20:56:39,292 : INFO : EventManager : Event: ======'playfield_active'====== Args={'source': 'ac_ball_trough'}
2026-04-17 20:56:39,292 : INFO : EventManager : Event: ======'unexpected_ball_on_playfield'====== Args={}
2026-04-17 20:56:39,292 : INFO : EventManager : Event: ======'playfield_active'====== Args={'source': 'ac_goal'}
2026-04-17 20:56:39,292 : INFO : EventManager : Event: ======'unexpected_ball_on_playfield'====== Args={}
2026-04-17 20:56:39,292 : INFO : EventManager : Event: ======'playfield_active'====== Args={'source': 'ac_auto_plunger'}
2026-04-17 20:56:39,292 : INFO : EventManager : Event: ======'unexpected_ball_on_playfield'====== Args={}
2026-04-17 20:56:39,434 : INFO : SwitchController : <<<<<<< 's_start_button' inactive >>>>>>>
2026-04-17 20:56:47,012 : INFO : SwitchController : <<<<<<< 's_goal_center' inactive >>>>>>>
2026-04-17 20:56:52,437 : INFO : SwitchController : <<<<<<< 's_goal_right' inactive >>>>>>>
2026-04-17 20:56:56,280 : INFO : SwitchController : <<<<<<< 's_start_button' active >>>>>>>
2026-04-17 20:56:56,280 : INFO : EventManager : Event: ======'playfield_active'====== Args={'source': 'ac_ball_trough'}
2026-04-17 20:56:56,280 : INFO : EventManager : Event: ======'unexpected_ball_on_playfield'====== Args={}
2026-04-17 20:56:56,280 : INFO : EventManager : Event: ======'playfield_active'====== Args={'source': 'ac_goal'}
2026-04-17 20:56:56,280 : INFO : EventManager : Event: ======'unexpected_ball_on_playfield'====== Args={}
2026-04-17 20:56:56,280 : INFO : EventManager : Event: ======'playfield_active'====== Args={'source': 'ac_auto_plunger'}
2026-04-17 20:56:56,280 : INFO : EventManager : Event: ======'unexpected_ball_on_playfield'====== Args={}
2026-04-17 20:56:56,299 : INFO : SwitchController : <<<<<<< 's_goal_right' active >>>>>>>
2026-04-17 20:56:56,299 : INFO : SwitchController : <<<<<<< 's_goal_center' active >>>>>>>
2026-04-17 20:56:56,426 : INFO : SwitchController : <<<<<<< 's_start_button' inactive >>>>>>>
2026-04-17 20:57:04,959 : INFO : SwitchController : <<<<<<< 's_goal_left' inactive >>>>>>>
2026-04-17 20:57:07,456 : INFO : SwitchController : <<<<<<< 's_goal_center' inactive >>>>>>>
2026-04-17 20:57:10,612 : INFO : SwitchController : <<<<<<< 's_start_button' active >>>>>>>
2026-04-17 20:57:10,613 : INFO : EventManager : Event: ======'playfield_active'====== Args={'source': 'ac_ball_trough'}
2026-04-17 20:57:10,613 : INFO : EventManager : Event: ======'unexpected_ball_on_playfield'====== Args={}
2026-04-17 20:57:10,613 : INFO : EventManager : Event: ======'playfield_active'====== Args={'source': 'ac_goal'}
2026-04-17 20:57:10,613 : INFO : EventManager : Event: ======'unexpected_ball_on_playfield'====== Args={}
2026-04-17 20:57:10,613 : INFO : EventManager : Event: ======'playfield_active'====== Args={'source': 'ac_auto_plunger'}
2026-04-17 20:57:10,613 : INFO : EventManager : Event: ======'unexpected_ball_on_playfield'====== Args={}
2026-04-17 20:57:10,631 : INFO : SwitchController : <<<<<<< 's_goal_center' active >>>>>>>
2026-04-17 20:57:10,633 : INFO : SwitchController : <<<<<<< 's_goal_left' active >>>>>>>
2026-04-17 20:57:10,708 : INFO : SwitchController : <<<<<<< 's_start_button' inactive >>>>>>>
2026-04-17 20:57:12,070 : INFO : SwitchController : <<<<<<< 's_start_button' active >>>>>>>
2026-04-17 20:57:12,071 : INFO : EventManager : Event: ======'playfield_active'====== Args={'source': 'ac_ball_trough'}
2026-04-17 20:57:12,071 : INFO : EventManager : Event: ======'unexpected_ball_on_playfield'====== Args={}
2026-04-17 20:57:12,071 : INFO : EventManager : Event: ======'playfield_active'====== Args={'source': 'ac_goal'}
2026-04-17 20:57:12,071 : INFO : EventManager : Event: ======'unexpected_ball_on_playfield'====== Args={}
2026-04-17 20:57:12,071 : INFO : EventManager : Event: ======'playfield_active'====== Args={'source': 'ac_auto_plunger'}
2026-04-17 20:57:12,071 : INFO : EventManager : Event: ======'unexpected_ball_on_playfield'====== Args={}
2026-04-17 20:57:12,219 : INFO : SwitchController : <<<<<<< 's_start_button' inactive >>>>>>>
2026-04-17 20:57:13,068 : INFO : SwitchController : <<<<<<< 's_start_button' active >>>>>>>
2026-04-17 20:57:13,069 : INFO : EventManager : Event: ======'playfield_active'====== Args={'source': 'ac_ball_trough'}
2026-04-17 20:57:13,069 : INFO : EventManager : Event: ======'unexpected_ball_on_playfield'====== Args={}
2026-04-17 20:57:13,069 : INFO : EventManager : Event: ======'playfield_active'====== Args={'source': 'ac_goal'}
2026-04-17 20:57:13,069 : INFO : EventManager : Event: ======'unexpected_ball_on_playfield'====== Args={}
2026-04-17 20:57:13,069 : INFO : EventManager : Event: ======'playfield_active'====== Args={'source': 'ac_auto_plunger'}
2026-04-17 20:57:13,069 : INFO : EventManager : Event: ======'unexpected_ball_on_playfield'====== Args={}
2026-04-17 20:57:13,204 : INFO : SwitchController : <<<<<<< 's_start_button' inactive >>>>>>>
2026-04-17 20:57:19,347 : INFO : SwitchController : <<<<<<< 's_goal_right' inactive >>>>>>>
2026-04-17 20:57:21,865 : INFO : SwitchController : <<<<<<< 's_goal_center' inactive >>>>>>>
2026-04-17 20:57:25,697 : INFO : SwitchController : <<<<<<< 's_start_button' active >>>>>>>
2026-04-17 20:57:25,697 : INFO : EventManager : Event: ======'playfield_active'====== Args={'source': 'ac_ball_trough'}
2026-04-17 20:57:25,697 : INFO : EventManager : Event: ======'unexpected_ball_on_playfield'====== Args={}
2026-04-17 20:57:25,697 : INFO : EventManager : Event: ======'playfield_active'====== Args={'source': 'ac_goal'}
2026-04-17 20:57:25,698 : INFO : EventManager : Event: ======'unexpected_ball_on_playfield'====== Args={}
2026-04-17 20:57:25,698 : INFO : EventManager : Event: ======'playfield_active'====== Args={'source': 'ac_auto_plunger'}
2026-04-17 20:57:25,698 : INFO : EventManager : Event: ======'unexpected_ball_on_playfield'====== Args={}
2026-04-17 20:57:25,717 : INFO : SwitchController : <<<<<<< 's_goal_right' active >>>>>>>
2026-04-17 20:57:25,718 : INFO : SwitchController : <<<<<<< 's_goal_center' active >>>>>>>
2026-04-17 20:57:25,849 : INFO : SwitchController : <<<<<<< 's_start_button' inactive >>>>>>>
2026-04-17 20:57:27,248 : INFO : SwitchController : <<<<<<< 's_start_button' active >>>>>>>
2026-04-17 20:57:27,248 : INFO : EventManager : Event: ======'playfield_active'====== Args={'source': 'ac_ball_trough'}
2026-04-17 20:57:27,248 : INFO : EventManager : Event: ======'unexpected_ball_on_playfield'====== Args={}
2026-04-17 20:57:27,248 : INFO : EventManager : Event: ======'playfield_active'====== Args={'source': 'ac_goal'}
2026-04-17 20:57:27,248 : INFO : EventManager : Event: ======'unexpected_ball_on_playfield'====== Args={}
2026-04-17 20:57:27,248 : INFO : EventManager : Event: ======'playfield_active'====== Args={'source': 'ac_auto_plunger'}
2026-04-17 20:57:27,248 : INFO : EventManager : Event: ======'unexpected_ball_on_playfield'====== Args={}
2026-04-17 20:57:27,400 : INFO : SwitchController : <<<<<<< 's_start_button' inactive >>>>>>>
2026-04-17 20:57:29,649 : INFO : SwitchController : <<<<<<< 's_start_button' active >>>>>>>
2026-04-17 20:57:29,649 : INFO : EventManager : Event: ======'playfield_active'====== Args={'source': 'ac_ball_trough'}
2026-04-17 20:57:29,649 : INFO : EventManager : Event: ======'unexpected_ball_on_playfield'====== Args={}
2026-04-17 20:57:29,649 : INFO : EventManager : Event: ======'playfield_active'====== Args={'source': 'ac_goal'}
2026-04-17 20:57:29,649 : INFO : EventManager : Event: ======'unexpected_ball_on_playfield'====== Args={}
2026-04-17 20:57:29,649 : INFO : EventManager : Event: ======'playfield_active'====== Args={'source': 'ac_auto_plunger'}
2026-04-17 20:57:29,649 : INFO : EventManager : Event: ======'unexpected_ball_on_playfield'====== Args={}
2026-04-17 20:57:29,987 : INFO : SwitchController : <<<<<<< 's_start_button' inactive >>>>>>>
2026-04-17 20:57:37,279 : INFO : SwitchController : <<<<<<< 's_start_button' active >>>>>>>
2026-04-17 20:57:37,279 : INFO : EventManager : Event: ======'playfield_active'====== Args={'source': 'ac_ball_trough'}
2026-04-17 20:57:37,279 : INFO : EventManager : Event: ======'unexpected_ball_on_playfield'====== Args={}
2026-04-17 20:57:37,279 : INFO : EventManager : Event: ======'playfield_active'====== Args={'source': 'ac_goal'}
2026-04-17 20:57:37,279 : INFO : EventManager : Event: ======'unexpected_ball_on_playfield'====== Args={}
2026-04-17 20:57:37,279 : INFO : EventManager : Event: ======'playfield_active'====== Args={'source': 'ac_auto_plunger'}
2026-04-17 20:57:37,279 : INFO : EventManager : Event: ======'unexpected_ball_on_playfield'====== Args={}
2026-04-17 20:57:37,675 : INFO : SwitchController : <<<<<<< 's_start_button' inactive >>>>>>>
2026-04-17 20:57:39,039 : INFO : SwitchController : <<<<<<< 's_start_button' active >>>>>>>
2026-04-17 20:57:39,039 : INFO : EventManager : Event: ======'playfield_active'====== Args={'source': 'ac_ball_trough'}
2026-04-17 20:57:39,039 : INFO : EventManager : Event: ======'unexpected_ball_on_playfield'====== Args={}
2026-04-17 20:57:39,039 : INFO : EventManager : Event: ======'playfield_active'====== Args={'source': 'ac_goal'}
2026-04-17 20:57:39,040 : INFO : EventManager : Event: ======'unexpected_ball_on_playfield'====== Args={}
2026-04-17 20:57:39,040 : INFO : EventManager : Event: ======'playfield_active'====== Args={'source': 'ac_auto_plunger'}
2026-04-17 20:57:39,040 : INFO : EventManager : Event: ======'unexpected_ball_on_playfield'====== Args={}
2026-04-17 20:57:39,529 : INFO : SwitchController : <<<<<<< 's_start_button' inactive >>>>>>>
2026-04-17 20:57:39,857 : INFO : SwitchController : <<<<<<< 's_start_button' active >>>>>>>
2026-04-17 20:57:39,857 : INFO : EventManager : Event: ======'playfield_active'====== Args={'source': 'ac_ball_trough'}
2026-04-17 20:57:39,857 : INFO : EventManager : Event: ======'unexpected_ball_on_playfield'====== Args={}
2026-04-17 20:57:39,857 : INFO : EventManager : Event: ======'playfield_active'====== Args={'source': 'ac_goal'}
2026-04-17 20:57:39,857 : INFO : EventManager : Event: ======'unexpected_ball_on_playfield'====== Args={}
2026-04-17 20:57:39,857 : INFO : EventManager : Event: ======'playfield_active'====== Args={'source': 'ac_auto_plunger'}
2026-04-17 20:57:39,857 : INFO : EventManager : Event: ======'unexpected_ball_on_playfield'====== Args={}
2026-04-17 20:57:40,383 : INFO : SwitchController : <<<<<<< 's_start_button' inactive >>>>>>>
2026-04-17 20:57:42,134 : INFO : SwitchController : <<<<<<< 's_start_button' active >>>>>>>
2026-04-17 20:57:42,134 : INFO : EventManager : Event: ======'playfield_active'====== Args={'source': 'ac_ball_trough'}
2026-04-17 20:57:42,134 : INFO : EventManager : Event: ======'unexpected_ball_on_playfield'====== Args={}
2026-04-17 20:57:42,134 : INFO : EventManager : Event: ======'playfield_active'====== Args={'source': 'ac_goal'}
2026-04-17 20:57:42,134 : INFO : EventManager : Event: ======'unexpected_ball_on_playfield'====== Args={}
2026-04-17 20:57:42,134 : INFO : EventManager : Event: ======'playfield_active'====== Args={'source': 'ac_auto_plunger'}
2026-04-17 20:57:42,134 : INFO : EventManager : Event: ======'unexpected_ball_on_playfield'====== Args={}
2026-04-17 20:57:42,610 : INFO : SwitchController : <<<<<<< 's_start_button' inactive >>>>>>>
2026-04-17 20:57:54,896 : INFO : Machine : Shutting down...
2026-04-17 20:57:54,896 : INFO : EventManager : Event: ======'shutdown'====== Args={}
2026-04-17 20:57:54,905 : INFO : SwitchController : <<<<<<< 's_right_flipper_eos' active >>>>>>>
2026-04-17 20:57:54,999 : INFO : root : MPF run loop ended.
